Component: Arm Compiler for Embedded 6.23 Tool: armlink [5f102400]

==============================================================================

Section Cross References

    startup_stm32c071xx.o(RESET) refers to startup_stm32c071xx.o(STACK) for __initial_sp
    startup_stm32c071xx.o(RESET) refers to startup_stm32c071xx.o(.text) for Reset_Handler
    startup_stm32c071xx.o(RESET) refers to stm32c0xx_it.o(.text.NMI_Handler) for NMI_Handler
    startup_stm32c071xx.o(RESET) refers to stm32c0xx_it.o(.text.HardFault_Handler) for HardFault_Handler
    startup_stm32c071xx.o(RESET) refers to stm32c0xx_it.o(.text.SVC_Handler) for SVC_Handler
    startup_stm32c071xx.o(RESET) refers to stm32c0xx_it.o(.text.PendSV_Handler) for PendSV_Handler
    startup_stm32c071xx.o(RESET) refers to stm32c0xx_it.o(.text.SysTick_Handler) for SysTick_Handler
    startup_stm32c071xx.o(RESET) refers to stm32c0xx_it.o(.text.EXTI4_15_IRQHandler) for EXTI4_15_IRQHandler
    startup_stm32c071xx.o(RESET) refers to stm32c0xx_it.o(.text.DMA1_Channel1_IRQHandler) for DMA1_Channel1_IRQHandler
    startup_stm32c071xx.o(RESET) refers to stm32c0xx_it.o(.text.DMA1_Channel2_3_IRQHandler) for DMA1_Channel2_3_IRQHandler
    startup_stm32c071xx.o(RESET) refers to stm32c0xx_it.o(.text.DMAMUX1_DMA1_CH4_5_IRQHandler) for DMAMUX1_DMA1_CH4_5_IRQHandler
    startup_stm32c071xx.o(RESET) refers to stm32c0xx_it.o(.text.TIM14_IRQHandler) for TIM14_IRQHandler
    startup_stm32c071xx.o(RESET) refers to stm32c0xx_it.o(.text.USART1_IRQHandler) for USART1_IRQHandler
    startup_stm32c071xx.o(RESET) refers to stm32c0xx_it.o(.text.USART2_IRQHandler) for USART2_IRQHandler
    startup_stm32c071xx.o(.text) refers to system_stm32c0xx.o(.text.SystemInit) for SystemInit
    startup_stm32c071xx.o(.text) refers to entry.o(.ARM.Collect$$$$00000000) for __main
    main.o(.text.main) refers to stm32c0xx_hal.o(.text.HAL_Init) for HAL_Init
    main.o(.text.main) refers to stm32c0xx_hal_rcc.o(.text.HAL_RCC_OscConfig) for HAL_RCC_OscConfig
    main.o(.text.main) refers to stm32c0xx_hal_rcc.o(.text.HAL_RCC_ClockConfig) for HAL_RCC_ClockConfig
    main.o(.text.main) refers to gpio.o(.text.MX_GPIO_Init) for MX_GPIO_Init
    main.o(.text.main) refers to dma.o(.text.MX_DMA_Init) for MX_DMA_Init
    main.o(.text.main) refers to adc.o(.text.MX_ADC1_Init) for MX_ADC1_Init
    main.o(.text.main) refers to crc.o(.text.MX_CRC_Init) for MX_CRC_Init
    main.o(.text.main) refers to i2c.o(.text.MX_I2C1_Init) for MX_I2C1_Init
    main.o(.text.main) refers to rtc.o(.text.MX_RTC_Init) for MX_RTC_Init
    main.o(.text.main) refers to tim.o(.text.MX_TIM16_Init) for MX_TIM16_Init
    main.o(.text.main) refers to tim.o(.text.MX_TIM17_Init) for MX_TIM17_Init
    main.o(.text.main) refers to usart.o(.text.MX_USART1_UART_Init) for MX_USART1_UART_Init
    main.o(.text.main) refers to usart.o(.text.MX_USART2_UART_Init) for MX_USART2_UART_Init
    main.o(.text.main) refers to usb.o(.text.MX_USB_PCD_Init) for MX_USB_PCD_Init
    main.o(.text.main) refers to tim.o(.text.MX_TIM2_Init) for MX_TIM2_Init
    main.o(.text.main) refers to tim.o(.text.MX_TIM14_Init) for MX_TIM14_Init
    main.o(.text.main) refers to retarget.o(.text.Retarget_Init) for Retarget_Init
    main.o(.text.main) refers to app_manager.o(.text.App_Manager_Init) for App_Manager_Init
    main.o(.text.main) refers to stm32c0xx_hal_tim.o(.text.HAL_TIM_Base_Start_IT) for HAL_TIM_Base_Start_IT
    main.o(.text.main) refers to app_manager.o(.text.App_Manager_Process) for App_Manager_Process
    main.o(.text.main) refers to usart.o(.bss.huart1) for huart1
    main.o(.text.main) refers to usart.o(.bss.huart2) for huart2
    main.o(.text.main) refers to tim.o(.bss.htim14) for htim14
    main.o(.ARM.exidx.text.main) refers to main.o(.text.main) for [Anonymous Symbol]
    main.o(.text.SystemClock_Config) refers to stm32c0xx_hal_rcc.o(.text.HAL_RCC_OscConfig) for HAL_RCC_OscConfig
    main.o(.text.SystemClock_Config) refers to stm32c0xx_hal_rcc.o(.text.HAL_RCC_ClockConfig) for HAL_RCC_ClockConfig
    main.o(.ARM.exidx.text.SystemClock_Config) refers to main.o(.text.SystemClock_Config) for [Anonymous Symbol]
    main.o(.ARM.exidx.text.Error_Handler) refers to main.o(.text.Error_Handler) for [Anonymous Symbol]
    gpio.o(.text.MX_GPIO_Init) refers to stm32c0xx_hal_gpio.o(.text.HAL_GPIO_WritePin) for HAL_GPIO_WritePin
    gpio.o(.text.MX_GPIO_Init) refers to stm32c0xx_hal_gpio.o(.text.HAL_GPIO_Init) for HAL_GPIO_Init
    gpio.o(.text.MX_GPIO_Init) refers to stm32c0xx_hal_cortex.o(.text.HAL_NVIC_SetPriority) for HAL_NVIC_SetPriority
    gpio.o(.text.MX_GPIO_Init) refers to stm32c0xx_hal_cortex.o(.text.HAL_NVIC_EnableIRQ) for HAL_NVIC_EnableIRQ
    gpio.o(.ARM.exidx.text.MX_GPIO_Init) refers to gpio.o(.text.MX_GPIO_Init) for [Anonymous Symbol]
    adc.o(.text.MX_ADC1_Init) refers to stm32c0xx_hal_adc.o(.text.HAL_ADC_Init) for HAL_ADC_Init
    adc.o(.text.MX_ADC1_Init) refers to main.o(.text.Error_Handler) for Error_Handler
[...]
    ADC1_IRQHandler                          0x080000e7   Thumb Code     0  startup_stm32c071xx.o(.text)
    EXTI0_1_IRQHandler                       0x080000e7   Thumb Code     0  startup_stm32c071xx.o(.text)
    EXTI2_3_IRQHandler                       0x080000e7   Thumb Code     0  startup_stm32c071xx.o(.text)
    FLASH_IRQHandler                         0x080000e7   Thumb Code     0  startup_stm32c071xx.o(.text)
    I2C1_IRQHandler                          0x080000e7   Thumb Code     0  startup_stm32c071xx.o(.text)
    I2C2_IRQHandler                          0x080000e7   Thumb Code     0  startup_stm32c071xx.o(.text)
    PVD_VDDIO2_IRQHandler                    0x080000e7   Thumb Code     0  startup_stm32c071xx.o(.text)
    RCC_CRS_IRQHandler                       0x080000e7   Thumb Code     0  startup_stm32c071xx.o(.text)
    RTC_IRQHandler                           0x080000e7   Thumb Code     0  startup_stm32c071xx.o(.text)
    SPI1_IRQHandler                          0x080000e7   Thumb Code     0  startup_stm32c071xx.o(.text)
    SPI2_IRQHandler                          0x080000e7   Thumb Code     0  startup_stm32c071xx.o(.text)
    TIM16_IRQHandler                         0x080000e7   Thumb Code     0  startup_stm32c071xx.o(.text)
    TIM17_IRQHandler                         0x080000e7   Thumb Code     0  startup_stm32c071xx.o(.text)
    TIM1_BRK_UP_TRG_COM_IRQHandler           0x080000e7   Thumb Code     0  startup_stm32c071xx.o(.text)
    TIM1_CC_IRQHandler                       0x080000e7   Thumb Code     0  startup_stm32c071xx.o(.text)
    TIM2_IRQHandler                          0x080000e7   Thumb Code     0  startup_stm32c071xx.o(.text)
    TIM3_IRQHandler                          0x080000e7   Thumb Code     0  startup_stm32c071xx.o(.text)
    USB_DRD_FS_IRQHandler                    0x080000e7   Thumb Code     0  startup_stm32c071xx.o(.text)
    WWDG_IRQHandler                          0x080000e7   Thumb Code     0  startup_stm32c071xx.o(.text)
    __rt_ctype_table                         0x080000f1   Thumb Code     4  ctype_o.o(.text)
    isspace                                  0x080000f9   Thumb Code    18  isspace_o.o(.text)
    toupper                                  0x0800010b   Thumb Code    12  toupper.o(.text)
    __aeabi_memcpy                           0x08000117   Thumb Code    36  memcpya.o(.text)
    __aeabi_memcpy4                          0x08000117   Thumb Code     0  memcpya.o(.text)
    __aeabi_memcpy8                          0x08000117   Thumb Code     0  memcpya.o(.text)
    __aeabi_memset                           0x0800013b   Thumb Code    14  memseta.o(.text)
    __aeabi_memset4                          0x0800013b   Thumb Code     0  memseta.o(.text)
    __aeabi_memset8                          0x0800013b   Thumb Code     0  memseta.o(.text)
    __aeabi_memclr                           0x08000149   Thumb Code     4  memseta.o(.text)
    __aeabi_memclr4                          0x08000149   Thumb Code     0  memseta.o(.text)
    __aeabi_memclr8                          0x08000149   Thumb Code     0  memseta.o(.text)
    _memset$wrapper                          0x0800014d   Thumb Code    18  memseta.o(.text)
    strncpy                                  0x0800015f   Thumb Code    26  strncpy.o(.text)
    strchr                                   0x08000179   Thumb Code    20  strchr.o(.text)
    strlen                                   0x0800018d   Thumb Code    14  strlen.o(.text)
    strcmp                                   0x0800019b   Thumb Code    28  strcmp.o(.text)
    strcpy                                   0x080001b7   Thumb Code    18  strcpy.o(.text)
    strcasecmp                               0x080001c9   Thumb Code    38  strcasecmp.o(.text)
    __0sscanf                                0x080001f1   Thumb Code    50  __0sscanf.o(.text)
    _scanf_int                               0x0800022d   Thumb Code   330  _scanf_int.o(.text)
    strtol                                   0x08000379   Thumb Code   108  strtol.o(.text)
    atoi                                     0x080003e9   Thumb Code    26  atoi.o(.text)
    atol                                     0x08000403   Thumb Code    26  atol.o(.text)
    __aeabi_fadd                             0x0800041d   Thumb Code   162  fadd.o(.text)
    __aeabi_fsub                             0x080004bf   Thumb Code     8  fadd.o(.text)
    __aeabi_frsub                            0x080004c7   Thumb Code     8  fadd.o(.text)
    __aeabi_fmul                             0x080004cf   Thumb Code   122  fmul.o(.text)
    __aeabi_fdiv                             0x08000549   Thumb Code   124  fdiv.o(.text)
    __aeabi_dmul                             0x080005c5   Thumb Code   202  dmul.o(.text)
    __aeabi_ddiv                             0x08000695   Thumb Code   234  ddiv.o(.text)
    __aeabi_fcmple                           0x08000785   Thumb Code    28  fcmple.o(.text)
    __aeabi_fcmplt                           0x080007a1   Thumb Code    28  fcmplt.o(.text)
    __aeabi_fcmpge                           0x080007bd   Thumb Code    28  fcmpge.o(.text)
    __aeabi_fcmpgt                           0x080007d9   Thumb Code    28  fcmpgt.o(.text)
    __aeabi_i2f                              0x080007f5   Thumb Code    22  fflti.o(.text)
    __aeabi_ui2f                             0x0800080b   Thumb Code    14  ffltui.o(.text)
    __aeabi_i2d                              0x08000819   Thumb Code    34  dflti.o(.text)
    __aeabi_f2iz                             0x08000841   Thumb Code    50  ffixi.o(.text)
    __aeabi_f2d                              0x08000873   Thumb Code    40  f2d.o(.text)
    __aeabi_uidiv                            0x0800089b   Thumb Code     0  uidiv_div0.o(.text)
    __aeabi_uidivmod                         0x0800089b   Thumb Code    62  uidiv_div0.o(.text)
    __aeabi_uldivmod                         0x080008d9   Thumb Code    96  uldiv.o(.text)
    __aeabi_llsl                             0x08000939   Thumb Code    32  llshl.o(.text)
    _ll_shift_l                              0x08000939   Thumb Code     0  llshl.o(.text)
    tolower                                  0x08000959   Thumb Code    12  tolower.o(.text)
    _chval                                   0x08000965   Thumb Code    30  _chval.o(.text)
    __vfscanf_char                           0x08000991   Thumb Code    24  scanf_char.o(.text)
    _sgetc                                   0x080009b1   Thumb Code    32  _sgetc.o(.text)
    _sbackspace                              0x080009d1   Thumb Code    36  _sgetc.o(.text)
    _strtoul                                 0x080009f5   Thumb Code   166  _strtoul.o(.text)
    __I$use$fp                               0x08000a9b   Thumb Code     0  iusefp.o(.text)
    _float_round                             0x08000a9b   Thumb Code    16  fepilogue.o(.text)
    _float_epilogue                          0x08000aab   Thumb Code   114  fepilogue.o(.text)
    _double_round                            0x08000b1d   Thumb Code    26  depilogue.o(.text)
    _double_epilogue                         0x08000b37   Thumb Code   164  depilogue.o(.text)
    __aeabi_dadd                             0x08000bdd   Thumb Code   328  dadd.o(.text)
    __aeabi_dsub                             0x08000d25   Thumb Code    12  dadd.o(.text)
    __aeabi_drsub                            0x08000d31   Thumb Code    12  dadd.o(.text)
    __aeabi_d2ulz                            0x08000d41   Thumb Code    54  dfixul.o(.text)
    __aeabi_cdrcmple                         0x08000d81   Thumb Code    38  cdrcmple.o(.text)
    __scatterload                            0x08000da9   Thumb Code    38  init.o(.text)
    __scatterload_rt2                        0x08000da9   Thumb Code     0  init.o(.text)
    __aeabi_llsr                             0x08000dd9   Thumb Code    34  llushr.o(.text)
    _ll_ushift_r                             0x08000dd9   Thumb Code     0  llushr.o(.text)
    __aeabi_lasr                             0x08000dfb   Thumb Code    38  llsshr.o(.text)
    _ll_sshift_r                             0x08000dfb   Thumb Code     0  llsshr.o(.text)
    __vfscanf                                0x08000e21   Thumb Code   812  _scanf.o(.text)
    ADC_Enable                               0x08001159   Thumb Code   196  stm32c0xx_hal_adc.o(.text.ADC_Enable)
    ADS1232_ConvertToGrams                   0x0800122d   Thumb Code   332  ads1232_driver.o(.text.ADS1232_ConvertToGrams)
    ADS1232_Init                             0x08001379   Thumb Code    44  ads1232_driver.o(.text.ADS1232_Init)
    ADS1232_Read                             0x080013b1   Thumb Code   280  ads1232_driver.o(.text.ADS1232_Read)
    ADS1232_Read_Median_of_3                 0x080014cd   Thumb Code    66  ads1232_driver.o(.text.ADS1232_Read_Median_of_3)
    ADS1232_Tare                             0x08001511   Thumb Code  1120  ads1232_driver.o(.text.ADS1232_Tare)
    App_Manager_GetFreqData                  0x080019fd   Thumb Code    16  app_manager.o(.text.App_Manager_GetFreqData)
    App_Manager_GetScaleData                 0x08001a0d   Thumb Code    20  app_manager.o(.text.App_Manager_GetScaleData)
    App_Manager_GetTemperature               0x08001a21   Thumb Code     8  app_manager.o(.text.App_Manager_GetTemperature)
    App_Manager_Init                         0x08001a29   Thumb Code   156  app_manager.o(.text.App_Manager_Init)
    App_Manager_Process                      0x08001b8d   Thumb Code   356  app_manager.o(.text.App_Manager_Process)
    CLI_HandleError                          0x08001e69   Thumb Code    36  cli_driver.o(.text.CLI_HandleError)
    CLI_HandleRxCplt                         0x08001e8d   Thumb Code   552  cli_driver.o(.text.CLI_HandleRxCplt)
    CLI_HandleTxCplt                         0x080020b5   Thumb Code     8  cli_driver.o(.text.CLI_HandleTxCplt)
    CLI_Init                                 0x080020bd   Thumb Code    28  cli_driver.o(.text.CLI_Init)
    CLI_Printf_Transmit                      0x0800210d   Thumb Code    84  cli_driver.o(.text.CLI_Printf_Transmit)
    CLI_Process                              0x0800216d   Thumb Code   284  cli_driver.o(.text.CLI_Process)
    CLI_TX_Pump                              0x080022d5   Thumb Code   140  cli_driver.o(.text.CLI_TX_Pump)
    Controller_DwinCallback                  0x08002615   Thumb Code   268  controller.o(.text.Controller_DwinCallback)
    Controller_GetCurrentScreen              0x080027dd   Thumb Code     8  controller.o(.text.Controller_GetCurrentScreen)
    DMA1_Channel1_IRQHandler                 0x080027e9   Thumb Code    12  stm32c0xx_it.o(.text.DMA1_Channel1_IRQHandler)
    DMA1_Channel2_3_IRQHandler               0x080027f9   Thumb Code    16  stm32c0xx_it.o(.text.DMA1_Channel2_3_IRQHandler)
    DMAMUX1_DMA1_CH4_5_IRQHandler            0x08002811   Thumb Code    12  stm32c0xx_it.o(.text.DMAMUX1_DMA1_CH4_5_IRQHandler)
    DWIN_Driver_HandleError                  0x08002821   Thumb Code    24  dwin_driver.o(.text.DWIN_Driver_HandleError)
    DWIN_Driver_HandleRxEvent                0x08002839   Thumb Code    32  dwin_driver.o(.text.DWIN_Driver_HandleRxEvent)
    DWIN_Driver_HandleTxCplt                 0x0800285d   Thumb Code     8  dwin_driver.o(.text.DWIN_Driver_HandleTxCplt)
    DWIN_Driver_Init                         0x08002865   Thumb Code    60  dwin_driver.o(.text.DWIN_Driver_Init)
    DWIN_Driver_IsTxBusy                     0x080028a1   Thumb Code    24  dwin_driver.o(.text.DWIN_Driver_IsTxBusy)
    DWIN_Driver_Process                      0x080028b9   Thumb Code   440  dwin_driver.o(.text.DWIN_Driver_Process)
    DWIN_Driver_SetScreen                    0x08002af5   Thumb Code   216  dwin_driver.o(.text.DWIN_Driver_SetScreen)
    DWIN_Driver_WriteInt                     0x08002bd1   Thumb Code   196  dwin_driver.o(.text.DWIN_Driver_WriteInt)
    DWIN_Driver_WriteInt32                   0x08002c99   Thumb Code   228  dwin_driver.o(.text.DWIN_Driver_WriteInt32)
    DWIN_Driver_WriteRawBytes                0x08002d7d   Thumb Code   252  dwin_driver.o(.text.DWIN_Driver_WriteRawBytes)
    DWIN_Driver_WriteString                  0x08002e81   Thumb Code   380  dwin_driver.o(.text.DWIN_Driver_WriteString)
    DWIN_TX_Pump                             0x08003001   Thumb Code   136  dwin_driver.o(.text.DWIN_TX_Pump)
    Drv_ADS1232_DRDY_Callback                0x08003095   Thumb Code     8  ads1232_driver.o(.text.Drv_ADS1232_DRDY_Callback)
    EEPROM_Driver_Init                       0x080030a1   Thumb Code    16  eeprom_driver.o(.text.EEPROM_Driver_Init)
    EEPROM_Driver_IsBusy                     0x080030b1   Thumb Code    12  eeprom_driver.o(.text.EEPROM_Driver_IsBusy)
    EEPROM_Driver_Read_Blocking              0x080030bd   Thumb Code    84  eeprom_driver.o(.text.EEPROM_Driver_Read_Blocking)
    EEPROM_Driver_Write_Async_Poll           0x08003141   Thumb Code   212  eeprom_driver.o(.text.EEPROM_Driver_Write_Async_Poll)
    EEPROM_Driver_Write_Async_Start          0x0800327d   Thumb Code   100  eeprom_driver.o(.text.EEPROM_Driver_Write_Async_Start)
    EXTI4_15_IRQHandler                      0x080032e5   Thumb Code    10  stm32c0xx_it.o(.text.EXTI4_15_IRQHandler)
    Error_Handler                            0x080032ef   Thumb Code     4  main.o(.text.Error_Handler)
    Frequency_Get_Pulse_Count                0x080032f5   Thumb Code     8  pcb_frequency.o(.text.Frequency_Get_Pulse_Count)
    Frequency_Init                           0x080032fd   Thumb Code    12  pcb_frequency.o(.text.Frequency_Init)
    Frequency_Reset                          0x08003309   Thumb Code    12  pcb_frequency.o(.text.Frequency_Reset)
    Gerenciador_Config_Get_Cal_A             0x08003319   Thumb Code    36  gerenciador_configuracoes.o(.text.Gerenciador_Config_Get_Cal_A)
    Gerenciador_Config_Get_Dados_Grao        0x0800333d   Thumb Code    52  gerenciador_configuracoes.o(.text.Gerenciador_Config_Get_Dados_Grao)
    Gerenciador_Config_Get_Grao_Ativo        0x08003371   Thumb Code    24  gerenciador_configuracoes.o(.text.Gerenciador_Config_Get_Grao_Ativo)
    Gerenciador_Config_Get_Num_Graos         0x08003389   Thumb Code     4  gerenciador_configuracoes.o(.text.Gerenciador_Config_Get_Num_Graos)
    Gerenciador_Config_Get_Senha             0x0800338d   Thumb Code    36  gerenciador_configuracoes.o(.text.Gerenciador_Config_Get_Senha)
    Gerenciador_Config_Init                  0x080033b1   Thumb Code    16  gerenciador_configuracoes.o(.text.Gerenciador_Config_Init)
    Gerenciador_Config_Run_FSM               0x080033c1   Thumb Code   240  gerenciador_configuracoes.o(.text.Gerenciador_Config_Run_FSM)
    Gerenciador_Config_Set_Grao_Ativo        0x08003539   Thumb Code    28  gerenciador_configuracoes.o(.text.Gerenciador_Config_Set_Grao_Ativo)
    Gerenciador_Config_Set_Senha             0x08003555   Thumb Code    40  gerenciador_configuracoes.o(.text.Gerenciador_Config_Set_Senha)
    Gerenciador_Config_Validar_e_Restaurar   0x08003585   Thumb Code   784  gerenciador_configuracoes.o(.text.Gerenciador_Config_Validar_e_Restaurar)
    HAL_ADC_ConfigChannel                    0x08003941   Thumb Code   664  stm32c0xx_hal_adc.o(.text.HAL_ADC_ConfigChannel)
    HAL_ADC_GetValue                         0x08003bf9   Thumb Code     6  stm32c0xx_hal_adc.o(.text.HAL_ADC_GetValue)
    HAL_ADC_Init                             0x08003c01   Thumb Code   564  stm32c0xx_hal_adc.o(.text.HAL_ADC_Init)
    HAL_ADC_MspInit                          0x08003e4d   Thumb Code    76  adc.o(.text.HAL_ADC_MspInit)
    HAL_ADC_PollForConversion                0x08003ea1   Thumb Code   230  stm32c0xx_hal_adc.o(.text.HAL_ADC_PollForConversion)
    HAL_ADC_Start                            0x08003f89   Thumb Code    92  stm32c0xx_hal_adc.o(.text.HAL_ADC_Start)
    HAL_ADC_Stop                             0x08003fe9   Thumb Code   180  stm32c0xx_hal_adc.o(.text.HAL_ADC_Stop)
    HAL_CRCEx_Polynomial_Set                 0x080040a1   Thumb Code    80  stm32c0xx_hal_crc_ex.o(.text.HAL_CRCEx_Polynomial_Set)
    HAL_CRC_Calculate                        0x080040fd   Thumb Code   588  stm32c0xx_hal_crc.o(.text.HAL_CRC_Calculate)
    HAL_CRC_Init                             0x08004349   Thumb Code   120  stm32c0xx_hal_crc.o(.text.HAL_CRC_Init)
    HAL_CRC_MspInit                          0x080043c5   Thumb Code    40  crc.o(.text.HAL_CRC_MspInit)
    HAL_DMA_Abort                            0x080043f5   Thumb Code   112  stm32c0xx_hal_dma.o(.text.HAL_DMA_Abort)
    HAL_DMA_Abort_IT                         0x08004465   Thumb Code   116  stm32c0xx_hal_dma.o(.text.HAL_DMA_Abort_IT)
    HAL_DMA_GetState                         0x080044dd   Thumb Code     6  stm32c0xx_hal_dma.o(.text.HAL_DMA_GetState)
    HAL_DMA_IRQHandler                       0x080044e5   Thumb Code   228  stm32c0xx_hal_dma.o(.text.HAL_DMA_IRQHandler)
    HAL_DMA_Init                             0x080045c9   Thumb Code   236  stm32c0xx_hal_dma.o(.text.HAL_DMA_Init)
    HAL_DMA_Start_IT                         0x080046c9   Thumb Code   200  stm32c0xx_hal_dma.o(.text.HAL_DMA_Start_IT)
    HAL_Delay                                0x08004795   Thumb Code    32  stm32c0xx_hal.o(.text.HAL_Delay)
    HAL_GPIO_EXTI_Falling_Callback           0x080047b9   Thumb Code    12  stm32c0xx_it.o(.text.HAL_GPIO_EXTI_Falling_Callback)
    HAL_GPIO_EXTI_IRQHandler                 0x080047c5   Thumb Code    36  stm32c0xx_hal_gpio.o(.text.HAL_GPIO_EXTI_IRQHandler)
    HAL_GPIO_EXTI_Rising_Callback            0x080047ed   Thumb Code     2  stm32c0xx_hal_gpio.o(.text.HAL_GPIO_EXTI_Rising_Callback)
    HAL_GPIO_Init                            0x080047f1   Thumb Code   384  stm32c0xx_hal_gpio.o(.text.HAL_GPIO_Init)
    HAL_GPIO_ReadPin                         0x08004981   Thumb Code    10  stm32c0xx_hal_gpio.o(.text.HAL_GPIO_ReadPin)
    HAL_GPIO_WritePin                        0x0800498b   Thumb Code    16  stm32c0xx_hal_gpio.o(.text.HAL_GPIO_WritePin)
    HAL_GetTick                              0x0800499d   Thumb Code     8  stm32c0xx_hal.o(.text.HAL_GetTick)
    HAL_I2CEx_ConfigAnalogFilter             0x080049a9   Thumb Code    66  stm32c0xx_hal_i2c_ex.o(.text.HAL_I2CEx_ConfigAnalogFilter)
    HAL_I2CEx_ConfigDigitalFilter            0x080049eb   Thumb Code    66  stm32c0xx_hal_i2c_ex.o(.text.HAL_I2CEx_ConfigDigitalFilter)
    HAL_I2C_AbortCpltCallback                0x08004a2d   Thumb Code     2  stm32c0xx_hal_i2c.o(.text.HAL_I2C_AbortCpltCallback)
    HAL_I2C_AddrCallback                     0x08004a2f   Thumb Code     2  stm32c0xx_hal_i2c.o(.text.HAL_I2C_AddrCallback)
    HAL_I2C_ErrorCallback                    0x08004a31   Thumb Code     2  stm32c0xx_hal_i2c.o(.text.HAL_I2C_ErrorCallback)
    HAL_I2C_Init                             0x08004a35   Thumb Code   172  stm32c0xx_hal_i2c.o(.text.HAL_I2C_Init)
    HAL_I2C_IsDeviceReady                    0x08004ae9   Thumb Code   324  stm32c0xx_hal_i2c.o(.text.HAL_I2C_IsDeviceReady)
    HAL_I2C_ListenCpltCallback               0x08004c35   Thumb Code     2  stm32c0xx_hal_i2c.o(.text.HAL_I2C_ListenCpltCallback)
    HAL_I2C_MasterRxCpltCallback             0x08004c37   Thumb Code     2  stm32c0xx_hal_i2c.o(.text.HAL_I2C_MasterRxCpltCallback)
    HAL_I2C_MasterTxCpltCallback             0x08004c39   Thumb Code     2  stm32c0xx_hal_i2c.o(.text.HAL_I2C_MasterTxCpltCallback)
    HAL_I2C_Master_Abort_IT                  0x08004c3d   Thumb Code   188  stm32c0xx_hal_i2c.o(.text.HAL_I2C_Master_Abort_IT)
    HAL_I2C_MemRxCpltCallback                0x08004d09   Thumb Code     2  stm32c0xx_hal_i2c.o(.text.HAL_I2C_MemRxCpltCallback)
    HAL_I2C_MemTxCpltCallback                0x08004d0b   Thumb Code     2  stm32c0xx_hal_i2c.o(.text.HAL_I2C_MemTxCpltCallback)
    HAL_I2C_Mem_Read                         0x08004d0d   Thumb Code   552  stm32c0xx_hal_i2c.o(.text.HAL_I2C_Mem_Read)
    HAL_I2C_Mem_Write_DMA                    0x08004f49   Thumb Code   280  stm32c0xx_hal_i2c.o(.text.HAL_I2C_Mem_Write_DMA)
    HAL_I2C_MspInit                          0x0800507d   Thumb Code   124  i2c.o(.text.HAL_I2C_MspInit)
    HAL_I2C_SlaveRxCpltCallback              0x08005105   Thumb Code     2  stm32c0xx_hal_i2c.o(.text.HAL_I2C_SlaveRxCpltCallback)
    HAL_I2C_SlaveTxCpltCallback              0x08005107   Thumb Code     2  stm32c0xx_hal_i2c.o(.text.HAL_I2C_SlaveTxCpltCallback)
    HAL_IncTick                              0x08005109   Thumb Code    16  stm32c0xx_hal.o(.text.HAL_IncTick)
    HAL_Init                                 0x0800511d   Thumb Code    26  stm32c0xx_hal.o(.text.HAL_Init)
    HAL_InitTick                             0x08005139   Thumb Code    64  stm32c0xx_hal.o(.text.HAL_InitTick)
    HAL_MspInit                              0x08005181   Thumb Code    40  stm32c0xx_hal_msp.o(.text.HAL_MspInit)
    HAL_NVIC_DisableIRQ                      0x080051a9   Thumb Code    28  stm32c0xx_hal_cortex.o(.text.HAL_NVIC_DisableIRQ)
    HAL_NVIC_EnableIRQ                       0x080051c9   Thumb Code    20  stm32c0xx_hal_cortex.o(.text.HAL_NVIC_EnableIRQ)
    HAL_NVIC_SetPriority                     0x080051e1   Thumb Code    48  stm32c0xx_hal_cortex.o(.text.HAL_NVIC_SetPriority)
    HAL_PCDEx_ActivateLPM                    0x08005219   Thumb Code    36  stm32c0xx_hal_pcd_ex.o(.text.HAL_PCDEx_ActivateLPM)
    HAL_PCD_Init                             0x0800523d   Thumb Code   580  stm32c0xx_hal_pcd.o(.text.HAL_PCD_Init)
    HAL_PCD_MspInit                          0x08005481   Thumb Code    76  usb.o(.text.HAL_PCD_MspInit)
    HAL_RCCEx_PeriphCLKConfig                0x080054d5   Thumb Code   316  stm32c0xx_hal_rcc_ex.o(.text.HAL_RCCEx_PeriphCLKConfig)
    HAL_RCC_ClockConfig                      0x08005619   Thumb Code   464  stm32c0xx_hal_rcc.o(.text.HAL_RCC_ClockConfig)
    HAL_RCC_GetPCLK1Freq                     0x080057f1   Thumb Code   136  stm32c0xx_hal_rcc.o(.text.HAL_RCC_GetPCLK1Freq)
    HAL_RCC_GetSysClockFreq                  0x08005881   Thumb Code   100  stm32c0xx_hal_rcc.o(.text.HAL_RCC_GetSysClockFreq)
    HAL_RCC_OscConfig                        0x080058f1   Thumb Code   676  stm32c0xx_hal_rcc.o(.text.HAL_RCC_OscConfig)
    HAL_RTC_GetDate                          0x08005ba9   Thumb Code    70  stm32c0xx_hal_rtc.o(.text.HAL_RTC_GetDate)
    HAL_RTC_GetTime                          0x08005bf1   Thumb Code    84  stm32c0xx_hal_rtc.o(.text.HAL_RTC_GetTime)
    HAL_RTC_Init                             0x08005c49   Thumb Code   212  stm32c0xx_hal_rtc.o(.text.HAL_RTC_Init)
    HAL_RTC_MspInit                          0x08005d21   Thumb Code    84  rtc.o(.text.HAL_RTC_MspInit)
    HAL_RTC_SetDate                          0x08005d7d   Thumb Code   328  stm32c0xx_hal_rtc.o(.text.HAL_RTC_SetDate)
    HAL_RTC_SetTime                          0x08005ec5   Thumb Code   360  stm32c0xx_hal_rtc.o(.text.HAL_RTC_SetTime)
    HAL_SYSTICK_Config                       0x08006039   Thumb Code    40  stm32c0xx_hal_cortex.o(.text.HAL_SYSTICK_Config)
    HAL_TIMEx_Break2Callback                 0x0800606d   Thumb Code     2  stm32c0xx_hal_tim_ex.o(.text.HAL_TIMEx_Break2Callback)
    HAL_TIMEx_BreakCallback                  0x0800606f   Thumb Code     2  stm32c0xx_hal_tim_ex.o(.text.HAL_TIMEx_BreakCallback)
    HAL_TIMEx_CommutCallback                 0x08006071   Thumb Code     2  stm32c0xx_hal_tim_ex.o(.text.HAL_TIMEx_CommutCallback)
    HAL_TIMEx_ConfigBreakDeadTime            0x08006075   Thumb Code   156  stm32c0xx_hal_tim_ex.o(.text.HAL_TIMEx_ConfigBreakDeadTime)
    HAL_TIMEx_MasterConfigSynchronization    0x08006131   Thumb Code    96  stm32c0xx_hal_tim_ex.o(.text.HAL_TIMEx_MasterConfigSynchronization)
    HAL_TIM_Base_Init                        0x08006191   Thumb Code   212  stm32c0xx_hal_tim.o(.text.HAL_TIM_Base_Init)
    HAL_TIM_Base_MspInit                     0x08006269   Thumb Code   184  tim.o(.text.HAL_TIM_Base_MspInit)
    HAL_TIM_Base_Start                       0x08006335   Thumb Code    72  stm32c0xx_hal_tim.o(.text.HAL_TIM_Base_Start)
    HAL_TIM_Base_Start_IT                    0x0800637d   Thumb Code    80  stm32c0xx_hal_tim.o(.text.HAL_TIM_Base_Start_IT)
    HAL_TIM_IC_CaptureCallback               0x080063d9   Thumb Code     2  stm32c0xx_hal_tim.o(.text.HAL_TIM_IC_CaptureCallback)
    HAL_TIM_IRQHandler                       0x080063dd   Thumb Code   468  stm32c0xx_hal_tim.o(.text.HAL_TIM_IRQHandler)
    HAL_TIM_OC_DelayElapsedCallback          0x080065b9   Thumb Code     2  stm32c0xx_hal_tim.o(.text.HAL_TIM_OC_DelayElapsedCallback)
    HAL_TIM_PWM_ConfigChannel                0x080065bd   Thumb Code   844  stm32c0xx_hal_tim.o(.text.HAL_TIM_PWM_ConfigChannel)
    HAL_TIM_PWM_Init                         0x08006919   Thumb Code   212  stm32c0xx_hal_tim.o(.text.HAL_TIM_PWM_Init)
    HAL_TIM_PWM_MspInit                      0x080069f9   Thumb Code     2  stm32c0xx_hal_tim.o(.text.HAL_TIM_PWM_MspInit)
    HAL_TIM_PWM_PulseFinishedCallback        0x080069fb   Thumb Code     2  stm32c0xx_hal_tim.o(.text.HAL_TIM_PWM_PulseFinishedCallback)
    HAL_TIM_PWM_Start                        0x080069fd   Thumb Code   192  stm32c0xx_hal_tim.o(.text.HAL_TIM_PWM_Start)
    HAL_TIM_PeriodElapsedCallback            0x08006ad5   Thumb Code    20  stm32c0xx_it.o(.text.HAL_TIM_PeriodElapsedCallback)
    HAL_TIM_SlaveConfigSynchro               0x08006aed   Thumb Code    76  stm32c0xx_hal_tim.o(.text.HAL_TIM_SlaveConfigSynchro)
    HAL_TIM_TriggerCallback                  0x08006b39   Thumb Code     2  stm32c0xx_hal_tim.o(.text.HAL_TIM_TriggerCallback)
    HAL_UARTEx_DisableFifoMode               0x08006b3b   Thumb Code    54  stm32c0xx_hal_uart_ex.o(.text.HAL_UARTEx_DisableFifoMode)
    HAL_UARTEx_ReceiveToIdle_DMA             0x08006b71   Thumb Code   112  stm32c0xx_hal_uart_ex.o(.text.HAL_UARTEx_ReceiveToIdle_DMA)
    HAL_UARTEx_RxEventCallback               0x08006be1   Thumb Code    20  stm32c0xx_it.o(.text.HAL_UARTEx_RxEventCallback)
    HAL_UARTEx_RxFifoFullCallback            0x08006bf5   Thumb Code     2  stm32c0xx_hal_uart_ex.o(.text.HAL_UARTEx_RxFifoFullCallback)
    HAL_UARTEx_SetRxFifoThreshold            0x08006bf9   Thumb Code   128  stm32c0xx_hal_uart_ex.o(.text.HAL_UARTEx_SetRxFifoThreshold)
    HAL_UARTEx_SetTxFifoThreshold            0x08006c79   Thumb Code   128  stm32c0xx_hal_uart_ex.o(.text.HAL_UARTEx_SetTxFifoThreshold)
    HAL_UARTEx_TxFifoEmptyCallback           0x08006d01   Thumb Code     2  stm32c0xx_hal_uart_ex.o(.text.HAL_UARTEx_TxFifoEmptyCallback)
    HAL_UARTEx_WakeupCallback                0x08006d03   Thumb Code     2  stm32c0xx_hal_uart_ex.o(.text.HAL_UARTEx_WakeupCallback)
    HAL_UART_AbortReceiveCpltCallback        0x08006d05   Thumb Code     2  stm32c0xx_hal_uart.o(.text.HAL_UART_AbortReceiveCpltCallback)
    HAL_UART_AbortReceive_IT                 0x08006d09   Thumb Code   192  stm32c0xx_hal_uart.o(.text.HAL_UART_AbortReceive_IT)
    HAL_UART_ErrorCallback                   0x08006dd1   Thumb Code    28  stm32c0xx_it.o(.text.HAL_UART_ErrorCallback)
    HAL_UART_IRQHandler                      0x08006df5   Thumb Code  1140  stm32c0xx_hal_uart.o(.text.HAL_UART_IRQHandler)
    HAL_UART_Init                            0x08007275   Thumb Code   112  stm32c0xx_hal_uart.o(.text.HAL_UART_Init)
    HAL_UART_MspInit                         0x080072e5   Thumb Code   388  usart.o(.text.HAL_UART_MspInit)
    HAL_UART_Receive_IT                      0x08007481   Thumb Code   102  stm32c0xx_hal_uart.o(.text.HAL_UART_Receive_IT)
    HAL_UART_RxCpltCallback                  0x080074e9   Thumb Code    20  stm32c0xx_it.o(.text.HAL_UART_RxCpltCallback)
    HAL_UART_RxHalfCpltCallback              0x080074fd   Thumb Code     2  stm32c0xx_hal_uart.o(.text.HAL_UART_RxHalfCpltCallback)
    HAL_UART_Transmit_DMA                    0x08007501   Thumb Code   176  stm32c0xx_hal_uart.o(.text.HAL_UART_Transmit_DMA)
    HAL_UART_TxCpltCallback                  0x080075bd   Thumb Code    28  stm32c0xx_it.o(.text.HAL_UART_TxCpltCallback)
    HAL_UART_TxHalfCpltCallback              0x080075e1   Thumb Code     2  stm32c0xx_hal_uart.o(.text.HAL_UART_TxHalfCpltCallback)
    HardFault_Handler                        0x0800790d   Thumb Code     2  stm32c0xx_it.o(.text.HardFault_Handler)
    MX_ADC1_Init                             0x08009169   Thumb Code   104  adc.o(.text.MX_ADC1_Init)
    MX_CRC_Init                              0x080091dd   Thumb Code    36  crc.o(.text.MX_CRC_Init)
    MX_DMA_Init                              0x08009209   Thumb Code    84  dma.o(.text.MX_DMA_Init)
    MX_GPIO_Init                             0x08009261   Thumb Code   312  gpio.o(.text.MX_GPIO_Init)
    MX_I2C1_Init                             0x080093a5   Thumb Code    76  i2c.o(.text.MX_I2C1_Init)
    MX_RTC_Init                              0x080093fd   Thumb Code   112  rtc.o(.text.MX_RTC_Init)
    MX_TIM14_Init                            0x08009479   Thumb Code    40  tim.o(.text.MX_TIM14_Init)
    MX_TIM16_Init                            0x080094ad   Thumb Code   220  tim.o(.text.MX_TIM16_Init)
    MX_TIM17_Init                            0x08009591   Thumb Code   220  tim.o(.text.MX_TIM17_Init)
    MX_TIM2_Init                             0x08009685   Thumb Code   100  tim.o(.text.MX_TIM2_Init)
    MX_USART1_UART_Init                      0x080096ed   Thumb Code    96  usart.o(.text.MX_USART1_UART_Init)
    MX_USART2_UART_Init                      0x08009755   Thumb Code    96  usart.o(.text.MX_USART2_UART_Init)
    MX_USB_PCD_Init                          0x080097bd   Thumb Code    44  usb.o(.text.MX_USB_PCD_Init)
    NMI_Handler                              0x080097f1   Thumb Code     2  stm32c0xx_it.o(.text.NMI_Handler)
    PWM_Servo_Init                           0x080097f3   Thumb Code    26  pwm_servo_driver.o(.text.PWM_Servo_Init)
    PWM_Servo_SetAngle                       0x0800980d   Thumb Code   116  pwm_servo_driver.o(.text.PWM_Servo_SetAngle)
    PendSV_Handler                           0x08009899   Thumb Code     2  stm32c0xx_it.o(.text.PendSV_Handler)
    RTC_Driver_Init                          0x0800989d   Thumb Code    96  rtc_driver.o(.text.RTC_Driver_Init)
    RTC_Driver_Process                       0x08009921   Thumb Code   156  rtc_driver.o(.text.RTC_Driver_Process)
    RTC_Driver_SetTime                       0x080099e1   Thumb Code    52  rtc_driver.o(.text.RTC_Driver_SetTime)
    RTC_ExitInitMode                         0x08009a19   Thumb Code   152  stm32c0xx_hal_rtc.o(.text.RTC_ExitInitMode)
    Retarget_Init                            0x08009ab5   Thumb Code    24  retarget.o(.text.Retarget_Init)
    SVC_Handler                              0x08009ad5   Thumb Code     2  stm32c0xx_it.o(.text.SVC_Handler)
    Servos_Init                              0x08009ad9   Thumb Code    24  servo_controle.o(.text.Servos_Init)
    Servos_Process                           0x08009af1   Thumb Code   100  servo_controle.o(.text.Servos_Process)
    Servos_Tick_ms                           0x08009b65   Thumb Code    40  servo_controle.o(.text.Servos_Tick_ms)
    SysTick_Handler                          0x08009d69   Thumb Code     8  stm32c0xx_it.o(.text.SysTick_Handler)
    SystemInit                               0x08009d71   Thumb Code    12  system_stm32c0xx.o(.text.SystemInit)
    TIM14_IRQHandler                         0x08009d81   Thumb Code    12  stm32c0xx_it.o(.text.TIM14_IRQHandler)
    TempSensor_GetTemperature                0x08009ecd   Thumb Code   168  temp_sensor.o(.text.TempSensor_GetTemperature)
    UART_AdvFeatureConfig                    0x08009f95   Thumb Code   210  stm32c0xx_hal_uart.o(.text.UART_AdvFeatureConfig)
    UART_CheckIdleState                      0x0800a069   Thumb Code   204  stm32c0xx_hal_uart.o(.text.UART_CheckIdleState)
    UART_SetConfig                           0x0800a995   Thumb Code   336  stm32c0xx_hal_uart.o(.text.UART_SetConfig)
    UART_Start_Receive_DMA                   0x0800ab19   Thumb Code   160  stm32c0xx_hal_uart.o(.text.UART_Start_Receive_DMA)
    UART_Start_Receive_IT                    0x0800abc5   Thumb Code   296  stm32c0xx_hal_uart.o(.text.UART_Start_Receive_IT)
    UART_WaitOnFlagUntilTimeout              0x0800ad01   Thumb Code   448  stm32c0xx_hal_uart.o(.text.UART_WaitOnFlagUntilTimeout)
    USART1_IRQHandler                        0x0800aec5   Thumb Code    12  stm32c0xx_it.o(.text.USART1_IRQHandler)
    USART2_IRQHandler                        0x0800aed1   Thumb Code    12  stm32c0xx_it.o(.text.USART2_IRQHandler)
    USB_DevInit                              0x0800aedd   Thumb Code    26  stm32c0xx_ll_usb.o(.text.USB_DevInit)
    USB_DisableGlobalInt                     0x0800aef9   Thumb Code    12  stm32c0xx_ll_usb.o(.text.USB_DisableGlobalInt)
    fputc                                    0x0800af09   Thumb Code    32  retarget.o(.text.fputc)
    main                                     0x0800af2d   Thumb Code   188  main.o(.text.main)
    __0printf                                0x0800affd   Thumb Code    24  printfa.o(i.__0printf)
    __1printf                                0x0800affd   Thumb Code     0  printfa.o(i.__0printf)
    __2printf                                0x0800affd   Thumb Code     0  printfa.o(i.__0printf)
    __c89printf                              0x0800affd   Thumb Code     0  printfa.o(i.__0printf)
    printf                                   0x0800affd   Thumb Code     0  printfa.o(i.__0printf)
    __0snprintf                              0x0800b01d   Thumb Code    50  printfa.o(i.__0snprintf)
    __1snprintf                              0x0800b01d   Thumb Code     0  printfa.o(i.__0snprintf)
    __2snprintf                              0x0800b01d   Thumb Code     0  printfa.o(i.__0snprintf)
    __c89snprintf                            0x0800b01d   Thumb Code     0  printfa.o(i.__0snprintf)
    snprintf                                 0x0800b01d   Thumb Code     0  printfa.o(i.__0snprintf)
    __0sprintf                               0x0800b055   Thumb Code    36  printfa.o(i.__0sprintf)
    __1sprintf                               0x0800b055   Thumb Code     0  printfa.o(i.__0sprintf)
    __2sprintf                               0x0800b055   Thumb Code     0  printfa.o(i.__0sprintf)
    __c89sprintf                             0x0800b055   Thumb Code     0  printfa.o(i.__0sprintf)
    sprintf                                  0x0800b055   Thumb Code     0  printfa.o(i.__0sprintf)
    __ARM_clz                                0x0800b07d   Thumb Code    46  depilogue.o(i.__ARM_clz)
    __aeabi_errno_addr                       0x0800b0ad   Thumb Code     4  errno.o(i.__aeabi_errno_addr)
    __rt_errno_addr                          0x0800b0ad   Thumb Code     0  errno.o(i.__aeabi_errno_addr)
    __scatterload_copy                       0x0800b0b5   Thumb Code    14  handlers.o(i.__scatterload_copy)
    __scatterload_null                       0x0800b0c3   Thumb Code     2  handlers.o(i.__scatterload_null)
    __scatterload_zeroinit                   0x0800b0c5   Thumb Code    14  handlers.o(i.__scatterload_zeroinit)
    puts                                     0x0800b9a1   Thumb Code    28  puts.o(i.puts)
    __ctype_table                            0x0800b9c0   Data         129  ctype_o.o(.constdata)
    AHBPrescTable                            0x0800ba48   Data          64  system_stm32c0xx.o(.rodata.AHBPrescTable)
    APBPrescTable                            0x0800ba88   Data          32  system_stm32c0xx.o(.rodata.APBPrescTable)
    Produto                                  0x0800bab8   Data         448  gxxx_equacoes.o(.rodata.Produto)
    UARTPrescTable                           0x0800bc78   Data          24  stm32c0xx_hal_uart.o(.rodata.UARTPrescTable)
    Region$$Table$$Base                      0x0800ca5c   Number         0  anon$$obj.o(Region$$Table)
    Region$$Table$$Limit                     0x0800ca7c   Number         0  anon$$obj.o(Region$$Table)
    __stdout                                 0x20000000   Data           4  stdout.o(.data)
    uwTickFreq                               0x20000008   Data           1  stm32c0xx_hal.o(.data..L_MergedGlobals)
    uwTickPrio                               0x2000000c   Data           4  stm32c0xx_hal.o(.data..L_MergedGlobals)
    SystemCoreClock                          0x2000002c   Data           4  system_stm32c0xx.o(.data.SystemCoreClock)
    cal_points                               0x20000030   Data          32  ads1232_driver.o(.data.cal_points)
    g_ads_data_ready                         0x20000148   Data           1  app_manager.o(.bss..L_MergedGlobals)
    g_retarget_dest                          0x20000174   Data           1  retarget.o(.bss..L_MergedGlobals)
    hadc1                                    0x200001a4   Data         100  adc.o(.bss.hadc1)
    hcrc                                     0x20000208   Data          36  crc.o(.bss.hcrc)
    hdma_usart1_rx                           0x2000022c   Data          92  usart.o(.bss.hdma_usart1_rx)
    hdma_usart1_tx                           0x20000288   Data          92  usart.o(.bss.hdma_usart1_tx)
    hdma_usart2_rx                           0x200002e4   Data          92  usart.o(.bss.hdma_usart2_rx)
    hdma_usart2_tx                           0x20000340   Data          92  usart.o(.bss.hdma_usart2_tx)
    hi2c1                                    0x2000039c   Data          84  i2c.o(.bss.hi2c1)
    hpcd_USB_DRD_FS                          0x200003f0   Data         736  usb.o(.bss.hpcd_USB_DRD_FS)
    hrtc                                     0x200006d0   Data          40  rtc.o(.bss.hrtc)
    htim14                                   0x200006f8   Data          76  tim.o(.bss.htim14)
    htim16                                   0x20000744   Data          76  tim.o(.bss.htim16)
    htim17                                   0x20000790   Data          76  tim.o(.bss.htim17)
    htim2                                    0x200007dc   Data          76  tim.o(.bss.htim2)
    huart1                                   0x20000828   Data         148  usart.o(.bss.huart1)
    huart2                                   0x200008bc   Data         148  usart.o(.bss.huart2)
    uwTick                                   0x20000fac   Data           4  stm32c0xx_hal.o(.bss.uwTick)
    __initial_sp                             0x200013b0   Data           0  startup_stm32c071xx.o(STACK)



==============================================================================

Memory Map of the image

  Image Entry point : 0x080000c1

  Load Region LR_IROM1 (Base: 0x08000000, Size: 0x0000cad8, Max: 0x00020000, ABSOLUTE)

    Execution Region ER_IROM1 (Exec base: 0x08000000, Load base: 0x08000000, Size: 0x0000ca7c, Max: 0x00020000, ABSOLUTE)

    Exec Addr    Load Addr    Size         Type   Attr      Idx    E Section Name        Object

    0x08000000   0x08000000   0x000000c0   Data   RO            3    RESET               startup_stm32c071xx.o
    0x080000c0   0x080000c0   0x00000000   Code   RO         2068  * .ARM.Collect$$$$00000000  mc_p.l(entry.o)
    0x080000c0   0x080000c0   0x00000004   Code   RO         2441    .ARM.Collect$$$$00000001  mc_p.l(entry2.o)
    0x080000c4   0x080000c4   0x00000004   Code   RO         2444    .ARM.Collect$$$$00000004  mc_p.l(entry5.o)
    0x080000c8   0x080000c8   0x00000000   Code   RO         2446    .ARM.Collect$$$$00000008  mc_p.l(entry7b.o)
    0x080000c8   0x080000c8   0x00000000   Code   RO         2448    .ARM.Collect$$$$0000000A  mc_p.l(entry8b.o)
    0x080000c8   0x080000c8   0x00000008   Code   RO         2449    .ARM.Collect$$$$0000000B  mc_p.l(entry9a.o)
    0x080000d0   0x080000d0   0x00000000   Code   RO         2451    .ARM.Collect$$$$0000000D  mc_p.l(entry10a.o)
    0x080000d0   0x080000d0   0x00000000   Code   RO         2453    .ARM.Collect$$$$0000000F  mc_p.l(entry11a.o)
    0x080000d0   0x080000d0   0x00000004   Code   RO         2442    .ARM.Collect$$$$00002712  mc_p.l(entry2.o)
    0x080000d4   0x080000d4   0x0000001c   Code   RO            4    .text               startup_stm32c071xx.o
    0x080000f0   0x080000f0   0x00000008   Code   RO         2086    .text               mc_p.l(ctype_o.o)
    0x080000f8   0x080000f8   0x00000012   Code   RO         2108    .text               mc_p.l(isspace_o.o)
    0x0800010a   0x0800010a   0x0000000c   Code   RO         2114    .text               mc_p.l(toupper.o)
    0x08000116   0x08000116   0x00000024   Code   RO         2116    .text               mc_p.l(memcpya.o)
    0x0800013a   0x0800013a   0x00000024   Code   RO         2118    .text               mc_p.l(memseta.o)
    0x0800015e   0x0800015e   0x0000001a   Code   RO         2120    .text               mc_p.l(strncpy.o)
    0x08000178   0x08000178   0x00000014   Code   RO         2122    .text               mc_p.l(strchr.o)
    0x0800018c   0x0800018c   0x0000000e   Code   RO         2124    .text               mc_p.l(strlen.o)
    0x0800019a   0x0800019a   0x0000001c   Code   RO         2126    .text               mc_p.l(strcmp.o)
    0x080001b6   0x080001b6   0x00000012   Code   RO         2128    .text               mc_p.l(strcpy.o)
    0x080001c8   0x080001c8   0x00000026   Code   RO         2132    .text               mc_p.l(strcasecmp.o)
    0x080001ee   0x080001ee   0x00000002   PAD
    0x080001f0   0x080001f0   0x0000003c   Code   RO         2395    .text               mc_p.l(__0sscanf.o)
    0x0800022c   0x0800022c   0x0000014a   Code   RO         2397    .text               mc_p.l(_scanf_int.o)
    0x08000376   0x08000376   0x00000002   PAD
    0x08000378   0x08000378   0x00000070   Code   RO         2399    .text               mc_p.l(strtol.o)
    0x080003e8   0x080003e8   0x0000001a   Code   RO         2401    .text               mc_p.l(atoi.o)
    0x08000402   0x08000402   0x0000001a   Code   RO         2403    .text               mc_p.l(atol.o)
    0x0800041c   0x0800041c   0x000000b2   Code   RO         2405    .text               mf_p.l(fadd.o)
    0x080004ce   0x080004ce   0x0000007a   Code   RO         2407    .text               mf_p.l(fmul.o)
    0x08000548   0x08000548   0x0000007c   Code   RO         2409    .text               mf_p.l(fdiv.o)
    0x080005c4   0x080005c4   0x000000d0   Code   RO         2411    .text               mf_p.l(dmul.o)
    0x08000694   0x08000694   0x000000f0   Code   RO         2413    .text               mf_p.l(ddiv.o)
    0x08000784   0x08000784   0x0000001c   Code   RO         2415    .text               mf_p.l(fcmple.o)
    0x080007a0   0x080007a0   0x0000001c   Code   RO         2417    .text               mf_p.l(fcmplt.o)
    0x080007bc   0x080007bc   0x0000001c   Code   RO         2419    .text               mf_p.l(fcmpge.o)
    0x080007d8   0x080007d8   0x0000001c   Code   RO         2421    .text               mf_p.l(fcmpgt.o)
    0x080007f4   0x080007f4   0x00000016   Code   RO         2423    .text               mf_p.l(fflti.o)
    0x0800080a   0x0800080a   0x0000000e   Code   RO         2425    .text               mf_p.l(ffltui.o)
    0x08000818   0x08000818   0x00000028   Code   RO         2427    .text               mf_p.l(dflti.o)
    0x08000840   0x08000840   0x00000032   Code   RO         2433    .text               mf_p.l(ffixi.o)
    0x08000872   0x08000872   0x00000028   Code   RO         2437    .text               mf_p.l(f2d.o)
    0x0800089a   0x0800089a   0x0000003e   Code   RO         2459    .text               mc_p.l(uidiv_div0.o)
    0x080008d8   0x080008d8   0x00000060   Code   RO         2465    .text               mc_p.l(uldiv.o)
    0x08000938   0x08000938   0x00000020   Code   RO         2467    .text               mc_p.l(llshl.o)
    0x08000958   0x08000958   0x0000000c   Code   RO         2469    .text               mc_p.l(tolower.o)
    0x08000964   0x08000964   0x0000001e   Code   RO         2478    .text               mc_p.l(_chval.o)
    0x08000982   0x08000982   0x00000002   PAD
    0x08000984   0x08000984   0x0000002c   Code   RO         2480    .text               mc_p.l(scanf_char.o)
    0x080009b0   0x080009b0   0x00000044   Code   RO         2482    .text               mc_p.l(_sgetc.o)
    0x080009f4   0x080009f4   0x000000a6   Code   RO         2484    .text               mc_p.l(_strtoul.o)
    0x08000a9a   0x08000a9a   0x00000000   Code   RO         2486    .text               mc_p.l(iusefp.o)
    0x08000a9a   0x08000a9a   0x00000082   Code   RO         2487    .text               mf_p.l(fepilogue.o)
    0x08000b1c   0x08000b1c   0x000000be   Code   RO         2491    .text               mf_p.l(depilogue.o)
    0x08000bda   0x08000bda   0x00000002   PAD
    0x08000bdc   0x08000bdc   0x00000164   Code   RO         2495    .text               mf_p.l(dadd.o)
    0x08000d40   0x08000d40   0x00000040   Code   RO         2497    .text               mf_p.l(dfixul.o)
    0x08000d80   0x08000d80   0x00000028   Code   RO         2499    .text               mf_p.l(cdrcmple.o)
    0x08000da8   0x08000da8   0x00000030   Code   RO         2501    .text               mc_p.l(init.o)
    0x08000dd8   0x08000dd8   0x00000022   Code   RO         2503    .text               mc_p.l(llushr.o)
    0x08000dfa   0x08000dfa   0x00000026   Code   RO         2505    .text               mc_p.l(llsshr.o)
    0x08000e20   0x08000e20   0x00000338   Code   RO         2509    .text               mc_p.l(_scanf.o)
    0x08001158   0x08001158   0x000000d4   Code   RO          295    .text.ADC_Enable    stm32c0xx_hal_adc.o
    0x0800122c   0x0800122c   0x0000014c   Code   RO         1732    .text.ADS1232_ConvertToGrams  ads1232_driver.o
    0x08001378   0x08001378   0x00000038   Code   RO         1724    .text.ADS1232_Init  ads1232_driver.o
    0x080013b0   0x080013b0   0x0000011c   Code   RO         1726    .text.ADS1232_Read  ads1232_driver.o
    0x080014cc   0x080014cc   0x00000042   Code   RO         1728    .text.ADS1232_Read_Median_of_3  ads1232_driver.o
    0x0800150e   0x0800150e   0x00000002   PAD
    0x08001510   0x08001510   0x000004cc   Code   RO         1730    .text.ADS1232_Tare  ads1232_driver.o
    0x080019dc   0x080019dc   0x0000000c   Code   RO         1932    .text.Acao_Abrir_Funil  servo_controle.o
    0x080019e8   0x080019e8   0x00000002   Code   RO         1936    .text.Acao_Finalizar  servo_controle.o
    0x080019ea   0x080019ea   0x00000002   PAD
    0x080019ec   0x080019ec   0x00000010   Code   RO         1934    .text.Acao_Varrer_Scrap  servo_controle.o
    0x080019fc   0x080019fc   0x00000010   Code   RO         2005    .text.App_Manager_GetFreqData  app_manager.o
    0x08001a0c   0x08001a0c   0x00000014   Code   RO         2003    .text.App_Manager_GetScaleData  app_manager.o
    0x08001a20   0x08001a20   0x00000008   Code   RO         2007    .text.App_Manager_GetTemperature  app_manager.o
    0x08001a28   0x08001a28   0x00000164   Code   RO         1995    .text.App_Manager_Init  app_manager.o
    0x08001b8c   0x08001b8c   0x00000184   Code   RO         1997    .text.App_Manager_Process  app_manager.o
    0x08001d10   0x08001d10   0x00000158   Code   RO         2050    .text.Atualizar_Display_Grao_Selecionado  controller.o
    0x08001e68   0x08001e68   0x00000024   Code   RO         1961    .text.CLI_HandleError  cli_driver.o
    0x08001e8c   0x08001e8c   0x00000228   Code   RO         1957    .text.CLI_HandleRxCplt  cli_driver.o
    0x080020b4   0x080020b4   0x00000008   Code   RO         1959    .text.CLI_HandleTxCplt  cli_driver.o
    0x080020bc   0x080020bc   0x00000050   Code   RO         1949    .text.CLI_Init      cli_driver.o
    0x0800210c   0x0800210c   0x00000060   Code   RO         1955    .text.CLI_Printf_Transmit  cli_driver.o
    0x0800216c   0x0800216c   0x00000168   Code   RO         1951    .text.CLI_Process   cli_driver.o
    0x080022d4   0x080022d4   0x00000098   Code   RO         1953    .text.CLI_TX_Pump   cli_driver.o
    0x0800236c   0x0800236c   0x0000012c   Code   RO         1965    .text.Cmd_Dwin      cli_driver.o
    0x08002498   0x08002498   0x0000007c   Code   RO         1971    .text.Cmd_GetFreq   cli_driver.o
    0x08002514   0x08002514   0x000000b0   Code   RO         1967    .text.Cmd_GetPeso   cli_driver.o
    0x080025c4   0x080025c4   0x00000040   Code   RO         1969    .text.Cmd_GetTemp   cli_driver.o
    0x08002604   0x08002604   0x00000010   Code   RO         1963    .text.Cmd_Help      cli_driver.o
    0x08002614   0x08002614   0x000001c8   Code   RO         2036    .text.Controller_DwinCallback  controller.o
    0x080027dc   0x080027dc   0x0000000c   Code   RO         2034    .text.Controller_GetCurrentScreen  controller.o
    0x080027e8   0x080027e8   0x00000010   Code   RO          175    .text.DMA1_Channel1_IRQHandler  stm32c0xx_it.o
    0x080027f8   0x080027f8   0x00000018   Code   RO          177    .text.DMA1_Channel2_3_IRQHandler  stm32c0xx_it.o
    0x08002810   0x08002810   0x00000010   Code   RO          179    .text.DMAMUX1_DMA1_CH4_5_IRQHandler  stm32c0xx_it.o
    0x08002820   0x08002820   0x00000018   Code   RO         1762    .text.DWIN_Driver_HandleError  dwin_driver.o
    0x08002838   0x08002838   0x00000024   Code   RO         1760    .text.DWIN_Driver_HandleRxEvent  dwin_driver.o
    0x0800285c   0x0800285c   0x00000008   Code   RO         1758    .text.DWIN_Driver_HandleTxCplt  dwin_driver.o
    0x08002864   0x08002864   0x0000003c   Code   RO         1750    .text.DWIN_Driver_Init  dwin_driver.o
    0x080028a0   0x080028a0   0x00000018   Code   RO         1756    .text.DWIN_Driver_IsTxBusy  dwin_driver.o
    0x080028b8   0x080028b8   0x0000023c   Code   RO         1752    .text.DWIN_Driver_Process  dwin_driver.o
    0x08002af4   0x08002af4   0x000000dc   Code   RO         1764    .text.DWIN_Driver_SetScreen  dwin_driver.o
    0x08002bd0   0x08002bd0   0x000000c8   Code   RO         1766    .text.DWIN_Driver_WriteInt  dwin_driver.o
    0x08002c98   0x08002c98   0x000000e4   Code   RO         1768    .text.DWIN_Driver_WriteInt32  dwin_driver.o
    0x08002d7c   0x08002d7c   0x00000104   Code   RO         1772    .text.DWIN_Driver_WriteRawBytes  dwin_driver.o
    0x08002e80   0x08002e80   0x00000180   Code   RO         1770    .text.DWIN_Driver_WriteString  dwin_driver.o
    0x08003000   0x08003000   0x00000094   Code   RO         1754    .text.DWIN_TX_Pump  dwin_driver.o
    0x08003094   0x08003094   0x0000000c   Code   RO         1722    .text.Drv_ADS1232_DRDY_Callback  ads1232_driver.o
    0x080030a0   0x080030a0   0x00000010   Code   RO         1786    .text.EEPROM_Driver_Init  eeprom_driver.o
    0x080030b0   0x080030b0   0x0000000c   Code   RO         1790    .text.EEPROM_Driver_IsBusy  eeprom_driver.o
    0x080030bc   0x080030bc   0x00000084   Code   RO         1792    .text.EEPROM_Driver_Read_Blocking  eeprom_driver.o
    0x08003140   0x08003140   0x0000013c   Code   RO         1796    .text.EEPROM_Driver_Write_Async_Poll  eeprom_driver.o
    0x0800327c   0x0800327c   0x00000068   Code   RO         1794    .text.EEPROM_Driver_Write_Async_Start  eeprom_driver.o
    0x080032e4   0x080032e4   0x0000000a   Code   RO          187    .text.EXTI4_15_IRQHandler  stm32c0xx_it.o
    0x080032ee   0x080032ee   0x00000004   Code   RO           15    .text.Error_Handler  main.o
    0x080032f2   0x080032f2   0x00000002   PAD
    0x080032f4   0x080032f4   0x00000008   Code   RO         1815    .text.Frequency_Get_Pulse_Count  pcb_frequency.o
    0x080032fc   0x080032fc   0x0000000c   Code   RO         1811    .text.Frequency_Init  pcb_frequency.o
    0x08003308   0x08003308   0x00000010   Code   RO         1813    .text.Frequency_Reset  pcb_frequency.o
    0x08003318   0x08003318   0x00000024   Code   RO         1886    .text.Gerenciador_Config_Get_Cal_A  gerenciador_configuracoes.o
    0x0800333c   0x0800333c   0x00000034   Code   RO         1878    .text.Gerenciador_Config_Get_Dados_Grao  gerenciador_configuracoes.o
    0x08003370   0x08003370   0x00000018   Code   RO         1884    .text.Gerenciador_Config_Get_Grao_Ativo  gerenciador_configuracoes.o
    0x08003388   0x08003388   0x00000004   Code   RO         1882    .text.Gerenciador_Config_Get_Num_Graos  gerenciador_configuracoes.o
    0x0800338c   0x0800338c   0x00000024   Code   RO         1880    .text.Gerenciador_Config_Get_Senha  gerenciador_configuracoes.o
    0x080033b0   0x080033b0   0x00000010   Code   RO         1862    .text.Gerenciador_Config_Init  gerenciador_configuracoes.o
    0x080033c0   0x080033c0   0x00000178   Code   RO         1864    .text.Gerenciador_Config_Run_FSM  gerenciador_configuracoes.o
    0x08003538   0x08003538   0x0000001c   Code   RO         1872    .text.Gerenciador_Config_Set_Grao_Ativo  gerenciador_configuracoes.o
    0x08003554   0x08003554   0x00000030   Code   RO         1870    .text.Gerenciador_Config_Set_Senha  gerenciador_configuracoes.o
    0x08003584   0x08003584   0x000003bc   Code   RO         1866    .text.Gerenciador_Config_Validar_e_Restaurar  gerenciador_configuracoes.o
    0x08003940   0x08003940   0x000002b8   Code   RO          333    .text.HAL_ADC_ConfigChannel  stm32c0xx_hal_adc.o
    0x08003bf8   0x08003bf8   0x00000006   Code   RO          317    .text.HAL_ADC_GetValue  stm32c0xx_hal_adc.o
    0x08003bfe   0x08003bfe   0x00000002   PAD
    0x08003c00   0x08003c00   0x0000024c   Code   RO          281    .text.HAL_ADC_Init  stm32c0xx_hal_adc.o
    0x08003e4c   0x08003e4c   0x00000054   Code   RO           36    .text.HAL_ADC_MspInit  adc.o
    0x08003ea0   0x08003ea0   0x000000e6   Code   RO          299    .text.HAL_ADC_PollForConversion  stm32c0xx_hal_adc.o
    0x08003f86   0x08003f86   0x00000002   PAD
    0x08003f88   0x08003f88   0x00000060   Code   RO          293    .text.HAL_ADC_Start  stm32c0xx_hal_adc.o
    0x08003fe8   0x08003fe8   0x000000b8   Code   RO          297    .text.HAL_ADC_Stop  stm32c0xx_hal_adc.o
    0x080040a0   0x080040a0   0x0000005c   Code   RO          746    .text.HAL_CRCEx_Polynomial_Set  stm32c0xx_hal_crc_ex.o
    0x080040fc   0x080040fc   0x0000024c   Code   RO          734    .text.HAL_CRC_Calculate  stm32c0xx_hal_crc.o
    0x08004348   0x08004348   0x0000007c   Code   RO          724    .text.HAL_CRC_Init  stm32c0xx_hal_crc.o
    0x080043c4   0x080043c4   0x00000030   Code   RO           51    .text.HAL_CRC_MspInit  crc.o
    0x080043f4   0x080043f4   0x00000070   Code   RO          381    .text.HAL_DMA_Abort  stm32c0xx_hal_dma.o
    0x08004464   0x08004464   0x00000078   Code   RO          383    .text.HAL_DMA_Abort_IT  stm32c0xx_hal_dma.o
    0x080044dc   0x080044dc   0x00000006   Code   RO          393    .text.HAL_DMA_GetState  stm32c0xx_hal_dma.o
    0x080044e2   0x080044e2   0x00000002   PAD
    0x080044e4   0x080044e4   0x000000e4   Code   RO          387    .text.HAL_DMA_IRQHandler  stm32c0xx_hal_dma.o
    0x080045c8   0x080045c8   0x00000100   Code   RO          373    .text.HAL_DMA_Init  stm32c0xx_hal_dma.o
    0x080046c8   0x080046c8   0x000000cc   Code   RO          379    .text.HAL_DMA_Start_IT  stm32c0xx_hal_dma.o
    0x08004794   0x08004794   0x00000024   Code   RO          237    .text.HAL_Delay     stm32c0xx_hal.o
    0x080047b8   0x080047b8   0x0000000c   Code   RO          199    .text.HAL_GPIO_EXTI_Falling_Callback  stm32c0xx_it.o
    0x080047c4   0x080047c4   0x00000028   Code   RO          574    .text.HAL_GPIO_EXTI_IRQHandler  stm32c0xx_hal_gpio.o
    0x080047ec   0x080047ec   0x00000002   Code   RO          576    .text.HAL_GPIO_EXTI_Rising_Callback  stm32c0xx_hal_gpio.o
    0x080047ee   0x080047ee   0x00000002   PAD
    0x080047f0   0x080047f0   0x00000190   Code   RO          560    .text.HAL_GPIO_Init  stm32c0xx_hal_gpio.o
    0x08004980   0x08004980   0x0000000a   Code   RO          564    .text.HAL_GPIO_ReadPin  stm32c0xx_hal_gpio.o
    0x0800498a   0x0800498a   0x00000010   Code   RO          566    .text.HAL_GPIO_WritePin  stm32c0xx_hal_gpio.o
    0x0800499a   0x0800499a   0x00000002   PAD
    0x0800499c   0x0800499c   0x0000000c   Code   RO          229    .text.HAL_GetTick   stm32c0xx_hal.o
    0x080049a8   0x080049a8   0x00000042   Code   RO          914    .text.HAL_I2CEx_ConfigAnalogFilter  stm32c0xx_hal_i2c_ex.o
    0x080049ea   0x080049ea   0x00000042   Code   RO          916    .text.HAL_I2CEx_ConfigDigitalFilter  stm32c0xx_hal_i2c_ex.o
    0x08004a2c   0x08004a2c   0x00000002   Code   RO          884    .text.HAL_I2C_AbortCpltCallback  stm32c0xx_hal_i2c.o
    0x08004a2e   0x08004a2e   0x00000002   Code   RO          874    .text.HAL_I2C_AddrCallback  stm32c0xx_hal_i2c.o
    0x08004a30   0x08004a30   0x00000002   Code   RO          882    .text.HAL_I2C_ErrorCallback  stm32c0xx_hal_i2c.o
    0x08004a32   0x08004a32   0x00000002   PAD
    0x08004a34   0x08004a34   0x000000b4   Code   RO          760    .text.HAL_I2C_Init  stm32c0xx_hal_i2c.o
    0x08004ae8   0x08004ae8   0x0000014c   Code   RO          834    .text.HAL_I2C_IsDeviceReady  stm32c0xx_hal_i2c.o
    0x08004c34   0x08004c34   0x00000002   Code   RO          876    .text.HAL_I2C_ListenCpltCallback  stm32c0xx_hal_i2c.o
    0x08004c36   0x08004c36   0x00000002   Code   RO          868    .text.HAL_I2C_MasterRxCpltCallback  stm32c0xx_hal_i2c.o
    0x08004c38   0x08004c38   0x00000002   Code   RO          866    .text.HAL_I2C_MasterTxCpltCallback  stm32c0xx_hal_i2c.o
    0x08004c3a   0x08004c3a   0x00000002   PAD
    0x08004c3c   0x08004c3c   0x000000cc   Code   RO          858    .text.HAL_I2C_Master_Abort_IT  stm32c0xx_hal_i2c.o
    0x08004d08   0x08004d08   0x00000002   Code   RO          880    .text.HAL_I2C_MemRxCpltCallback  stm32c0xx_hal_i2c.o
    0x08004d0a   0x08004d0a   0x00000002   Code   RO          878    .text.HAL_I2C_MemTxCpltCallback  stm32c0xx_hal_i2c.o
    0x08004d0c   0x08004d0c   0x0000023c   Code   RO          820    .text.HAL_I2C_Mem_Read  stm32c0xx_hal_i2c.o
    0x08004f48   0x08004f48   0x00000134   Code   RO          828    .text.HAL_I2C_Mem_Write_DMA  stm32c0xx_hal_i2c.o
    0x0800507c   0x0800507c   0x00000088   Code   RO           74    .text.HAL_I2C_MspInit  i2c.o
    0x08005104   0x08005104   0x00000002   Code   RO          872    .text.HAL_I2C_SlaveRxCpltCallback  stm32c0xx_hal_i2c.o
    0x08005106   0x08005106   0x00000002   Code   RO          870    .text.HAL_I2C_SlaveTxCpltCallback  stm32c0xx_hal_i2c.o
    0x08005108   0x08005108   0x00000014   Code   RO          227    .text.HAL_IncTick   stm32c0xx_hal.o
    0x0800511c   0x0800511c   0x0000001a   Code   RO          217    .text.HAL_Init      stm32c0xx_hal.o
    0x08005136   0x08005136   0x00000002   PAD
    0x08005138   0x08005138   0x00000048   Code   RO          219    .text.HAL_InitTick  stm32c0xx_hal.o
    0x08005180   0x08005180   0x00000028   Code   RO          209    .text.HAL_MspInit   stm32c0xx_hal_msp.o
    0x080051a8   0x080051a8   0x00000020   Code   RO          660    .text.HAL_NVIC_DisableIRQ  stm32c0xx_hal_cortex.o
    0x080051c8   0x080051c8   0x00000018   Code   RO          658    .text.HAL_NVIC_EnableIRQ  stm32c0xx_hal_cortex.o
    0x080051e0   0x080051e0   0x00000038   Code   RO          656    .text.HAL_NVIC_SetPriority  stm32c0xx_hal_cortex.o
    0x08005218   0x08005218   0x00000024   Code   RO         1621    .text.HAL_PCDEx_ActivateLPM  stm32c0xx_hal_pcd_ex.o
    0x0800523c   0x0800523c   0x00000244   Code   RO         1537    .text.HAL_PCD_Init  stm32c0xx_hal_pcd.o
    0x08005480   0x08005480   0x00000054   Code   RO          152    .text.HAL_PCD_MspInit  usb.o
    0x080054d4   0x080054d4   0x00000144   Code   RO          461    .text.HAL_RCCEx_PeriphCLKConfig  stm32c0xx_hal_rcc_ex.o
    0x08005618   0x08005618   0x000001d8   Code   RO          427    .text.HAL_RCC_ClockConfig  stm32c0xx_hal_rcc.o
    0x080057f0   0x080057f0   0x00000090   Code   RO          435    .text.HAL_RCC_GetPCLK1Freq  stm32c0xx_hal_rcc.o
    0x08005880   0x08005880   0x00000070   Code   RO          429    .text.HAL_RCC_GetSysClockFreq  stm32c0xx_hal_rcc.o
    0x080058f0   0x080058f0   0x000002b8   Code   RO          425    .text.HAL_RCC_OscConfig  stm32c0xx_hal_rcc.o
    0x08005ba8   0x08005ba8   0x00000046   Code   RO          956    .text.HAL_RTC_GetDate  stm32c0xx_hal_rtc.o
    0x08005bee   0x08005bee   0x00000002   PAD
    0x08005bf0   0x08005bf0   0x00000058   Code   RO          950    .text.HAL_RTC_GetTime  stm32c0xx_hal_rtc.o
    0x08005c48   0x08005c48   0x000000d8   Code   RO          934    .text.HAL_RTC_Init  stm32c0xx_hal_rtc.o
    0x08005d20   0x08005d20   0x0000005c   Code   RO           89    .text.HAL_RTC_MspInit  rtc.o
    0x08005d7c   0x08005d7c   0x00000148   Code   RO          954    .text.HAL_RTC_SetDate  stm32c0xx_hal_rtc.o
    0x08005ec4   0x08005ec4   0x00000174   Code   RO          946    .text.HAL_RTC_SetTime  stm32c0xx_hal_rtc.o
    0x08006038   0x08006038   0x00000034   Code   RO          664    .text.HAL_SYSTICK_Config  stm32c0xx_hal_cortex.o
    0x0800606c   0x0800606c   0x00000002   Code   RO         1339    .text.HAL_TIMEx_Break2Callback  stm32c0xx_hal_tim_ex.o
    0x0800606e   0x0800606e   0x00000002   Code   RO         1337    .text.HAL_TIMEx_BreakCallback  stm32c0xx_hal_tim_ex.o
    0x08006070   0x08006070   0x00000002   Code   RO         1333    .text.HAL_TIMEx_CommutCallback  stm32c0xx_hal_tim_ex.o
    0x08006072   0x08006072   0x00000002   PAD
    0x08006074   0x08006074   0x000000bc   Code   RO         1319    .text.HAL_TIMEx_ConfigBreakDeadTime  stm32c0xx_hal_tim_ex.o
    0x08006130   0x08006130   0x00000060   Code   RO         1317    .text.HAL_TIMEx_MasterConfigSynchronization  stm32c0xx_hal_tim_ex.o
    0x08006190   0x08006190   0x000000d8   Code   RO         1022    .text.HAL_TIM_Base_Init  stm32c0xx_hal_tim.o
    0x08006268   0x08006268   0x000000cc   Code   RO          112    .text.HAL_TIM_Base_MspInit  tim.o
    0x08006334   0x08006334   0x00000048   Code   RO         1032    .text.HAL_TIM_Base_Start  stm32c0xx_hal_tim.o
    0x0800637c   0x0800637c   0x0000005c   Code   RO         1036    .text.HAL_TIM_Base_Start_IT  stm32c0xx_hal_tim.o
    0x080063d8   0x080063d8   0x00000002   Code   RO         1158    .text.HAL_TIM_IC_CaptureCallback  stm32c0xx_hal_tim.o
    0x080063da   0x080063da   0x00000002   PAD
    0x080063dc   0x080063dc   0x000001dc   Code   RO         1156    .text.HAL_TIM_IRQHandler  stm32c0xx_hal_tim.o
    0x080065b8   0x080065b8   0x00000002   Code   RO         1160    .text.HAL_TIM_OC_DelayElapsedCallback  stm32c0xx_hal_tim.o
    0x080065ba   0x080065ba   0x00000002   PAD
    0x080065bc   0x080065bc   0x0000035c   Code   RO         1176    .text.HAL_TIM_PWM_ConfigChannel  stm32c0xx_hal_tim.o
    0x08006918   0x08006918   0x000000e0   Code   RO         1076    .text.HAL_TIM_PWM_Init  stm32c0xx_hal_tim.o
    0x080069f8   0x080069f8   0x00000002   Code   RO         1078    .text.HAL_TIM_PWM_MspInit  stm32c0xx_hal_tim.o
    0x080069fa   0x080069fa   0x00000002   Code   RO         1162    .text.HAL_TIM_PWM_PulseFinishedCallback  stm32c0xx_hal_tim.o
    0x080069fc   0x080069fc   0x000000d8   Code   RO         1084    .text.HAL_TIM_PWM_Start  stm32c0xx_hal_tim.o
    0x08006ad4   0x08006ad4   0x00000018   Code   RO          189    .text.HAL_TIM_PeriodElapsedCallback  stm32c0xx_it.o
    0x08006aec   0x08006aec   0x0000004c   Code   RO         1206    .text.HAL_TIM_SlaveConfigSynchro  stm32c0xx_hal_tim.o
    0x08006b38   0x08006b38   0x00000002   Code   RO         1166    .text.HAL_TIM_TriggerCallback  stm32c0xx_hal_tim.o
    0x08006b3a   0x08006b3a   0x00000036   Code   RO         1514    .text.HAL_UARTEx_DisableFifoMode  stm32c0xx_hal_uart_ex.o
    0x08006b70   0x08006b70   0x00000070   Code   RO         1524    .text.HAL_UARTEx_ReceiveToIdle_DMA  stm32c0xx_hal_uart_ex.o
    0x08006be0   0x08006be0   0x00000014   Code   RO          195    .text.HAL_UARTEx_RxEventCallback  stm32c0xx_it.o
    0x08006bf4   0x08006bf4   0x00000002   Code   RO         1500    .text.HAL_UARTEx_RxFifoFullCallback  stm32c0xx_hal_uart_ex.o
    0x08006bf6   0x08006bf6   0x00000002   PAD
    0x08006bf8   0x08006bf8   0x00000080   Code   RO         1518    .text.HAL_UARTEx_SetRxFifoThreshold  stm32c0xx_hal_uart_ex.o
    0x08006c78   0x08006c78   0x00000088   Code   RO         1516    .text.HAL_UARTEx_SetTxFifoThreshold  stm32c0xx_hal_uart_ex.o
    0x08006d00   0x08006d00   0x00000002   Code   RO         1502    .text.HAL_UARTEx_TxFifoEmptyCallback  stm32c0xx_hal_uart_ex.o
    0x08006d02   0x08006d02   0x00000002   Code   RO         1498    .text.HAL_UARTEx_WakeupCallback  stm32c0xx_hal_uart_ex.o
    0x08006d04   0x08006d04   0x00000002   Code   RO         1435    .text.HAL_UART_AbortReceiveCpltCallback  stm32c0xx_hal_uart.o
    0x08006d06   0x08006d06   0x00000002   PAD
    0x08006d08   0x08006d08   0x000000c8   Code   RO         1431    .text.HAL_UART_AbortReceive_IT  stm32c0xx_hal_uart.o
    0x08006dd0   0x08006dd0   0x00000024   Code   RO          197    .text.HAL_UART_ErrorCallback  stm32c0xx_it.o
    0x08006df4   0x08006df4   0x00000480   Code   RO         1437    .text.HAL_UART_IRQHandler  stm32c0xx_hal_uart.o
    0x08007274   0x08007274   0x00000070   Code   RO         1353    .text.HAL_UART_Init  stm32c0xx_hal_uart.o
    0x080072e4   0x080072e4   0x0000019c   Code   RO          132    .text.HAL_UART_MspInit  usart.o
    0x08007480   0x08007480   0x00000066   Code   RO         1389    .text.HAL_UART_Receive_IT  stm32c0xx_hal_uart.o
    0x080074e6   0x080074e6   0x00000002   PAD
    0x080074e8   0x080074e8   0x00000014   Code   RO          193    .text.HAL_UART_RxCpltCallback  stm32c0xx_it.o
    0x080074fc   0x080074fc   0x00000002   Code   RO         1451    .text.HAL_UART_RxHalfCpltCallback  stm32c0xx_hal_uart.o
    0x080074fe   0x080074fe   0x00000002   PAD
    0x08007500   0x08007500   0x000000bc   Code   RO         1393    .text.HAL_UART_Transmit_DMA  stm32c0xx_hal_uart.o
    0x080075bc   0x080075bc   0x00000024   Code   RO          191    .text.HAL_UART_TxCpltCallback  stm32c0xx_it.o
    0x080075e0   0x080075e0   0x00000002   Code   RO         1447    .text.HAL_UART_TxHalfCpltCallback  stm32c0xx_hal_uart.o
    0x080075e2   0x080075e2   0x00000002   PAD
    0x080075e4   0x080075e4   0x0000009c   Code   RO         1975    .text.Handle_Dwin_INT  cli_driver.o
    0x08007680   0x08007680   0x0000009c   Code   RO         1977    .text.Handle_Dwin_INT32  cli_driver.o
    0x0800771c   0x0800771c   0x00000054   Code   RO         1973    .text.Handle_Dwin_PIC  cli_driver.o
    0x08007770   0x08007770   0x0000019c   Code   RO         1979    .text.Handle_Dwin_RAW  cli_driver.o
    0x0800790c   0x0800790c   0x00000002   Code   RO          167    .text.HardFault_Handler  stm32c0xx_it.o
    0x0800790e   0x0800790e   0x0000003e   Code   RO          846    .text.I2C_DMAAbort  stm32c0xx_hal_i2c.o
    0x0800794c   0x0800794c   0x00000018   Code   RO          802    .text.I2C_DMAError  stm32c0xx_hal_i2c.o
    0x08007964   0x08007964   0x000000b4   Code   RO          800    .text.I2C_DMAMasterTransmitCplt  stm32c0xx_hal_i2c.o
    0x08007a18   0x08007a18   0x0000009c   Code   RO          902    .text.I2C_ITAddrCplt  stm32c0xx_hal_i2c.o
    0x08007ab4   0x08007ab4   0x00000158   Code   RO          864    .text.I2C_ITError   stm32c0xx_hal_i2c.o
    0x08007c0c   0x08007c0c   0x0000005c   Code   RO          898    .text.I2C_ITListenCplt  stm32c0xx_hal_i2c.o
    0x08007c68   0x08007c68   0x00000108   Code   RO          894    .text.I2C_ITMasterCplt  stm32c0xx_hal_i2c.o
    0x08007d70   0x08007d70   0x00000060   Code   RO          892    .text.I2C_ITMasterSeqCplt  stm32c0xx_hal_i2c.o
    0x08007dd0   0x08007dd0   0x00000354   Code   RO          896    .text.I2C_ITSlaveCplt  stm32c0xx_hal_i2c.o
    0x08008124   0x08008124   0x00000084   Code   RO          900    .text.I2C_ITSlaveSeqCplt  stm32c0xx_hal_i2c.o
    0x080081a8   0x080081a8   0x0000017c   Code   RO          904    .text.I2C_IsErrorOccurred  stm32c0xx_hal_i2c.o
    0x08008324   0x08008324   0x000001b4   Code   RO          798    .text.I2C_Master_ISR_DMA  stm32c0xx_hal_i2c.o
    0x080084d8   0x080084d8   0x000001e4   Code   RO          830    .text.I2C_Mem_ISR_DMA  stm32c0xx_hal_i2c.o
    0x080086bc   0x080086bc   0x0000011c   Code   RO          810    .text.I2C_Slave_ISR_DMA  stm32c0xx_hal_i2c.o
    0x080087d8   0x080087d8   0x000001fc   Code   RO          792    .text.I2C_Slave_ISR_IT  stm32c0xx_hal_i2c.o
    0x080089d4   0x080089d4   0x000000fa   Code   RO          770    .text.I2C_WaitOnFlagUntilTimeout  stm32c0xx_hal_i2c.o
    0x08008ace   0x08008ace   0x00000086   Code   RO          774    .text.I2C_WaitOnSTOPFlagUntilTimeout  stm32c0xx_hal_i2c.o
    0x08008b54   0x08008b54   0x000000a6   Code   RO          772    .text.I2C_WaitOnTXISFlagUntilTimeout  stm32c0xx_hal_i2c.o
    0x08008bfa   0x08008bfa   0x00000002   PAD
    0x08008bfc   0x08008bfc   0x000001c4   Code   RO         2040    .text.Lidar_Com_Entrada_De_Senha  controller.o
    0x08008dc0   0x08008dc0   0x00000078   Code   RO         2042    .text.Lidar_Com_Entrada_Tela_Graos  controller.o
    0x08008e38   0x08008e38   0x0000012c   Code   RO         2044    .text.Lidar_Com_Selecao_De_Grao  controller.o
    0x08008f64   0x08008f64   0x00000204   Code   RO         2046    .text.Lidar_Com_VP_Senha  controller.o
    0x08009168   0x08009168   0x00000074   Code   RO           34    .text.MX_ADC1_Init  adc.o
    0x080091dc   0x080091dc   0x0000002c   Code   RO           49    .text.MX_CRC_Init   crc.o
    0x08009208   0x08009208   0x00000058   Code   RO           64    .text.MX_DMA_Init   dma.o
    0x08009260   0x08009260   0x00000144   Code   RO           26    .text.MX_GPIO_Init  gpio.o
    0x080093a4   0x080093a4   0x00000058   Code   RO           72    .text.MX_I2C1_Init  i2c.o
    0x080093fc   0x080093fc   0x0000007c   Code   RO           87    .text.MX_RTC_Init   rtc.o
    0x08009478   0x08009478   0x00000034   Code   RO          104    .text.MX_TIM14_Init  tim.o
    0x080094ac   0x080094ac   0x000000e4   Code   RO          106    .text.MX_TIM16_Init  tim.o
    0x08009590   0x08009590   0x000000f4   Code   RO          110    .text.MX_TIM17_Init  tim.o
    0x08009684   0x08009684   0x00000068   Code   RO          102    .text.MX_TIM2_Init  tim.o
    0x080096ec   0x080096ec   0x00000068   Code   RO          128    .text.MX_USART1_UART_Init  usart.o
    0x08009754   0x08009754   0x00000068   Code   RO          130    .text.MX_USART2_UART_Init  usart.o
    0x080097bc   0x080097bc   0x00000034   Code   RO          150    .text.MX_USB_PCD_Init  usb.o
    0x080097f0   0x080097f0   0x00000002   Code   RO          165    .text.NMI_Handler   stm32c0xx_it.o
    0x080097f2   0x080097f2   0x0000001a   Code   RO         1824    .text.PWM_Servo_Init  pwm_servo_driver.o
    0x0800980c   0x0800980c   0x0000008c   Code   RO         1826    .text.PWM_Servo_SetAngle  pwm_servo_driver.o
    0x08009898   0x08009898   0x00000002   Code   RO          171    .text.PendSV_Handler  stm32c0xx_it.o
    0x0800989a   0x0800989a   0x00000002   PAD
    0x0800989c   0x0800989c   0x00000084   Code   RO         1838    .text.RTC_Driver_Init  rtc_driver.o
    0x08009920   0x08009920   0x000000c0   Code   RO         1840    .text.RTC_Driver_Process  rtc_driver.o
    0x080099e0   0x080099e0   0x00000038   Code   RO         1842    .text.RTC_Driver_SetTime  rtc_driver.o
    0x08009a18   0x08009a18   0x0000009c   Code   RO          940    .text.RTC_ExitInitMode  stm32c0xx_hal_rtc.o
    0x08009ab4   0x08009ab4   0x00000020   Code   RO         2019    .text.Retarget_Init  retarget.o
    0x08009ad4   0x08009ad4   0x00000002   Code   RO          169    .text.SVC_Handler   stm32c0xx_it.o
    0x08009ad6   0x08009ad6   0x00000002   PAD
    0x08009ad8   0x08009ad8   0x00000018   Code   RO         1926    .text.Servos_Init   servo_controle.o
    0x08009af0   0x08009af0   0x00000074   Code   RO         1928    .text.Servos_Process  servo_controle.o
    0x08009b64   0x08009b64   0x0000002c   Code   RO         1924    .text.Servos_Tick_ms  servo_controle.o
    0x08009b90   0x08009b90   0x000001d8   Code   RO         2048    .text.Set_Just_Time_Parser  controller.o
    0x08009d68   0x08009d68   0x00000008   Code   RO          173    .text.SysTick_Handler  stm32c0xx_it.o
    0x08009d70   0x08009d70   0x00000010   Code   RO         1707    .text.SystemInit    system_stm32c0xx.o
    0x08009d80   0x08009d80   0x00000010   Code   RO          181    .text.TIM14_IRQHandler  stm32c0xx_it.o
    0x08009d90   0x08009d90   0x000000c8   Code   RO         1208    .text.TIM_SlaveTimer_SetConfig  stm32c0xx_hal_tim.o
    0x08009e58   0x08009e58   0x00000074   Code   RO         2038    .text.Tela_ON_OFF   controller.o
    0x08009ecc   0x08009ecc   0x000000c8   Code   RO         1853    .text.TempSensor_GetTemperature  temp_sensor.o
    0x08009f94   0x08009f94   0x000000d2   Code   RO         1357    .text.UART_AdvFeatureConfig  stm32c0xx_hal_uart.o
    0x0800a066   0x0800a066   0x00000002   PAD
    0x0800a068   0x0800a068   0x000000d0   Code   RO         1361    .text.UART_CheckIdleState  stm32c0xx_hal_uart.o
    0x0800a138   0x0800a138   0x00000010   Code   RO         1439    .text.UART_DMAAbortOnError  stm32c0xx_hal_uart.o
    0x0800a148   0x0800a148   0x000000d8   Code   RO         1399    .text.UART_DMAError  stm32c0xx_hal_uart.o
    0x0800a220   0x0800a220   0x000000b6   Code   RO         1483    .text.UART_DMAReceiveCplt  stm32c0xx_hal_uart.o
    0x0800a2d6   0x0800a2d6   0x00000038   Code   RO         1485    .text.UART_DMARxHalfCplt  stm32c0xx_hal_uart.o
    0x0800a30e   0x0800a30e   0x00000026   Code   RO         1433    .text.UART_DMARxOnlyAbortCallback  stm32c0xx_hal_uart.o
    0x0800a334   0x0800a334   0x0000004a   Code   RO         1395    .text.UART_DMATransmitCplt  stm32c0xx_hal_uart.o
    0x0800a37e   0x0800a37e   0x0000000a   Code   RO         1397    .text.UART_DMATxHalfCplt  stm32c0xx_hal_uart.o
    0x0800a388   0x0800a388   0x000000d0   Code   RO         1479    .text.UART_RxISR_16BIT  stm32c0xx_hal_uart.o
    0x0800a458   0x0800a458   0x00000294   Code   RO         1475    .text.UART_RxISR_16BIT_FIFOEN  stm32c0xx_hal_uart.o
    0x0800a6ec   0x0800a6ec   0x000000d2   Code   RO         1481    .text.UART_RxISR_8BIT  stm32c0xx_hal_uart.o
    0x0800a7be   0x0800a7be   0x00000002   PAD
    0x0800a7c0   0x0800a7c0   0x000001d4   Code   RO         1477    .text.UART_RxISR_8BIT_FIFOEN  stm32c0xx_hal_uart.o
    0x0800a994   0x0800a994   0x00000184   Code   RO         1359    .text.UART_SetConfig  stm32c0xx_hal_uart.o
    0x0800ab18   0x0800ab18   0x000000ac   Code   RO         1403    .text.UART_Start_Receive_DMA  stm32c0xx_hal_uart.o
    0x0800abc4   0x0800abc4   0x0000013c   Code   RO         1391    .text.UART_Start_Receive_IT  stm32c0xx_hal_uart.o
    0x0800ad00   0x0800ad00   0x000001c4   Code   RO         1375    .text.UART_WaitOnFlagUntilTimeout  stm32c0xx_hal_uart.o
    0x0800aec4   0x0800aec4   0x0000000c   Code   RO          183    .text.USART1_IRQHandler  stm32c0xx_it.o
    0x0800aed0   0x0800aed0   0x0000000c   Code   RO          185    .text.USART2_IRQHandler  stm32c0xx_it.o
    0x0800aedc   0x0800aedc   0x0000001a   Code   RO         1643    .text.USB_DevInit   stm32c0xx_ll_usb.o
    0x0800aef6   0x0800aef6   0x00000002   PAD
    0x0800aef8   0x0800aef8   0x00000010   Code   RO         1639    .text.USB_DisableGlobalInt  stm32c0xx_ll_usb.o
    0x0800af08   0x0800af08   0x00000024   Code   RO         2021    .text.fputc         retarget.o
    0x0800af2c   0x0800af2c   0x000000d0   Code   RO           11    .text.main          main.o
    0x0800affc   0x0800affc   0x00000020   Code   RO         2367    i.__0printf         mc_p.l(printfa.o)
    0x0800b01c   0x0800b01c   0x00000038   Code   RO         2368    i.__0snprintf       mc_p.l(printfa.o)
    0x0800b054   0x0800b054   0x00000028   Code   RO         2369    i.__0sprintf        mc_p.l(printfa.o)
    0x0800b07c   0x0800b07c   0x0000002e   Code   RO         2493    i.__ARM_clz         mf_p.l(depilogue.o)
    0x0800b0aa   0x0800b0aa   0x00000002   PAD
    0x0800b0ac   0x0800b0ac   0x00000008   Code   RO         2471    i.__aeabi_errno_addr  mc_p.l(errno.o)
    0x0800b0b4   0x0800b0b4   0x0000000e   Code   RO         2516    i.__scatterload_copy  mc_p.l(handlers.o)
    0x0800b0c2   0x0800b0c2   0x00000002   Code   RO         2517    i.__scatterload_null  mc_p.l(handlers.o)
    0x0800b0c4   0x0800b0c4   0x0000000e   Code   RO         2518    i.__scatterload_zeroinit  mc_p.l(handlers.o)
    0x0800b0d2   0x0800b0d2   0x00000002   PAD
    0x0800b0d4   0x0800b0d4   0x00000174   Code   RO         2374    i._fp_digits        mc_p.l(printfa.o)
    0x0800b248   0x0800b248   0x000006ec   Code   RO         2375    i._printf_core      mc_p.l(printfa.o)
    0x0800b934   0x0800b934   0x00000020   Code   RO         2376    i._printf_post_padding  mc_p.l(printfa.o)
    0x0800b954   0x0800b954   0x0000002c   Code   RO         2377    i._printf_pre_padding  mc_p.l(printfa.o)
    0x0800b980   0x0800b980   0x00000016   Code   RO         2378    i._snputc           mc_p.l(printfa.o)
    0x0800b996   0x0800b996   0x0000000a   Code   RO         2379    i._sputc            mc_p.l(printfa.o)
    0x0800b9a0   0x0800b9a0   0x00000020   Code   RO         2071    i.puts              mc_p.l(puts.o)
    0x0800b9c0   0x0800b9c0   0x00000081   Data   RO         2087    .constdata          mc_p.l(ctype_o.o)
    0x0800ba41   0x0800ba41   0x00000003   PAD
    0x0800ba44   0x0800ba44   0x00000004   Data   RO         2088    .constdata          mc_p.l(ctype_o.o)
    0x0800ba48   0x0800ba48   0x00000040   Data   RO         1712    .rodata.AHBPrescTable  system_stm32c0xx.o
    0x0800ba88   0x0800ba88   0x00000020   Data   RO         1713    .rodata.APBPrescTable  system_stm32c0xx.o
    0x0800baa8   0x0800baa8   0x00000008   Data   RO         2054    .rodata.CMD_AJUSTAR_BACKLIGHT_10  controller.o
    0x0800bab0   0x0800bab0   0x00000008   Data   RO         2055    .rodata.CMD_AJUSTAR_BACKLIGHT_100  controller.o
    0x0800bab8   0x0800bab8   0x000001c0   Data   RO         1902    .rodata.Produto     gxxx_equacoes.o
    0x0800bc78   0x0800bc78   0x00000018   Data   RO         1487    .rodata.UARTPrescTable  stm32c0xx_hal_uart.o
    0x0800bc90   0x0800bc90   0x00000010   Data   RO         1528    .rodata.cst8        stm32c0xx_hal_uart_ex.o
    0x0800bca0   0x0800bca0   0x00000030   Data   RO         1983    .rodata.s_command_table  cli_driver.o
    0x0800bcd0   0x0800bcd0   0x00000020   Data   RO         1985    .rodata.s_dwin_table  cli_driver.o
    0x0800bcf0   0x0800bcf0   0x00000050   Data   RO         1938    .rodata.s_fluxo_processo  servo_controle.o
    0x0800bd40   0x0800bd40   0x00000021   Data   RO         1740    .rodata.str1.1      ads1232_driver.o
    0x0800bd61   0x0800bd61   0x0000009d   Data   RO         1774    .rodata.str1.1      dwin_driver.o
    0x0800bdfe   0x0800bdfe   0x0000024a   Data   RO         1889    .rodata.str1.1      gerenciador_configuracoes.o
    0x0800c048   0x0800c048   0x00000297   Data   RO         1901    .rodata.str1.1      gxxx_equacoes.o
    0x0800c2df   0x0800c2df   0x0000031d   Data   RO         1984    .rodata.str1.1      cli_driver.o
    0x0800c5fc   0x0800c5fc   0x0000016a   Data   RO         2009    .rodata.str1.1      app_manager.o
    0x0800c766   0x0800c766   0x000002f3   Data   RO         2053    .rodata.str1.1      controller.o
    0x0800ca59   0x0800ca59   0x00000003   PAD
    0x0800ca5c   0x0800ca5c   0x00000020   Data   RO         2515    Region$$Table       anon$$obj.o


    Execution Region RW_IRAM1 (Exec base: 0x20000000, Load base: 0x0800ca80, Size: 0x000013b0, Max: 0x00006000, ABSOLUTE)

    Exec Addr    Load Addr    Size         Type   Attr      Idx    E Section Name        Object

    0x20000000   0x0800ca80   0x00000004   Data   RW         2077    .data               mc_p.l(stdout.o)
    0x20000004   0x0800ca84   0x00000004   Data   RW         2474    .data               mc_p.l(errno.o)
    0x20000008   0x0800ca88   0x00000008   Data   RW          272    .data..L_MergedGlobals  stm32c0xx_hal.o
    0x20000010   0x0800ca90   0x0000001c   Data   RW         1939    .data..L_MergedGlobals  servo_controle.o
    0x2000002c   0x0800caac   0x00000004   Data   RW         1711    .data.SystemCoreClock  system_stm32c0xx.o
    0x20000030   0x0800cab0   0x00000020   Data   RW         1738    .data.cal_points    ads1232_driver.o
    0x20000050   0x0800cad0   0x00000002   Data   RW         2052    .data.s_current_screen_id  controller.o
    0x20000052   0x0800cad2   0x00000006   PAD
    0x20000058        -       0x00000008   Zero   RW         1741    .bss..L_MergedGlobals  ads1232_driver.o
    0x20000060        -       0x0000005c   Zero   RW         1777    .bss..L_MergedGlobals  dwin_driver.o
    0x200000bc        -       0x00000018   Zero   RW         1802    .bss..L_MergedGlobals  eeprom_driver.o
    0x200000d4        -       0x0000001a   Zero   RW         1844    .bss..L_MergedGlobals  rtc_driver.o
    0x200000ee   0x0800cad2   0x00000002   PAD
    0x200000f0        -       0x00000008   Zero   RW         1892    .bss..L_MergedGlobals  gerenciador_configuracoes.o
    0x200000f8        -       0x00000050   Zero   RW         1986    .bss..L_MergedGlobals  cli_driver.o
    0x20000148        -       0x0000002c   Zero   RW         2010    .bss..L_MergedGlobals  app_manager.o
    0x20000174        -       0x0000000c   Zero   RW         2025    .bss..L_MergedGlobals  retarget.o
    0x20000180        -       0x00000011   Zero   RW         2056    .bss..L_MergedGlobals  controller.o
    0x20000191   0x0800cad2   0x00000003   PAD
    0x20000194        -       0x0000000c   Zero   RW         1940    .bss..L_MergedGlobals.1  servo_controle.o
    0x200001a0        -       0x00000001   Zero   RW         1739    .bss.g_ads_data_ready  ads1232_driver.o
    0x200001a1   0x0800cad2   0x00000003   PAD
    0x200001a4        -       0x00000064   Zero   RW           40    .bss.hadc1          adc.o
    0x20000208        -       0x00000024   Zero   RW           55    .bss.hcrc           crc.o
    0x2000022c        -       0x0000005c   Zero   RW          139    .bss.hdma_usart1_rx  usart.o
    0x20000288        -       0x0000005c   Zero   RW          138    .bss.hdma_usart1_tx  usart.o
    0x200002e4        -       0x0000005c   Zero   RW          140    .bss.hdma_usart2_rx  usart.o
    0x20000340        -       0x0000005c   Zero   RW          141    .bss.hdma_usart2_tx  usart.o
    0x2000039c        -       0x00000054   Zero   RW           78    .bss.hi2c1          i2c.o
    0x200003f0        -       0x000002e0   Zero   RW          156    .bss.hpcd_USB_DRD_FS  usb.o
    0x200006d0        -       0x00000028   Zero   RW           93    .bss.hrtc           rtc.o
    0x200006f8        -       0x0000004c   Zero   RW          117    .bss.htim14         tim.o
    0x20000744        -       0x0000004c   Zero   RW          118    .bss.htim16         tim.o
    0x20000790        -       0x0000004c   Zero   RW          119    .bss.htim17         tim.o
    0x200007dc        -       0x0000004c   Zero   RW          116    .bss.htim2          tim.o
    0x20000828        -       0x00000094   Zero   RW          136    .bss.huart1         usart.o
    0x200008bc        -       0x00000094   Zero   RW          137    .bss.huart2         usart.o
    0x20000950        -       0x00000080   Zero   RW         1981    .bss.s_cli_rx_buffer  cli_driver.o
    0x200009d0        -       0x00000400   Zero   RW         1982    .bss.s_cli_tx_fifo  cli_driver.o
    0x20000dd0        -       0x0000011c   Zero   RW         1888    .bss.s_config_cache  gerenciador_configuracoes.o
    0x20000eec        -       0x00000040   Zero   RW         1776    .bss.s_tx_dma_buffer  dwin_driver.o
    0x20000f2c        -       0x00000080   Zero   RW         1775    .bss.s_tx_fifo      dwin_driver.o
    0x20000fac        -       0x00000004   Zero   RW          271    .bss.uwTick         stm32c0xx_hal.o
    0x20000fb0        -       0x00000400   Zero   RW            1    STACK               startup_stm32c071xx.o


==============================================================================

Image component sizes


      Code (inc. data)   RO Data    RW Data    ZI Data      Debug   Object Name

       200         20          0          0        100       5448   adc.o
      1978        172         33         32          9       9369   ads1232_driver.o
       788        232        362          0         44       7249   app_manager.o
      2772        808        877          0       1232      14312   cli_driver.o
      2788        970        771          2         17      12318   controller.o
        92         16          0          0         36       2786   crc.o
        88          4          0          0          0       1982   dma.o
      2164        168        157          0        284      14211   dwin_driver.o
       580        156          0          0         24       6525   eeprom_driver.o
      1576        322        586          0        292       8109   gerenciador_configuracoes.o
       324         12          0          0          0       2790   gpio.o
         0          0       1111          0          0       1335   gxxx_equacoes.o
       224         24          0          0         84       5878   i2c.o
       212         20          0          0          0       4052   main.o
        36          4          0          0          0       1784   pcb_frequency.o
       166         24          0          0          0       5407   pwm_servo_driver.o
        68         12          0          0         12       5033   retarget.o
       216         20          0          0         40       4218   rtc.o
       380         76          0          0         26       5373   rtc_driver.o
       214         24         80         28         12       6428   servo_controle.o
        28          8        192          0       1024        636   startup_stm32c071xx.o
       166         20          0          8          4       6734   stm32c0xx_hal.o
      2012         80          0          0          0      23404   stm32c0xx_hal_adc.o
       164         28          0          0          0       6941   stm32c0xx_hal_cortex.o
       712          8          0          0          0       7874   stm32c0xx_hal_crc.o
        92         16          0          0          0       2733   stm32c0xx_hal_crc_ex.o
       926         28          0          0          0       9355   stm32c0xx_hal_dma.o
       468         20          0          0          0       5169   stm32c0xx_hal_gpio.o
      6460        192          0          0          0      69293   stm32c0xx_hal_i2c.o
       132          0          0          0          0       6039   stm32c0xx_hal_i2c_ex.o
        40          0          0          0          0       1352   stm32c0xx_hal_msp.o
       580          0          0          0          0      17579   stm32c0xx_hal_pcd.o
        36          0          0          0          0       5715   stm32c0xx_hal_pcd_ex.o
      1424         64          0          0          0       8579   stm32c0xx_hal_rcc.o
       324          8          0          0          0       7711   stm32c0xx_hal_rcc_ex.o
      1230         24          0          0          0      14806   stm32c0xx_hal_rtc.o
      2442        102          0          0          0      71100   stm32c0xx_hal_tim.o
       290         32          0          0          0      27475   stm32c0xx_hal_tim_ex.o
      5644        160         24          0          0      50343   stm32c0xx_hal_uart.o
       436          8         16          0          0      12232   stm32c0xx_hal_uart_ex.o
       270         40          0          0          0       7858   stm32c0xx_it.o
        42          4          0          0          0      37027   stm32c0xx_ll_usb.o
        16          4         96          4          0       2124   system_stm32c0xx.o
       200         32          0          0          0       1778   temp_sensor.o
       832         68          0          0        304      10396   tim.o
       620         40          0          0        664       7248   usart.o
       136         16          0          0        736       4607   usb.o

    ----------------------------------------------------------------------
     40640       4086       4340         76       4956     550715   Object Totals
         0          0         32          0          0          0   (incl. Generated)
        52          0          3          2         12          0   (incl. Padding)

    ----------------------------------------------------------------------

      Code (inc. data)   RO Data    RW Data    ZI Data      Debug   Library Member Name

        60         10          0          0          0         84   __0sscanf.o
        30          0          0          0          0         60   _chval.o
       824         12          0          0          0         84   _scanf.o
       330          0          0          0          0         84   _scanf_int.o
        68          0          0          0          0         76   _sgetc.o
       166          0          0          0          0         84   _strtoul.o
        26          0          0          0          0         72   atoi.o
        26          0          0          0          0         72   atol.o
         8          4        133          0          0         60   ctype_o.o
         0          0          0          0          0          0   entry.o
         0          0          0          0          0          0   entry10a.o
         0          0          0          0          0          0   entry11a.o
         8          4          0          0          0          0   entry2.o
         4          0          0          0          0          0   entry5.o
         0          0          0          0          0          0   entry7b.o
         0          0          0          0          0          0   entry8b.o
         8          4          0          0          0          0   entry9a.o
         8          4          0          4          0         60   errno.o
        30          0          0          0          0          0   handlers.o
        48         10          0          0          0         68   init.o
        18          0          0          0          0         68   isspace_o.o
         0          0          0          0          0          0   iusefp.o
        32          0          0          0          0         68   llshl.o
        38          0          0          0          0         68   llsshr.o
        34          0          0          0          0         68   llushr.o
        36          0          0          0          0         60   memcpya.o
        36          0          0          0          0        100   memseta.o
      2380        108          0          0          0        708   printfa.o
        32          4          0          0          0         68   puts.o
        44          8          0          0          0         84   scanf_char.o
         0          0          0          4          0          0   stdout.o
        38          0          0          0          0         76   strcasecmp.o
        20          0          0          0          0         60   strchr.o
        28          0          0          0          0         68   strcmp.o
        18          0          0          0          0         60   strcpy.o
        14          0          0          0          0         60   strlen.o
        26          0          0          0          0         68   strncpy.o
       112          4          0          0          0         76   strtol.o
        12          0          0          0          0         60   tolower.o
        12          0          0          0          0         60   toupper.o
        62          0          0          0          0         72   uidiv_div0.o
        96          0          0          0          0         84   uldiv.o
        40          2          0          0          0         68   cdrcmple.o
       356          4          0          0          0        140   dadd.o
       240          6          0          0          0         84   ddiv.o
       236          0          0          0          0        216   depilogue.o
        64         10          0          0          0         68   dfixul.o
        40          6          0          0          0         68   dflti.o
       208          6          0          0          0         88   dmul.o
        40          0          0          0          0         60   f2d.o
       178          0          0          0          0        108   fadd.o
        28          0          0          0          0         60   fcmpge.o
        28          0          0          0          0         60   fcmpgt.o
        28          0          0          0          0         60   fcmple.o
        28          0          0          0          0         60   fcmplt.o
       124          0          0          0          0         72   fdiv.o
       130          0          0          0          0        144   fepilogue.o
        50          0          0          0          0         60   ffixi.o
        22          0          0          0          0         68   fflti.o
        14          0          0          0          0         68   ffltui.o
       122          0          0          0          0         72   fmul.o

    ----------------------------------------------------------------------
      6720        206        136          8          0       4464   Library Totals
        12          0          3          0          0          0   (incl. Padding)

    ----------------------------------------------------------------------

      Code (inc. data)   RO Data    RW Data    ZI Data      Debug   Library Name

      4732        172        133          8          0       2840   mc_p.l
      1976         34          0          0          0       1624   mf_p.l

    ----------------------------------------------------------------------
      6720        206        136          8          0       4464   Library Totals

    ----------------------------------------------------------------------

==============================================================================


      Code (inc. data)   RO Data    RW Data    ZI Data      Debug   

     47360       4292       4476         84       4956     552023   Grand Totals
     47360       4292       4476         84       4956     552023   ELF Image Totals
     47360       4292       4476         84          0          0   ROM Totals

==============================================================================

    Total RO  Size (Code + RO Data)                51836 (  50.62kB)
    Total RW  Size (RW Data + ZI Data)              5040 (   4.92kB)
    Total ROM Size (Code + RO Data + RW Data)      51920 (  50.70kB)

==============================================================================

