<!doctype html public "-//w3c//dtd html 4.0 transitional//en">
<html><head>
<title>Static Call Graph - [STM32C071RB_VER_00\STM32C071RB_VER_00.axf]</title></head>
<body><HR>
<H1>Static Call Graph for image STM32C071RB_VER_00\STM32C071RB_VER_00.axf</H1><HR>
<BR><P>#&#060CALLGRAPH&#062# ARM Linker, 6230001: Last Updated: Thu Sep 18 09:08:08 2025
<BR><P>
<H3>Maximum Stack Usage =        292 bytes + Unknown(Cycles, Untraceable Function Pointers)</H3><H3>
Call chain for Maximum Stack Depth:</H3>
main &rArr; MX_TIM17_Init &rArr; HAL_TIM_Base_Init &rArr; HAL_TIM_Base_MspInit &rArr; HAL_GPIO_Init
<P>
<H3>
Mutually Recursive functions
</H3> <LI><a href="#[12]">ADC1_IRQHandler</a>&nbsp;&nbsp;&nbsp;&rArr;&nbsp;&nbsp;&nbsp;<a href="#[12]">ADC1_IRQHandler</a><BR>
 <LI><a href="#[2]">HardFault_Handler</a>&nbsp;&nbsp;&nbsp;&rArr;&nbsp;&nbsp;&nbsp;<a href="#[2]">HardFault_Handler</a><BR>
 <LI><a href="#[1]">NMI_Handler</a>&nbsp;&nbsp;&nbsp;&rArr;&nbsp;&nbsp;&nbsp;<a href="#[1]">NMI_Handler</a><BR>
</UL>
<P>
<H3>
Function Pointers
</H3><UL>
 <LI><a href="#[12]">ADC1_IRQHandler</a> from startup_stm32c071xx.o(.text) referenced from startup_stm32c071xx.o(RESET)
 <LI><a href="#[46]">Acao_Abrir_Funil</a> from servo_controle.o(.text.Acao_Abrir_Funil) referenced from servo_controle.o(.rodata.s_fluxo_processo)
 <LI><a href="#[48]">Acao_Finalizar</a> from servo_controle.o(.text.Acao_Finalizar) referenced from servo_controle.o(.rodata.s_fluxo_processo)
 <LI><a href="#[47]">Acao_Varrer_Scrap</a> from servo_controle.o(.text.Acao_Varrer_Scrap) referenced from servo_controle.o(.rodata.s_fluxo_processo)
 <LI><a href="#[3e]">Cmd_Dwin</a> from cli_driver.o(.text.Cmd_Dwin) referenced from cli_driver.o(.rodata.s_command_table)
 <LI><a href="#[41]">Cmd_GetFreq</a> from cli_driver.o(.text.Cmd_GetFreq) referenced from cli_driver.o(.rodata.s_command_table)
 <LI><a href="#[3f]">Cmd_GetPeso</a> from cli_driver.o(.text.Cmd_GetPeso) referenced from cli_driver.o(.rodata.s_command_table)
 <LI><a href="#[40]">Cmd_GetTemp</a> from cli_driver.o(.text.Cmd_GetTemp) referenced from cli_driver.o(.rodata.s_command_table)
 <LI><a href="#[3d]">Cmd_Help</a> from cli_driver.o(.text.Cmd_Help) referenced 2 times from cli_driver.o(.rodata.s_command_table)
 <LI><a href="#[27]">Controller_DwinCallback</a> from controller.o(.text.Controller_DwinCallback) referenced from app_manager.o(.text.App_Manager_Init)
 <LI><a href="#[f]">DMA1_Channel1_IRQHandler</a> from stm32c0xx_it.o(.text.DMA1_Channel1_IRQHandler) referenced from startup_stm32c071xx.o(RESET)
 <LI><a href="#[10]">DMA1_Channel2_3_IRQHandler</a> from stm32c0xx_it.o(.text.DMA1_Channel2_3_IRQHandler) referenced from startup_stm32c071xx.o(RESET)
 <LI><a href="#[11]">DMAMUX1_DMA1_CH4_5_IRQHandler</a> from stm32c0xx_it.o(.text.DMAMUX1_DMA1_CH4_5_IRQHandler) referenced from startup_stm32c071xx.o(RESET)
 <LI><a href="#[b]">EXTI0_1_IRQHandler</a> from startup_stm32c071xx.o(.text) referenced from startup_stm32c071xx.o(RESET)
 <LI><a href="#[c]">EXTI2_3_IRQHandler</a> from startup_stm32c071xx.o(.text) referenced from startup_stm32c071xx.o(RESET)
 <LI><a href="#[d]">EXTI4_15_IRQHandler</a> from stm32c0xx_it.o(.text.EXTI4_15_IRQHandler) referenced from startup_stm32c071xx.o(RESET)
 <LI><a href="#[9]">FLASH_IRQHandler</a> from startup_stm32c071xx.o(.text) referenced from startup_stm32c071xx.o(RESET)
 <LI><a href="#[43]">Handle_Dwin_INT</a> from cli_driver.o(.text.Handle_Dwin_INT) referenced from cli_driver.o(.rodata.s_dwin_table)
 <LI><a href="#[44]">Handle_Dwin_INT32</a> from cli_driver.o(.text.Handle_Dwin_INT32) referenced from cli_driver.o(.rodata.s_dwin_table)
 <LI><a href="#[42]">Handle_Dwin_PIC</a> from cli_driver.o(.text.Handle_Dwin_PIC) referenced from cli_driver.o(.rodata.s_dwin_table)
 <LI><a href="#[45]">Handle_Dwin_RAW</a> from cli_driver.o(.text.Handle_Dwin_RAW) referenced from cli_driver.o(.rodata.s_dwin_table)
 <LI><a href="#[2]">HardFault_Handler</a> from stm32c0xx_it.o(.text.HardFault_Handler) referenced from startup_stm32c071xx.o(RESET)
 <LI><a href="#[1a]">I2C1_IRQHandler</a> from startup_stm32c071xx.o(.text) referenced from startup_stm32c071xx.o(RESET)
 <LI><a href="#[1b]">I2C2_IRQHandler</a> from startup_stm32c071xx.o(.text) referenced from startup_stm32c071xx.o(RESET)
 <LI><a href="#[33]">I2C_DMAAbort</a> from stm32c0xx_hal_i2c.o(.text.I2C_DMAAbort) referenced from stm32c0xx_hal_i2c.o(.text.I2C_ITError)
 <LI><a href="#[2b]">I2C_DMAError</a> from stm32c0xx_hal_i2c.o(.text.I2C_DMAError) referenced from stm32c0xx_hal_i2c.o(.text.HAL_I2C_Mem_Write_DMA)
 <LI><a href="#[2c]">I2C_DMAMasterTransmitCplt</a> from stm32c0xx_hal_i2c.o(.text.I2C_DMAMasterTransmitCplt) referenced from stm32c0xx_hal_i2c.o(.text.HAL_I2C_Mem_Write_DMA)
 <LI><a href="#[29]">I2C_Master_ISR_DMA</a> from stm32c0xx_hal_i2c.o(.text.I2C_Master_ISR_DMA) referenced from stm32c0xx_hal_i2c.o(.text.HAL_I2C_Master_Abort_IT)
 <LI><a href="#[29]">I2C_Master_ISR_DMA</a> from stm32c0xx_hal_i2c.o(.text.I2C_Master_ISR_DMA) referenced from stm32c0xx_hal_i2c.o(.text.I2C_DMAMasterTransmitCplt)
 <LI><a href="#[29]">I2C_Master_ISR_DMA</a> from stm32c0xx_hal_i2c.o(.text.I2C_Master_ISR_DMA) referenced from stm32c0xx_hal_i2c.o(.text.I2C_Mem_ISR_DMA)
 <LI><a href="#[2a]">I2C_Mem_ISR_DMA</a> from stm32c0xx_hal_i2c.o(.text.I2C_Mem_ISR_DMA) referenced from stm32c0xx_hal_i2c.o(.text.HAL_I2C_Mem_Write_DMA)
 <LI><a href="#[2a]">I2C_Mem_ISR_DMA</a> from stm32c0xx_hal_i2c.o(.text.I2C_Mem_ISR_DMA) referenced from stm32c0xx_hal_i2c.o(.text.I2C_DMAMasterTransmitCplt)
 <LI><a href="#[2a]">I2C_Mem_ISR_DMA</a> from stm32c0xx_hal_i2c.o(.text.I2C_Mem_ISR_DMA) referenced from stm32c0xx_hal_i2c.o(.text.I2C_Mem_ISR_DMA)
 <LI><a href="#[28]">I2C_Slave_ISR_DMA</a> from stm32c0xx_hal_i2c.o(.text.I2C_Slave_ISR_DMA) referenced from stm32c0xx_hal_i2c.o(.text.HAL_I2C_Master_Abort_IT)
 <LI><a href="#[28]">I2C_Slave_ISR_DMA</a> from stm32c0xx_hal_i2c.o(.text.I2C_Slave_ISR_DMA) referenced from stm32c0xx_hal_i2c.o(.text.I2C_DMAMasterTransmitCplt)
 <LI><a href="#[28]">I2C_Slave_ISR_DMA</a> from stm32c0xx_hal_i2c.o(.text.I2C_Slave_ISR_DMA) referenced from stm32c0xx_hal_i2c.o(.text.I2C_Mem_ISR_DMA)
 <LI><a href="#[32]">I2C_Slave_ISR_IT</a> from stm32c0xx_hal_i2c.o(.text.I2C_Slave_ISR_IT) referenced from stm32c0xx_hal_i2c.o(.text.I2C_ITError)
 <LI><a href="#[1]">NMI_Handler</a> from stm32c0xx_it.o(.text.NMI_Handler) referenced from startup_stm32c071xx.o(RESET)
 <LI><a href="#[7]">PVD_VDDIO2_IRQHandler</a> from startup_stm32c071xx.o(.text) referenced from startup_stm32c071xx.o(RESET)
 <LI><a href="#[4]">PendSV_Handler</a> from stm32c0xx_it.o(.text.PendSV_Handler) referenced from startup_stm32c071xx.o(RESET)
 <LI><a href="#[a]">RCC_CRS_IRQHandler</a> from startup_stm32c071xx.o(.text) referenced from startup_stm32c071xx.o(RESET)
 <LI><a href="#[8]">RTC_IRQHandler</a> from startup_stm32c071xx.o(.text) referenced from startup_stm32c071xx.o(RESET)
 <LI><a href="#[0]">Reset_Handler</a> from startup_stm32c071xx.o(.text) referenced from startup_stm32c071xx.o(RESET)
 <LI><a href="#[1c]">SPI1_IRQHandler</a> from startup_stm32c071xx.o(.text) referenced from startup_stm32c071xx.o(RESET)
 <LI><a href="#[1d]">SPI2_IRQHandler</a> from startup_stm32c071xx.o(.text) referenced from startup_stm32c071xx.o(RESET)
 <LI><a href="#[3]">SVC_Handler</a> from stm32c0xx_it.o(.text.SVC_Handler) referenced from startup_stm32c071xx.o(RESET)
 <LI><a href="#[5]">SysTick_Handler</a> from stm32c0xx_it.o(.text.SysTick_Handler) referenced from startup_stm32c071xx.o(RESET)
 <LI><a href="#[21]">SystemInit</a> from system_stm32c0xx.o(.text.SystemInit) referenced from startup_stm32c071xx.o(.text)
 <LI><a href="#[17]">TIM14_IRQHandler</a> from stm32c0xx_it.o(.text.TIM14_IRQHandler) referenced from startup_stm32c071xx.o(RESET)
 <LI><a href="#[18]">TIM16_IRQHandler</a> from startup_stm32c071xx.o(.text) referenced from startup_stm32c071xx.o(RESET)
 <LI><a href="#[19]">TIM17_IRQHandler</a> from startup_stm32c071xx.o(.text) referenced from startup_stm32c071xx.o(RESET)
 <LI><a href="#[13]">TIM1_BRK_UP_TRG_COM_IRQHandler</a> from startup_stm32c071xx.o(.text) referenced from startup_stm32c071xx.o(RESET)
 <LI><a href="#[14]">TIM1_CC_IRQHandler</a> from startup_stm32c071xx.o(.text) referenced from startup_stm32c071xx.o(RESET)
 <LI><a href="#[15]">TIM2_IRQHandler</a> from startup_stm32c071xx.o(.text) referenced from startup_stm32c071xx.o(RESET)
 <LI><a href="#[16]">TIM3_IRQHandler</a> from startup_stm32c071xx.o(.text) referenced from startup_stm32c071xx.o(RESET)
 <LI><a href="#[2e]">UART_DMAAbortOnError</a> from stm32c0xx_hal_uart.o(.text.UART_DMAAbortOnError) referenced from stm32c0xx_hal_uart.o(.text.HAL_UART_IRQHandler)
 <LI><a href="#[2f]">UART_DMAError</a> from stm32c0xx_hal_uart.o(.text.UART_DMAError) referenced from stm32c0xx_hal_uart.o(.text.HAL_UART_Transmit_DMA)
 <LI><a href="#[2f]">UART_DMAError</a> from stm32c0xx_hal_uart.o(.text.UART_DMAError) referenced from stm32c0xx_hal_uart.o(.text.UART_Start_Receive_DMA)
 <LI><a href="#[36]">UART_DMAReceiveCplt</a> from stm32c0xx_hal_uart.o(.text.UART_DMAReceiveCplt) referenced from stm32c0xx_hal_uart.o(.text.UART_Start_Receive_DMA)
 <LI><a href="#[35]">UART_DMARxHalfCplt</a> from stm32c0xx_hal_uart.o(.text.UART_DMARxHalfCplt) referenced from stm32c0xx_hal_uart.o(.text.UART_Start_Receive_DMA)
 <LI><a href="#[2d]">UART_DMARxOnlyAbortCallback</a> from stm32c0xx_hal_uart.o(.text.UART_DMARxOnlyAbortCallback) referenced from stm32c0xx_hal_uart.o(.text.HAL_UART_AbortReceive_IT)
 <LI><a href="#[31]">UART_DMATransmitCplt</a> from stm32c0xx_hal_uart.o(.text.UART_DMATransmitCplt) referenced from stm32c0xx_hal_uart.o(.text.HAL_UART_Transmit_DMA)
 <LI><a href="#[30]">UART_DMATxHalfCplt</a> from stm32c0xx_hal_uart.o(.text.UART_DMATxHalfCplt) referenced from stm32c0xx_hal_uart.o(.text.HAL_UART_Transmit_DMA)
 <LI><a href="#[34]">UART_RxISR_16BIT</a> from stm32c0xx_hal_uart.o(.text.UART_RxISR_16BIT) referenced from stm32c0xx_hal_uart.o(.text.UART_RxISR_16BIT_FIFOEN)
 <LI><a href="#[34]">UART_RxISR_16BIT</a> from stm32c0xx_hal_uart.o(.text.UART_RxISR_16BIT) referenced from stm32c0xx_hal_uart.o(.text.UART_Start_Receive_IT)
 <LI><a href="#[38]">UART_RxISR_16BIT_FIFOEN</a> from stm32c0xx_hal_uart.o(.text.UART_RxISR_16BIT_FIFOEN) referenced from stm32c0xx_hal_uart.o(.text.UART_Start_Receive_IT)
 <LI><a href="#[39]">UART_RxISR_8BIT</a> from stm32c0xx_hal_uart.o(.text.UART_RxISR_8BIT) referenced from stm32c0xx_hal_uart.o(.text.UART_Start_Receive_IT)
 <LI><a href="#[37]">UART_RxISR_8BIT_FIFOEN</a> from stm32c0xx_hal_uart.o(.text.UART_RxISR_8BIT_FIFOEN) referenced from stm32c0xx_hal_uart.o(.text.UART_Start_Receive_IT)
 <LI><a href="#[1e]">USART1_IRQHandler</a> from stm32c0xx_it.o(.text.USART1_IRQHandler) referenced from startup_stm32c071xx.o(RESET)
 <LI><a href="#[1f]">USART2_IRQHandler</a> from stm32c0xx_it.o(.text.USART2_IRQHandler) referenced from startup_stm32c071xx.o(RESET)
 <LI><a href="#[e]">USB_DRD_FS_IRQHandler</a> from startup_stm32c071xx.o(.text) referenced from startup_stm32c071xx.o(RESET)
 <LI><a href="#[6]">WWDG_IRQHandler</a> from startup_stm32c071xx.o(.text) referenced from startup_stm32c071xx.o(RESET)
 <LI><a href="#[22]">__main</a> from entry.o(.ARM.Collect$$$$00000000) referenced from startup_stm32c071xx.o(.text)
 <LI><a href="#[24]">_sbackspace</a> from _sgetc.o(.text) referenced from __0sscanf.o(.text)
 <LI><a href="#[25]">_scanf_char_input</a> from scanf_char.o(.text) referenced from scanf_char.o(.text)
 <LI><a href="#[23]">_sgetc</a> from _sgetc.o(.text) referenced from __0sscanf.o(.text)
 <LI><a href="#[3b]">_snputc</a> from printfa.o(i._snputc) referenced from printfa.o(i.__0snprintf)
 <LI><a href="#[3c]">_sputc</a> from printfa.o(i._sputc) referenced from printfa.o(i.__0sprintf)
 <LI><a href="#[3a]">fputc</a> from retarget.o(.text.fputc) referenced from printfa.o(i.__0printf)
 <LI><a href="#[26]">isspace</a> from isspace_o.o(.text) referenced from scanf_char.o(.text)
 <LI><a href="#[20]">main</a> from main.o(.text.main) referenced from entry9a.o(.ARM.Collect$$$$0000000B)
</UL>
<P>
<H3>
Global Symbols
</H3>
<P><STRONG><a name="[22]"></a>__main</STRONG> (Thumb, 0 bytes, Stack size unknown bytes, entry.o(.ARM.Collect$$$$00000000))
<BR>[Address Reference Count : 1]<UL><LI> startup_stm32c071xx.o(.text)
</UL>
<P><STRONG><a name="[162]"></a>_main_stk</STRONG> (Thumb, 0 bytes, Stack size unknown bytes, entry2.o(.ARM.Collect$$$$00000001))

<P><STRONG><a name="[49]"></a>_main_scatterload</STRONG> (Thumb, 0 bytes, Stack size unknown bytes, entry5.o(.ARM.Collect$$$$00000004))
<BR><BR>[Calls]<UL><LI><a href="#[4a]">&gt;&gt;</a>&nbsp;&nbsp;&nbsp;__scatterload
</UL>

<P><STRONG><a name="[71]"></a>__main_after_scatterload</STRONG> (Thumb, 0 bytes, Stack size unknown bytes, entry5.o(.ARM.Collect$$$$00000004))
<BR><BR>[Called By]<UL><LI><a href="#[4a]">&gt;&gt;</a>&nbsp;&nbsp;&nbsp;__scatterload
</UL>

<P><STRONG><a name="[163]"></a>_main_clock</STRONG> (Thumb, 0 bytes, Stack size unknown bytes, entry7b.o(.ARM.Collect$$$$00000008))

<P><STRONG><a name="[164]"></a>_main_cpp_init</STRONG> (Thumb, 0 bytes, Stack size unknown bytes, entry8b.o(.ARM.Collect$$$$0000000A))

<P><STRONG><a name="[165]"></a>_main_init</STRONG> (Thumb, 0 bytes, Stack size unknown bytes, entry9a.o(.ARM.Collect$$$$0000000B))

<P><STRONG><a name="[166]"></a>__rt_final_cpp</STRONG> (Thumb, 0 bytes, Stack size unknown bytes, entry10a.o(.ARM.Collect$$$$0000000D))

<P><STRONG><a name="[167]"></a>__rt_final_exit</STRONG> (Thumb, 0 bytes, Stack size unknown bytes, entry11a.o(.ARM.Collect$$$$0000000F))

<P><STRONG><a name="[0]"></a>Reset_Handler</STRONG> (Thumb, 8 bytes, Stack size 0 bytes, startup_stm32c071xx.o(.text))
<BR>[Address Reference Count : 1]<UL><LI> startup_stm32c071xx.o(RESET)
</UL>
<P><STRONG><a name="[12]"></a>ADC1_IRQHandler</STRONG> (Thumb, 0 bytes, Stack size 0 bytes, startup_stm32c071xx.o(.text))
<BR><BR>[Calls]<UL><LI><a href="#[12]">&gt;&gt;</a>&nbsp;&nbsp;&nbsp;ADC1_IRQHandler
</UL>
<BR>[Called By]<UL><LI><a href="#[12]">&gt;&gt;</a>&nbsp;&nbsp;&nbsp;ADC1_IRQHandler
</UL>
<BR>[Address Reference Count : 1]<UL><LI> startup_stm32c071xx.o(RESET)
</UL>
<P><STRONG><a name="[b]"></a>EXTI0_1_IRQHandler</STRONG> (Thumb, 0 bytes, Stack size 0 bytes, startup_stm32c071xx.o(.text))
<BR>[Address Reference Count : 1]<UL><LI> startup_stm32c071xx.o(RESET)
</UL>
<P><STRONG><a name="[c]"></a>EXTI2_3_IRQHandler</STRONG> (Thumb, 0 bytes, Stack size 0 bytes, startup_stm32c071xx.o(.text))
<BR>[Address Reference Count : 1]<UL><LI> startup_stm32c071xx.o(RESET)
</UL>
<P><STRONG><a name="[9]"></a>FLASH_IRQHandler</STRONG> (Thumb, 0 bytes, Stack size 0 bytes, startup_stm32c071xx.o(.text))
<BR>[Address Reference Count : 1]<UL><LI> startup_stm32c071xx.o(RESET)
</UL>
<P><STRONG><a name="[1a]"></a>I2C1_IRQHandler</STRONG> (Thumb, 0 bytes, Stack size 0 bytes, startup_stm32c071xx.o(.text))
<BR>[Address Reference Count : 1]<UL><LI> startup_stm32c071xx.o(RESET)
</UL>
<P><STRONG><a name="[1b]"></a>I2C2_IRQHandler</STRONG> (Thumb, 0 bytes, Stack size 0 bytes, startup_stm32c071xx.o(.text))
<BR>[Address Reference Count : 1]<UL><LI> startup_stm32c071xx.o(RESET)
</UL>
<P><STRONG><a name="[7]"></a>PVD_VDDIO2_IRQHandler</STRONG> (Thumb, 0 bytes, Stack size 0 bytes, startup_stm32c071xx.o(.text))
<BR>[Address Reference Count : 1]<UL><LI> startup_stm32c071xx.o(RESET)
</UL>
<P><STRONG><a name="[a]"></a>RCC_CRS_IRQHandler</STRONG> (Thumb, 0 bytes, Stack size 0 bytes, startup_stm32c071xx.o(.text))
<BR>[Address Reference Count : 1]<UL><LI> startup_stm32c071xx.o(RESET)
</UL>
<P><STRONG><a name="[8]"></a>RTC_IRQHandler</STRONG> (Thumb, 0 bytes, Stack size 0 bytes, startup_stm32c071xx.o(.text))
<BR>[Address Reference Count : 1]<UL><LI> startup_stm32c071xx.o(RESET)
</UL>
<P><STRONG><a name="[1c]"></a>SPI1_IRQHandler</STRONG> (Thumb, 0 bytes, Stack size 0 bytes, startup_stm32c071xx.o(.text))
<BR>[Address Reference Count : 1]<UL><LI> startup_stm32c071xx.o(RESET)
</UL>
<P><STRONG><a name="[1d]"></a>SPI2_IRQHandler</STRONG> (Thumb, 0 bytes, Stack size 0 bytes, startup_stm32c071xx.o(.text))
<BR>[Address Reference Count : 1]<UL><LI> startup_stm32c071xx.o(RESET)
</UL>
<P><STRONG><a name="[18]"></a>TIM16_IRQHandler</STRONG> (Thumb, 0 bytes, Stack size 0 bytes, startup_stm32c071xx.o(.text))
<BR>[Address Reference Count : 1]<UL><LI> startup_stm32c071xx.o(RESET)
</UL>
<P><STRONG><a name="[19]"></a>TIM17_IRQHandler</STRONG> (Thumb, 0 bytes, Stack size 0 bytes, startup_stm32c071xx.o(.text))
<BR>[Address Reference Count : 1]<UL><LI> startup_stm32c071xx.o(RESET)
</UL>
<P><STRONG><a name="[13]"></a>TIM1_BRK_UP_TRG_COM_IRQHandler</STRONG> (Thumb, 0 bytes, Stack size 0 bytes, startup_stm32c071xx.o(.text))
<BR>[Address Reference Count : 1]<UL><LI> startup_stm32c071xx.o(RESET)
</UL>
<P><STRONG><a name="[14]"></a>TIM1_CC_IRQHandler</STRONG> (Thumb, 0 bytes, Stack size 0 bytes, startup_stm32c071xx.o(.text))
<BR>[Address Reference Count : 1]<UL><LI> startup_stm32c071xx.o(RESET)
</UL>
<P><STRONG><a name="[15]"></a>TIM2_IRQHandler</STRONG> (Thumb, 0 bytes, Stack size 0 bytes, startup_stm32c071xx.o(.text))
<BR>[Address Reference Count : 1]<UL><LI> startup_stm32c071xx.o(RESET)
</UL>
<P><STRONG><a name="[16]"></a>TIM3_IRQHandler</STRONG> (Thumb, 0 bytes, Stack size 0 bytes, startup_stm32c071xx.o(.text))
<BR>[Address Reference Count : 1]<UL><LI> startup_stm32c071xx.o(RESET)
</UL>
<P><STRONG><a name="[e]"></a>USB_DRD_FS_IRQHandler</STRONG> (Thumb, 0 bytes, Stack size 0 bytes, startup_stm32c071xx.o(.text))
<BR>[Address Reference Count : 1]<UL><LI> startup_stm32c071xx.o(RESET)
</UL>
<P><STRONG><a name="[6]"></a>WWDG_IRQHandler</STRONG> (Thumb, 0 bytes, Stack size 0 bytes, startup_stm32c071xx.o(.text))
<BR>[Address Reference Count : 1]<UL><LI> startup_stm32c071xx.o(RESET)
</UL>
<P><STRONG><a name="[4b]"></a>__rt_ctype_table</STRONG> (Thumb, 4 bytes, Stack size 0 bytes, ctype_o.o(.text))
<BR><BR>[Called By]<UL><LI><a href="#[a8]">&gt;&gt;</a>&nbsp;&nbsp;&nbsp;CLI_HandleRxCplt
<LI><a href="#[26]">&gt;&gt;</a>&nbsp;&nbsp;&nbsp;isspace
<LI><a href="#[92]">&gt;&gt;</a>&nbsp;&nbsp;&nbsp;CLI_Process
<LI><a href="#[45]">&gt;&gt;</a>&nbsp;&nbsp;&nbsp;Handle_Dwin_RAW
<LI><a href="#[3e]">&gt;&gt;</a>&nbsp;&nbsp;&nbsp;Cmd_Dwin
<LI><a href="#[55]">&gt;&gt;</a>&nbsp;&nbsp;&nbsp;strtol
</UL>

<P><STRONG><a name="[26]"></a>isspace</STRONG> (Thumb, 18 bytes, Stack size 8 bytes, isspace_o.o(.text))
<BR><BR>[Stack]<UL><LI>Max Depth = 8<LI>Call Chain = isspace
</UL>
<BR>[Calls]<UL><LI><a href="#[4b]">&gt;&gt;</a>&nbsp;&nbsp;&nbsp;__rt_ctype_table
</UL>
<BR>[Address Reference Count : 1]<UL><LI> scanf_char.o(.text)
</UL>
<P><STRONG><a name="[11e]"></a>toupper</STRONG> (Thumb, 12 bytes, Stack size 0 bytes, toupper.o(.text))
<BR><BR>[Called By]<UL><LI><a href="#[45]">&gt;&gt;</a>&nbsp;&nbsp;&nbsp;Handle_Dwin_RAW
</UL>

<P><STRONG><a name="[c0]"></a>__aeabi_memcpy</STRONG> (Thumb, 36 bytes, Stack size 0 bytes, memcpya.o(.text))
<BR><BR>[Called By]<UL><LI><a href="#[a2]">&gt;&gt;</a>&nbsp;&nbsp;&nbsp;DWIN_Driver_WriteString
</UL>

<P><STRONG><a name="[be]"></a>__aeabi_memcpy4</STRONG> (Thumb, 0 bytes, Stack size 0 bytes, memcpya.o(.text))
<BR><BR>[Called By]<UL><LI><a href="#[91]">&gt;&gt;</a>&nbsp;&nbsp;&nbsp;DWIN_Driver_Process
</UL>

<P><STRONG><a name="[168]"></a>__aeabi_memcpy8</STRONG> (Thumb, 0 bytes, Stack size 0 bytes, memcpya.o(.text), UNUSED)

<P><STRONG><a name="[4d]"></a>__aeabi_memset</STRONG> (Thumb, 14 bytes, Stack size 0 bytes, memseta.o(.text), UNUSED)
<BR><BR>[Called By]<UL><LI><a href="#[4e]">&gt;&gt;</a>&nbsp;&nbsp;&nbsp;_memset$wrapper
<LI><a href="#[4c]">&gt;&gt;</a>&nbsp;&nbsp;&nbsp;__aeabi_memclr
</UL>

<P><STRONG><a name="[169]"></a>__aeabi_memset4</STRONG> (Thumb, 0 bytes, Stack size 0 bytes, memseta.o(.text), UNUSED)

<P><STRONG><a name="[16a]"></a>__aeabi_memset8</STRONG> (Thumb, 0 bytes, Stack size 0 bytes, memseta.o(.text), UNUSED)

<P><STRONG><a name="[4c]"></a>__aeabi_memclr</STRONG> (Thumb, 4 bytes, Stack size 0 bytes, memseta.o(.text), UNUSED)
<BR><BR>[Calls]<UL><LI><a href="#[4d]">&gt;&gt;</a>&nbsp;&nbsp;&nbsp;__aeabi_memset
</UL>

<P><STRONG><a name="[ae]"></a>__aeabi_memclr4</STRONG> (Thumb, 0 bytes, Stack size 0 bytes, memseta.o(.text))
<BR><BR>[Called By]<UL><LI><a href="#[142]">&gt;&gt;</a>&nbsp;&nbsp;&nbsp;MX_TIM17_Init
<LI><a href="#[13f]">&gt;&gt;</a>&nbsp;&nbsp;&nbsp;MX_TIM16_Init
<LI><a href="#[8d]">&gt;&gt;</a>&nbsp;&nbsp;&nbsp;DWIN_Driver_Init
<LI><a href="#[92]">&gt;&gt;</a>&nbsp;&nbsp;&nbsp;CLI_Process
<LI><a href="#[88]">&gt;&gt;</a>&nbsp;&nbsp;&nbsp;Gerenciador_Config_Validar_e_Restaurar
</UL>

<P><STRONG><a name="[16b]"></a>__aeabi_memclr8</STRONG> (Thumb, 0 bytes, Stack size 0 bytes, memseta.o(.text), UNUSED)

<P><STRONG><a name="[4e]"></a>_memset$wrapper</STRONG> (Thumb, 18 bytes, Stack size 8 bytes, memseta.o(.text), UNUSED)
<BR><BR>[Calls]<UL><LI><a href="#[4d]">&gt;&gt;</a>&nbsp;&nbsp;&nbsp;__aeabi_memset
</UL>

<P><STRONG><a name="[cb]"></a>strncpy</STRONG> (Thumb, 26 bytes, Stack size 8 bytes, strncpy.o(.text))
<BR><BR>[Stack]<UL><LI>Max Depth = 8<LI>Call Chain = strncpy
</UL>
<BR>[Called By]<UL><LI><a href="#[ca]">&gt;&gt;</a>&nbsp;&nbsp;&nbsp;Gerenciador_Config_Get_Senha
<LI><a href="#[ce]">&gt;&gt;</a>&nbsp;&nbsp;&nbsp;Gerenciador_Config_Set_Senha
<LI><a href="#[88]">&gt;&gt;</a>&nbsp;&nbsp;&nbsp;Gerenciador_Config_Validar_e_Restaurar
</UL>

<P><STRONG><a name="[ad]"></a>strchr</STRONG> (Thumb, 20 bytes, Stack size 0 bytes, strchr.o(.text))
<BR><BR>[Called By]<UL><LI><a href="#[92]">&gt;&gt;</a>&nbsp;&nbsp;&nbsp;CLI_Process
<LI><a href="#[44]">&gt;&gt;</a>&nbsp;&nbsp;&nbsp;Handle_Dwin_INT32
<LI><a href="#[43]">&gt;&gt;</a>&nbsp;&nbsp;&nbsp;Handle_Dwin_INT
<LI><a href="#[3e]">&gt;&gt;</a>&nbsp;&nbsp;&nbsp;Cmd_Dwin
</UL>

<P><STRONG><a name="[a4]"></a>strlen</STRONG> (Thumb, 14 bytes, Stack size 0 bytes, strlen.o(.text))
<BR><BR>[Called By]<UL><LI><a href="#[a2]">&gt;&gt;</a>&nbsp;&nbsp;&nbsp;DWIN_Driver_WriteString
<LI><a href="#[a0]">&gt;&gt;</a>&nbsp;&nbsp;&nbsp;Atualizar_Display_Grao_Selecionado
<LI><a href="#[b5]">&gt;&gt;</a>&nbsp;&nbsp;&nbsp;Lidar_Com_VP_Senha
</UL>

<P><STRONG><a name="[131]"></a>strcmp</STRONG> (Thumb, 28 bytes, Stack size 8 bytes, strcmp.o(.text))
<BR><BR>[Stack]<UL><LI>Max Depth = 8<LI>Call Chain = strcmp
</UL>
<BR>[Called By]<UL><LI><a href="#[b5]">&gt;&gt;</a>&nbsp;&nbsp;&nbsp;Lidar_Com_VP_Senha
<LI><a href="#[b4]">&gt;&gt;</a>&nbsp;&nbsp;&nbsp;Lidar_Com_Entrada_De_Senha
</UL>

<P><STRONG><a name="[135]"></a>strcpy</STRONG> (Thumb, 18 bytes, Stack size 0 bytes, strcpy.o(.text))
<BR><BR>[Called By]<UL><LI><a href="#[b5]">&gt;&gt;</a>&nbsp;&nbsp;&nbsp;Lidar_Com_VP_Senha
</UL>

<P><STRONG><a name="[4f]"></a>strcasecmp</STRONG> (Thumb, 38 bytes, Stack size 24 bytes, strcasecmp.o(.text))
<BR><BR>[Stack]<UL><LI>Max Depth = 24<LI>Call Chain = strcasecmp
</UL>
<BR>[Calls]<UL><LI><a href="#[50]">&gt;&gt;</a>&nbsp;&nbsp;&nbsp;tolower
</UL>
<BR>[Called By]<UL><LI><a href="#[92]">&gt;&gt;</a>&nbsp;&nbsp;&nbsp;CLI_Process
<LI><a href="#[3e]">&gt;&gt;</a>&nbsp;&nbsp;&nbsp;Cmd_Dwin
</UL>

<P><STRONG><a name="[51]"></a>__0sscanf</STRONG> (Thumb, 50 bytes, Stack size 72 bytes, __0sscanf.o(.text))
<BR><BR>[Stack]<UL><LI>Max Depth = 208<LI>Call Chain = __0sscanf &rArr; __vfscanf_char &rArr; __vfscanf &rArr; _scanf_int
</UL>
<BR>[Calls]<UL><LI><a href="#[52]">&gt;&gt;</a>&nbsp;&nbsp;&nbsp;__vfscanf_char
</UL>
<BR>[Called By]<UL><LI><a href="#[b7]">&gt;&gt;</a>&nbsp;&nbsp;&nbsp;Set_Just_Time_Parser
</UL>

<P><STRONG><a name="[53]"></a>_scanf_int</STRONG> (Thumb, 330 bytes, Stack size 48 bytes, _scanf_int.o(.text))
<BR><BR>[Stack]<UL><LI>Max Depth = 48<LI>Call Chain = _scanf_int
</UL>
<BR>[Calls]<UL><LI><a href="#[54]">&gt;&gt;</a>&nbsp;&nbsp;&nbsp;_chval
</UL>
<BR>[Called By]<UL><LI><a href="#[6a]">&gt;&gt;</a>&nbsp;&nbsp;&nbsp;__vfscanf
</UL>

<P><STRONG><a name="[55]"></a>strtol</STRONG> (Thumb, 108 bytes, Stack size 32 bytes, strtol.o(.text))
<BR><BR>[Stack]<UL><LI>Max Depth = 72<LI>Call Chain = strtol &rArr; _strtoul
</UL>
<BR>[Calls]<UL><LI><a href="#[4b]">&gt;&gt;</a>&nbsp;&nbsp;&nbsp;__rt_ctype_table
<LI><a href="#[56]">&gt;&gt;</a>&nbsp;&nbsp;&nbsp;_strtoul
<LI><a href="#[57]">&gt;&gt;</a>&nbsp;&nbsp;&nbsp;__aeabi_errno_addr
</UL>
<BR>[Called By]<UL><LI><a href="#[44]">&gt;&gt;</a>&nbsp;&nbsp;&nbsp;Handle_Dwin_INT32
<LI><a href="#[43]">&gt;&gt;</a>&nbsp;&nbsp;&nbsp;Handle_Dwin_INT
<LI><a href="#[59]">&gt;&gt;</a>&nbsp;&nbsp;&nbsp;atol
<LI><a href="#[58]">&gt;&gt;</a>&nbsp;&nbsp;&nbsp;atoi
</UL>

<P><STRONG><a name="[58]"></a>atoi</STRONG> (Thumb, 26 bytes, Stack size 16 bytes, atoi.o(.text))
<BR><BR>[Stack]<UL><LI>Max Depth = 88<LI>Call Chain = atoi &rArr; strtol &rArr; _strtoul
</UL>
<BR>[Calls]<UL><LI><a href="#[57]">&gt;&gt;</a>&nbsp;&nbsp;&nbsp;__aeabi_errno_addr
<LI><a href="#[55]">&gt;&gt;</a>&nbsp;&nbsp;&nbsp;strtol
</UL>
<BR>[Called By]<UL><LI><a href="#[43]">&gt;&gt;</a>&nbsp;&nbsp;&nbsp;Handle_Dwin_INT
<LI><a href="#[42]">&gt;&gt;</a>&nbsp;&nbsp;&nbsp;Handle_Dwin_PIC
</UL>

<P><STRONG><a name="[59]"></a>atol</STRONG> (Thumb, 26 bytes, Stack size 16 bytes, atol.o(.text))
<BR><BR>[Stack]<UL><LI>Max Depth = 88<LI>Call Chain = atol &rArr; strtol &rArr; _strtoul
</UL>
<BR>[Calls]<UL><LI><a href="#[57]">&gt;&gt;</a>&nbsp;&nbsp;&nbsp;__aeabi_errno_addr
<LI><a href="#[55]">&gt;&gt;</a>&nbsp;&nbsp;&nbsp;strtol
</UL>
<BR>[Called By]<UL><LI><a href="#[44]">&gt;&gt;</a>&nbsp;&nbsp;&nbsp;Handle_Dwin_INT32
</UL>

<P><STRONG><a name="[5a]"></a>__aeabi_fadd</STRONG> (Thumb, 162 bytes, Stack size 24 bytes, fadd.o(.text))
<BR><BR>[Stack]<UL><LI>Max Depth = 36<LI>Call Chain = __aeabi_fadd &rArr; _float_epilogue
</UL>
<BR>[Calls]<UL><LI><a href="#[5c]">&gt;&gt;</a>&nbsp;&nbsp;&nbsp;_float_round
<LI><a href="#[5b]">&gt;&gt;</a>&nbsp;&nbsp;&nbsp;_float_epilogue
</UL>
<BR>[Called By]<UL><LI><a href="#[8e]">&gt;&gt;</a>&nbsp;&nbsp;&nbsp;App_Manager_Process
<LI><a href="#[5d]">&gt;&gt;</a>&nbsp;&nbsp;&nbsp;__aeabi_fsub
<LI><a href="#[78]">&gt;&gt;</a>&nbsp;&nbsp;&nbsp;ADS1232_ConvertToGrams
<LI><a href="#[8b]">&gt;&gt;</a>&nbsp;&nbsp;&nbsp;TempSensor_GetTemperature
<LI><a href="#[5e]">&gt;&gt;</a>&nbsp;&nbsp;&nbsp;__aeabi_frsub
</UL>

<P><STRONG><a name="[5d]"></a>__aeabi_fsub</STRONG> (Thumb, 8 bytes, Stack size 0 bytes, fadd.o(.text))
<BR><BR>[Stack]<UL><LI>Max Depth = 36<LI>Call Chain = __aeabi_fsub &rArr; __aeabi_fadd &rArr; _float_epilogue
</UL>
<BR>[Calls]<UL><LI><a href="#[5a]">&gt;&gt;</a>&nbsp;&nbsp;&nbsp;__aeabi_fadd
</UL>
<BR>[Called By]<UL><LI><a href="#[8e]">&gt;&gt;</a>&nbsp;&nbsp;&nbsp;App_Manager_Process
<LI><a href="#[78]">&gt;&gt;</a>&nbsp;&nbsp;&nbsp;ADS1232_ConvertToGrams
<LI><a href="#[8b]">&gt;&gt;</a>&nbsp;&nbsp;&nbsp;TempSensor_GetTemperature
</UL>

<P><STRONG><a name="[5e]"></a>__aeabi_frsub</STRONG> (Thumb, 8 bytes, Stack size 0 bytes, fadd.o(.text), UNUSED)
<BR><BR>[Calls]<UL><LI><a href="#[5a]">&gt;&gt;</a>&nbsp;&nbsp;&nbsp;__aeabi_fadd
</UL>

<P><STRONG><a name="[79]"></a>__aeabi_fmul</STRONG> (Thumb, 122 bytes, Stack size 16 bytes, fmul.o(.text))
<BR><BR>[Stack]<UL><LI>Max Depth = 16<LI>Call Chain = __aeabi_fmul
</UL>
<BR>[Called By]<UL><LI><a href="#[8e]">&gt;&gt;</a>&nbsp;&nbsp;&nbsp;App_Manager_Process
<LI><a href="#[78]">&gt;&gt;</a>&nbsp;&nbsp;&nbsp;ADS1232_ConvertToGrams
<LI><a href="#[8b]">&gt;&gt;</a>&nbsp;&nbsp;&nbsp;TempSensor_GetTemperature
<LI><a href="#[14b]">&gt;&gt;</a>&nbsp;&nbsp;&nbsp;PWM_Servo_SetAngle
</UL>

<P><STRONG><a name="[5f]"></a>__aeabi_fdiv</STRONG> (Thumb, 124 bytes, Stack size 16 bytes, fdiv.o(.text))
<BR><BR>[Stack]<UL><LI>Max Depth = 16<LI>Call Chain = __aeabi_fdiv
</UL>
<BR>[Calls]<UL><LI><a href="#[5c]">&gt;&gt;</a>&nbsp;&nbsp;&nbsp;_float_round
</UL>
<BR>[Called By]<UL><LI><a href="#[8e]">&gt;&gt;</a>&nbsp;&nbsp;&nbsp;App_Manager_Process
<LI><a href="#[78]">&gt;&gt;</a>&nbsp;&nbsp;&nbsp;ADS1232_ConvertToGrams
<LI><a href="#[8b]">&gt;&gt;</a>&nbsp;&nbsp;&nbsp;TempSensor_GetTemperature
<LI><a href="#[14b]">&gt;&gt;</a>&nbsp;&nbsp;&nbsp;PWM_Servo_SetAngle
</UL>

<P><STRONG><a name="[60]"></a>__aeabi_dmul</STRONG> (Thumb, 202 bytes, Stack size 72 bytes, dmul.o(.text), UNUSED)
<BR><BR>[Calls]<UL><LI><a href="#[61]">&gt;&gt;</a>&nbsp;&nbsp;&nbsp;_double_epilogue
</UL>
<BR>[Called By]<UL><LI><a href="#[15d]">&gt;&gt;</a>&nbsp;&nbsp;&nbsp;_fp_digits
</UL>

<P><STRONG><a name="[62]"></a>__aeabi_ddiv</STRONG> (Thumb, 234 bytes, Stack size 40 bytes, ddiv.o(.text), UNUSED)
<BR><BR>[Calls]<UL><LI><a href="#[63]">&gt;&gt;</a>&nbsp;&nbsp;&nbsp;_double_round
</UL>
<BR>[Called By]<UL><LI><a href="#[15d]">&gt;&gt;</a>&nbsp;&nbsp;&nbsp;_fp_digits
</UL>

<P><STRONG><a name="[98]"></a>__aeabi_fcmple</STRONG> (Thumb, 28 bytes, Stack size 0 bytes, fcmple.o(.text))
<BR><BR>[Called By]<UL><LI><a href="#[8e]">&gt;&gt;</a>&nbsp;&nbsp;&nbsp;App_Manager_Process
</UL>

<P><STRONG><a name="[14c]"></a>__aeabi_fcmplt</STRONG> (Thumb, 28 bytes, Stack size 0 bytes, fcmplt.o(.text))
<BR><BR>[Called By]<UL><LI><a href="#[14b]">&gt;&gt;</a>&nbsp;&nbsp;&nbsp;PWM_Servo_SetAngle
</UL>

<P><STRONG><a name="[94]"></a>__aeabi_fcmpge</STRONG> (Thumb, 28 bytes, Stack size 0 bytes, fcmpge.o(.text))
<BR><BR>[Called By]<UL><LI><a href="#[8e]">&gt;&gt;</a>&nbsp;&nbsp;&nbsp;App_Manager_Process
</UL>

<P><STRONG><a name="[14d]"></a>__aeabi_fcmpgt</STRONG> (Thumb, 28 bytes, Stack size 0 bytes, fcmpgt.o(.text))
<BR><BR>[Called By]<UL><LI><a href="#[14b]">&gt;&gt;</a>&nbsp;&nbsp;&nbsp;PWM_Servo_SetAngle
</UL>

<P><STRONG><a name="[64]"></a>__aeabi_i2f</STRONG> (Thumb, 22 bytes, Stack size 8 bytes, fflti.o(.text))
<BR><BR>[Stack]<UL><LI>Max Depth = 20<LI>Call Chain = __aeabi_i2f &rArr; _float_epilogue
</UL>
<BR>[Calls]<UL><LI><a href="#[5b]">&gt;&gt;</a>&nbsp;&nbsp;&nbsp;_float_epilogue
</UL>
<BR>[Called By]<UL><LI><a href="#[8e]">&gt;&gt;</a>&nbsp;&nbsp;&nbsp;App_Manager_Process
<LI><a href="#[78]">&gt;&gt;</a>&nbsp;&nbsp;&nbsp;ADS1232_ConvertToGrams
</UL>

<P><STRONG><a name="[65]"></a>__aeabi_ui2f</STRONG> (Thumb, 14 bytes, Stack size 8 bytes, ffltui.o(.text))
<BR><BR>[Stack]<UL><LI>Max Depth = 20<LI>Call Chain = __aeabi_ui2f &rArr; _float_epilogue
</UL>
<BR>[Calls]<UL><LI><a href="#[5b]">&gt;&gt;</a>&nbsp;&nbsp;&nbsp;_float_epilogue
</UL>
<BR>[Called By]<UL><LI><a href="#[8e]">&gt;&gt;</a>&nbsp;&nbsp;&nbsp;App_Manager_Process
<LI><a href="#[8b]">&gt;&gt;</a>&nbsp;&nbsp;&nbsp;TempSensor_GetTemperature
<LI><a href="#[14b]">&gt;&gt;</a>&nbsp;&nbsp;&nbsp;PWM_Servo_SetAngle
</UL>

<P><STRONG><a name="[66]"></a>__aeabi_i2d</STRONG> (Thumb, 34 bytes, Stack size 16 bytes, dflti.o(.text))
<BR><BR>[Stack]<UL><LI>Max Depth = 72<LI>Call Chain = __aeabi_i2d &rArr; _double_epilogue &rArr; __aeabi_llsr
</UL>
<BR>[Calls]<UL><LI><a href="#[61]">&gt;&gt;</a>&nbsp;&nbsp;&nbsp;_double_epilogue
</UL>
<BR>[Called By]<UL><LI><a href="#[a0]">&gt;&gt;</a>&nbsp;&nbsp;&nbsp;Atualizar_Display_Grao_Selecionado
</UL>

<P><STRONG><a name="[9a]"></a>__aeabi_f2iz</STRONG> (Thumb, 50 bytes, Stack size 0 bytes, ffixi.o(.text))
<BR><BR>[Called By]<UL><LI><a href="#[8e]">&gt;&gt;</a>&nbsp;&nbsp;&nbsp;App_Manager_Process
<LI><a href="#[14b]">&gt;&gt;</a>&nbsp;&nbsp;&nbsp;PWM_Servo_SetAngle
</UL>

<P><STRONG><a name="[8c]"></a>__aeabi_f2d</STRONG> (Thumb, 40 bytes, Stack size 0 bytes, f2d.o(.text))
<BR><BR>[Called By]<UL><LI><a href="#[83]">&gt;&gt;</a>&nbsp;&nbsp;&nbsp;App_Manager_Init
<LI><a href="#[41]">&gt;&gt;</a>&nbsp;&nbsp;&nbsp;Cmd_GetFreq
<LI><a href="#[40]">&gt;&gt;</a>&nbsp;&nbsp;&nbsp;Cmd_GetTemp
<LI><a href="#[3f]">&gt;&gt;</a>&nbsp;&nbsp;&nbsp;Cmd_GetPeso
</UL>

<P><STRONG><a name="[76]"></a>__aeabi_uidiv</STRONG> (Thumb, 0 bytes, Stack size 16 bytes, uidiv_div0.o(.text))
<BR><BR>[Stack]<UL><LI>Max Depth = 16<LI>Call Chain = __aeabi_uidiv
</UL>
<BR>[Called By]<UL><LI><a href="#[f0]">&gt;&gt;</a>&nbsp;&nbsp;&nbsp;HAL_RCC_GetPCLK1Freq
<LI><a href="#[f1]">&gt;&gt;</a>&nbsp;&nbsp;&nbsp;HAL_RCC_GetSysClockFreq
<LI><a href="#[75]">&gt;&gt;</a>&nbsp;&nbsp;&nbsp;ADC_Enable
<LI><a href="#[e6]">&gt;&gt;</a>&nbsp;&nbsp;&nbsp;HAL_InitTick
<LI><a href="#[d9]">&gt;&gt;</a>&nbsp;&nbsp;&nbsp;HAL_DMA_Init
<LI><a href="#[10a]">&gt;&gt;</a>&nbsp;&nbsp;&nbsp;HAL_UARTEx_SetRxFifoThreshold
<LI><a href="#[10b]">&gt;&gt;</a>&nbsp;&nbsp;&nbsp;HAL_UARTEx_SetTxFifoThreshold
<LI><a href="#[cf]">&gt;&gt;</a>&nbsp;&nbsp;&nbsp;HAL_ADC_ConfigChannel
<LI><a href="#[d0]">&gt;&gt;</a>&nbsp;&nbsp;&nbsp;HAL_ADC_Init
<LI><a href="#[ef]">&gt;&gt;</a>&nbsp;&nbsp;&nbsp;HAL_RCC_ClockConfig
<LI><a href="#[118]">&gt;&gt;</a>&nbsp;&nbsp;&nbsp;UART_SetConfig
</UL>

<P><STRONG><a name="[161]"></a>__aeabi_uidivmod</STRONG> (Thumb, 62 bytes, Stack size 16 bytes, uidiv_div0.o(.text), UNUSED)
<BR><BR>[Called By]<UL><LI><a href="#[15a]">&gt;&gt;</a>&nbsp;&nbsp;&nbsp;_printf_core
</UL>

<P><STRONG><a name="[67]"></a>__aeabi_uldivmod</STRONG> (Thumb, 96 bytes, Stack size 48 bytes, uldiv.o(.text), UNUSED)
<BR><BR>[Calls]<UL><LI><a href="#[68]">&gt;&gt;</a>&nbsp;&nbsp;&nbsp;__aeabi_llsr
<LI><a href="#[69]">&gt;&gt;</a>&nbsp;&nbsp;&nbsp;__aeabi_llsl
</UL>
<BR>[Called By]<UL><LI><a href="#[15a]">&gt;&gt;</a>&nbsp;&nbsp;&nbsp;_printf_core
<LI><a href="#[15d]">&gt;&gt;</a>&nbsp;&nbsp;&nbsp;_fp_digits
</UL>

<P><STRONG><a name="[69]"></a>__aeabi_llsl</STRONG> (Thumb, 32 bytes, Stack size 8 bytes, llshl.o(.text))
<BR><BR>[Stack]<UL><LI>Max Depth = 8<LI>Call Chain = __aeabi_llsl
</UL>
<BR>[Called By]<UL><LI><a href="#[67]">&gt;&gt;</a>&nbsp;&nbsp;&nbsp;__aeabi_uldivmod
<LI><a href="#[61]">&gt;&gt;</a>&nbsp;&nbsp;&nbsp;_double_epilogue
<LI><a href="#[6c]">&gt;&gt;</a>&nbsp;&nbsp;&nbsp;__aeabi_dadd
<LI><a href="#[70]">&gt;&gt;</a>&nbsp;&nbsp;&nbsp;__aeabi_d2ulz
</UL>

<P><STRONG><a name="[16c]"></a>_ll_shift_l</STRONG> (Thumb, 0 bytes, Stack size 8 bytes, llshl.o(.text), UNUSED)

<P><STRONG><a name="[50]"></a>tolower</STRONG> (Thumb, 12 bytes, Stack size 0 bytes, tolower.o(.text))
<BR><BR>[Called By]<UL><LI><a href="#[4f]">&gt;&gt;</a>&nbsp;&nbsp;&nbsp;strcasecmp
</UL>

<P><STRONG><a name="[54]"></a>_chval</STRONG> (Thumb, 30 bytes, Stack size 0 bytes, _chval.o(.text))
<BR><BR>[Called By]<UL><LI><a href="#[56]">&gt;&gt;</a>&nbsp;&nbsp;&nbsp;_strtoul
<LI><a href="#[53]">&gt;&gt;</a>&nbsp;&nbsp;&nbsp;_scanf_int
</UL>

<P><STRONG><a name="[52]"></a>__vfscanf_char</STRONG> (Thumb, 24 bytes, Stack size 8 bytes, scanf_char.o(.text))
<BR><BR>[Stack]<UL><LI>Max Depth = 136<LI>Call Chain = __vfscanf_char &rArr; __vfscanf &rArr; _scanf_int
</UL>
<BR>[Calls]<UL><LI><a href="#[6a]">&gt;&gt;</a>&nbsp;&nbsp;&nbsp;__vfscanf
</UL>
<BR>[Called By]<UL><LI><a href="#[51]">&gt;&gt;</a>&nbsp;&nbsp;&nbsp;__0sscanf
</UL>

<P><STRONG><a name="[23]"></a>_sgetc</STRONG> (Thumb, 32 bytes, Stack size 0 bytes, _sgetc.o(.text))
<BR>[Address Reference Count : 1]<UL><LI> __0sscanf.o(.text)
</UL>
<P><STRONG><a name="[24]"></a>_sbackspace</STRONG> (Thumb, 36 bytes, Stack size 0 bytes, _sgetc.o(.text))
<BR>[Address Reference Count : 1]<UL><LI> __0sscanf.o(.text)
</UL>
<P><STRONG><a name="[56]"></a>_strtoul</STRONG> (Thumb, 166 bytes, Stack size 40 bytes, _strtoul.o(.text))
<BR><BR>[Stack]<UL><LI>Max Depth = 40<LI>Call Chain = _strtoul
</UL>
<BR>[Calls]<UL><LI><a href="#[54]">&gt;&gt;</a>&nbsp;&nbsp;&nbsp;_chval
<LI><a href="#[57]">&gt;&gt;</a>&nbsp;&nbsp;&nbsp;__aeabi_errno_addr
</UL>
<BR>[Called By]<UL><LI><a href="#[55]">&gt;&gt;</a>&nbsp;&nbsp;&nbsp;strtol
</UL>

<P><STRONG><a name="[16d]"></a>__I$use$fp</STRONG> (Thumb, 0 bytes, Stack size 0 bytes, iusefp.o(.text), UNUSED)

<P><STRONG><a name="[5c]"></a>_float_round</STRONG> (Thumb, 16 bytes, Stack size 0 bytes, fepilogue.o(.text))
<BR><BR>[Called By]<UL><LI><a href="#[5a]">&gt;&gt;</a>&nbsp;&nbsp;&nbsp;__aeabi_fadd
<LI><a href="#[5f]">&gt;&gt;</a>&nbsp;&nbsp;&nbsp;__aeabi_fdiv
</UL>

<P><STRONG><a name="[5b]"></a>_float_epilogue</STRONG> (Thumb, 114 bytes, Stack size 12 bytes, fepilogue.o(.text))
<BR><BR>[Stack]<UL><LI>Max Depth = 12<LI>Call Chain = _float_epilogue
</UL>
<BR>[Called By]<UL><LI><a href="#[5a]">&gt;&gt;</a>&nbsp;&nbsp;&nbsp;__aeabi_fadd
<LI><a href="#[64]">&gt;&gt;</a>&nbsp;&nbsp;&nbsp;__aeabi_i2f
<LI><a href="#[65]">&gt;&gt;</a>&nbsp;&nbsp;&nbsp;__aeabi_ui2f
</UL>

<P><STRONG><a name="[63]"></a>_double_round</STRONG> (Thumb, 26 bytes, Stack size 8 bytes, depilogue.o(.text))
<BR><BR>[Stack]<UL><LI>Max Depth = 8<LI>Call Chain = _double_round
</UL>
<BR>[Called By]<UL><LI><a href="#[62]">&gt;&gt;</a>&nbsp;&nbsp;&nbsp;__aeabi_ddiv
<LI><a href="#[61]">&gt;&gt;</a>&nbsp;&nbsp;&nbsp;_double_epilogue
<LI><a href="#[6c]">&gt;&gt;</a>&nbsp;&nbsp;&nbsp;__aeabi_dadd
</UL>

<P><STRONG><a name="[61]"></a>_double_epilogue</STRONG> (Thumb, 164 bytes, Stack size 48 bytes, depilogue.o(.text))
<BR><BR>[Stack]<UL><LI>Max Depth = 56<LI>Call Chain = _double_epilogue &rArr; __aeabi_llsr
</UL>
<BR>[Calls]<UL><LI><a href="#[68]">&gt;&gt;</a>&nbsp;&nbsp;&nbsp;__aeabi_llsr
<LI><a href="#[6b]">&gt;&gt;</a>&nbsp;&nbsp;&nbsp;__ARM_clz
<LI><a href="#[69]">&gt;&gt;</a>&nbsp;&nbsp;&nbsp;__aeabi_llsl
<LI><a href="#[63]">&gt;&gt;</a>&nbsp;&nbsp;&nbsp;_double_round
</UL>
<BR>[Called By]<UL><LI><a href="#[66]">&gt;&gt;</a>&nbsp;&nbsp;&nbsp;__aeabi_i2d
<LI><a href="#[60]">&gt;&gt;</a>&nbsp;&nbsp;&nbsp;__aeabi_dmul
<LI><a href="#[6c]">&gt;&gt;</a>&nbsp;&nbsp;&nbsp;__aeabi_dadd
</UL>

<P><STRONG><a name="[6c]"></a>__aeabi_dadd</STRONG> (Thumb, 328 bytes, Stack size 48 bytes, dadd.o(.text), UNUSED)
<BR><BR>[Calls]<UL><LI><a href="#[6d]">&gt;&gt;</a>&nbsp;&nbsp;&nbsp;__aeabi_lasr
<LI><a href="#[69]">&gt;&gt;</a>&nbsp;&nbsp;&nbsp;__aeabi_llsl
<LI><a href="#[63]">&gt;&gt;</a>&nbsp;&nbsp;&nbsp;_double_round
<LI><a href="#[61]">&gt;&gt;</a>&nbsp;&nbsp;&nbsp;_double_epilogue
</UL>
<BR>[Called By]<UL><LI><a href="#[6f]">&gt;&gt;</a>&nbsp;&nbsp;&nbsp;__aeabi_drsub
<LI><a href="#[6e]">&gt;&gt;</a>&nbsp;&nbsp;&nbsp;__aeabi_dsub
<LI><a href="#[15d]">&gt;&gt;</a>&nbsp;&nbsp;&nbsp;_fp_digits
</UL>

<P><STRONG><a name="[6e]"></a>__aeabi_dsub</STRONG> (Thumb, 12 bytes, Stack size 8 bytes, dadd.o(.text), UNUSED)
<BR><BR>[Calls]<UL><LI><a href="#[6c]">&gt;&gt;</a>&nbsp;&nbsp;&nbsp;__aeabi_dadd
</UL>

<P><STRONG><a name="[6f]"></a>__aeabi_drsub</STRONG> (Thumb, 12 bytes, Stack size 8 bytes, dadd.o(.text), UNUSED)
<BR><BR>[Calls]<UL><LI><a href="#[6c]">&gt;&gt;</a>&nbsp;&nbsp;&nbsp;__aeabi_dadd
</UL>

<P><STRONG><a name="[70]"></a>__aeabi_d2ulz</STRONG> (Thumb, 54 bytes, Stack size 8 bytes, dfixul.o(.text), UNUSED)
<BR><BR>[Calls]<UL><LI><a href="#[68]">&gt;&gt;</a>&nbsp;&nbsp;&nbsp;__aeabi_llsr
<LI><a href="#[69]">&gt;&gt;</a>&nbsp;&nbsp;&nbsp;__aeabi_llsl
</UL>
<BR>[Called By]<UL><LI><a href="#[15d]">&gt;&gt;</a>&nbsp;&nbsp;&nbsp;_fp_digits
</UL>

<P><STRONG><a name="[15e]"></a>__aeabi_cdrcmple</STRONG> (Thumb, 38 bytes, Stack size 0 bytes, cdrcmple.o(.text), UNUSED)
<BR><BR>[Called By]<UL><LI><a href="#[15d]">&gt;&gt;</a>&nbsp;&nbsp;&nbsp;_fp_digits
</UL>

<P><STRONG><a name="[4a]"></a>__scatterload</STRONG> (Thumb, 38 bytes, Stack size 0 bytes, init.o(.text))
<BR><BR>[Calls]<UL><LI><a href="#[71]">&gt;&gt;</a>&nbsp;&nbsp;&nbsp;__main_after_scatterload
</UL>
<BR>[Called By]<UL><LI><a href="#[49]">&gt;&gt;</a>&nbsp;&nbsp;&nbsp;_main_scatterload
</UL>

<P><STRONG><a name="[16e]"></a>__scatterload_rt2</STRONG> (Thumb, 0 bytes, Stack size 0 bytes, init.o(.text), UNUSED)

<P><STRONG><a name="[68]"></a>__aeabi_llsr</STRONG> (Thumb, 34 bytes, Stack size 8 bytes, llushr.o(.text))
<BR><BR>[Stack]<UL><LI>Max Depth = 8<LI>Call Chain = __aeabi_llsr
</UL>
<BR>[Called By]<UL><LI><a href="#[67]">&gt;&gt;</a>&nbsp;&nbsp;&nbsp;__aeabi_uldivmod
<LI><a href="#[61]">&gt;&gt;</a>&nbsp;&nbsp;&nbsp;_double_epilogue
<LI><a href="#[70]">&gt;&gt;</a>&nbsp;&nbsp;&nbsp;__aeabi_d2ulz
</UL>

<P><STRONG><a name="[16f]"></a>_ll_ushift_r</STRONG> (Thumb, 0 bytes, Stack size 8 bytes, llushr.o(.text), UNUSED)

<P><STRONG><a name="[6d]"></a>__aeabi_lasr</STRONG> (Thumb, 38 bytes, Stack size 8 bytes, llsshr.o(.text), UNUSED)
<BR><BR>[Called By]<UL><LI><a href="#[6c]">&gt;&gt;</a>&nbsp;&nbsp;&nbsp;__aeabi_dadd
</UL>

<P><STRONG><a name="[170]"></a>_ll_sshift_r</STRONG> (Thumb, 0 bytes, Stack size 8 bytes, llsshr.o(.text), UNUSED)

<P><STRONG><a name="[6a]"></a>__vfscanf</STRONG> (Thumb, 812 bytes, Stack size 80 bytes, _scanf.o(.text))
<BR><BR>[Stack]<UL><LI>Max Depth = 128<LI>Call Chain = __vfscanf &rArr; _scanf_int
</UL>
<BR>[Calls]<UL><LI><a href="#[74]">&gt;&gt;</a>&nbsp;&nbsp;&nbsp;_scanf_string (Weak Reference)
<LI><a href="#[72]">&gt;&gt;</a>&nbsp;&nbsp;&nbsp;_scanf_real (Weak Reference)
<LI><a href="#[73]">&gt;&gt;</a>&nbsp;&nbsp;&nbsp;_scanf_longlong (Weak Reference)
<LI><a href="#[53]">&gt;&gt;</a>&nbsp;&nbsp;&nbsp;_scanf_int
</UL>
<BR>[Called By]<UL><LI><a href="#[52]">&gt;&gt;</a>&nbsp;&nbsp;&nbsp;__vfscanf_char
</UL>

<P><STRONG><a name="[75]"></a>ADC_Enable</STRONG> (Thumb, 196 bytes, Stack size 24 bytes, stm32c0xx_hal_adc.o(.text.ADC_Enable))
<BR><BR>[Stack]<UL><LI>Max Depth = 40<LI>Call Chain = ADC_Enable &rArr; __aeabi_uidiv
</UL>
<BR>[Calls]<UL><LI><a href="#[77]">&gt;&gt;</a>&nbsp;&nbsp;&nbsp;HAL_GetTick
<LI><a href="#[76]">&gt;&gt;</a>&nbsp;&nbsp;&nbsp;__aeabi_uidiv
</UL>
<BR>[Called By]<UL><LI><a href="#[d4]">&gt;&gt;</a>&nbsp;&nbsp;&nbsp;HAL_ADC_Start
</UL>

<P><STRONG><a name="[78]"></a>ADS1232_ConvertToGrams</STRONG> (Thumb, 332 bytes, Stack size 32 bytes, ads1232_driver.o(.text.ADS1232_ConvertToGrams))
<BR><BR>[Stack]<UL><LI>Max Depth = 68<LI>Call Chain = ADS1232_ConvertToGrams &rArr; __aeabi_fadd &rArr; _float_epilogue
</UL>
<BR>[Calls]<UL><LI><a href="#[5a]">&gt;&gt;</a>&nbsp;&nbsp;&nbsp;__aeabi_fadd
<LI><a href="#[79]">&gt;&gt;</a>&nbsp;&nbsp;&nbsp;__aeabi_fmul
<LI><a href="#[5f]">&gt;&gt;</a>&nbsp;&nbsp;&nbsp;__aeabi_fdiv
<LI><a href="#[64]">&gt;&gt;</a>&nbsp;&nbsp;&nbsp;__aeabi_i2f
<LI><a href="#[5d]">&gt;&gt;</a>&nbsp;&nbsp;&nbsp;__aeabi_fsub
</UL>
<BR>[Called By]<UL><LI><a href="#[8e]">&gt;&gt;</a>&nbsp;&nbsp;&nbsp;App_Manager_Process
</UL>

<P><STRONG><a name="[7a]"></a>ADS1232_Init</STRONG> (Thumb, 44 bytes, Stack size 16 bytes, ads1232_driver.o(.text.ADS1232_Init))
<BR><BR>[Stack]<UL><LI>Max Depth = 32<LI>Call Chain = ADS1232_Init &rArr; HAL_Delay
</UL>
<BR>[Calls]<UL><LI><a href="#[7c]">&gt;&gt;</a>&nbsp;&nbsp;&nbsp;HAL_Delay
<LI><a href="#[7b]">&gt;&gt;</a>&nbsp;&nbsp;&nbsp;HAL_GPIO_WritePin
</UL>
<BR>[Called By]<UL><LI><a href="#[83]">&gt;&gt;</a>&nbsp;&nbsp;&nbsp;App_Manager_Init
</UL>

<P><STRONG><a name="[7d]"></a>ADS1232_Read</STRONG> (Thumb, 280 bytes, Stack size 40 bytes, ads1232_driver.o(.text.ADS1232_Read))
<BR><BR>[Stack]<UL><LI>Max Depth = 40<LI>Call Chain = ADS1232_Read
</UL>
<BR>[Calls]<UL><LI><a href="#[7e]">&gt;&gt;</a>&nbsp;&nbsp;&nbsp;HAL_GPIO_ReadPin
<LI><a href="#[7b]">&gt;&gt;</a>&nbsp;&nbsp;&nbsp;HAL_GPIO_WritePin
</UL>
<BR>[Called By]<UL><LI><a href="#[7f]">&gt;&gt;</a>&nbsp;&nbsp;&nbsp;ADS1232_Read_Median_of_3
</UL>

<P><STRONG><a name="[7f]"></a>ADS1232_Read_Median_of_3</STRONG> (Thumb, 66 bytes, Stack size 16 bytes, ads1232_driver.o(.text.ADS1232_Read_Median_of_3))
<BR><BR>[Stack]<UL><LI>Max Depth = 56<LI>Call Chain = ADS1232_Read_Median_of_3 &rArr; ADS1232_Read
</UL>
<BR>[Calls]<UL><LI><a href="#[7d]">&gt;&gt;</a>&nbsp;&nbsp;&nbsp;ADS1232_Read
</UL>
<BR>[Called By]<UL><LI><a href="#[8e]">&gt;&gt;</a>&nbsp;&nbsp;&nbsp;App_Manager_Process
</UL>

<P><STRONG><a name="[80]"></a>ADS1232_Tare</STRONG> (Thumb, 1120 bytes, Stack size 88 bytes, ads1232_driver.o(.text.ADS1232_Tare))
<BR><BR>[Stack]<UL><LI>Max Depth = 120<LI>Call Chain = ADS1232_Tare &rArr; puts &rArr; fputc &rArr; CLI_Printf_Transmit
</UL>
<BR>[Calls]<UL><LI><a href="#[7e]">&gt;&gt;</a>&nbsp;&nbsp;&nbsp;HAL_GPIO_ReadPin
<LI><a href="#[7c]">&gt;&gt;</a>&nbsp;&nbsp;&nbsp;HAL_Delay
<LI><a href="#[7b]">&gt;&gt;</a>&nbsp;&nbsp;&nbsp;HAL_GPIO_WritePin
<LI><a href="#[81]">&gt;&gt;</a>&nbsp;&nbsp;&nbsp;puts
<LI><a href="#[82]">&gt;&gt;</a>&nbsp;&nbsp;&nbsp;__2printf
</UL>
<BR>[Called By]<UL><LI><a href="#[83]">&gt;&gt;</a>&nbsp;&nbsp;&nbsp;App_Manager_Init
</UL>

<P><STRONG><a name="[b0]"></a>App_Manager_GetFreqData</STRONG> (Thumb, 16 bytes, Stack size 0 bytes, app_manager.o(.text.App_Manager_GetFreqData))
<BR><BR>[Called By]<UL><LI><a href="#[41]">&gt;&gt;</a>&nbsp;&nbsp;&nbsp;Cmd_GetFreq
</UL>

<P><STRONG><a name="[b1]"></a>App_Manager_GetScaleData</STRONG> (Thumb, 20 bytes, Stack size 0 bytes, app_manager.o(.text.App_Manager_GetScaleData))
<BR><BR>[Called By]<UL><LI><a href="#[3f]">&gt;&gt;</a>&nbsp;&nbsp;&nbsp;Cmd_GetPeso
</UL>

<P><STRONG><a name="[b2]"></a>App_Manager_GetTemperature</STRONG> (Thumb, 8 bytes, Stack size 0 bytes, app_manager.o(.text.App_Manager_GetTemperature))
<BR><BR>[Called By]<UL><LI><a href="#[40]">&gt;&gt;</a>&nbsp;&nbsp;&nbsp;Cmd_GetTemp
</UL>

<P><STRONG><a name="[83]"></a>App_Manager_Init</STRONG> (Thumb, 156 bytes, Stack size 8 bytes, app_manager.o(.text.App_Manager_Init))
<BR><BR>[Stack]<UL><LI>Max Depth = 232<LI>Call Chain = App_Manager_Init &rArr; Gerenciador_Config_Validar_e_Restaurar &rArr; EEPROM_Driver_Read_Blocking &rArr; HAL_I2C_IsDeviceReady &rArr; I2C_WaitOnFlagUntilTimeout &rArr; I2C_IsErrorOccurred
</UL>
<BR>[Calls]<UL><LI><a href="#[8d]">&gt;&gt;</a>&nbsp;&nbsp;&nbsp;DWIN_Driver_Init
<LI><a href="#[80]">&gt;&gt;</a>&nbsp;&nbsp;&nbsp;ADS1232_Tare
<LI><a href="#[7a]">&gt;&gt;</a>&nbsp;&nbsp;&nbsp;ADS1232_Init
<LI><a href="#[81]">&gt;&gt;</a>&nbsp;&nbsp;&nbsp;puts
<LI><a href="#[8c]">&gt;&gt;</a>&nbsp;&nbsp;&nbsp;__aeabi_f2d
<LI><a href="#[84]">&gt;&gt;</a>&nbsp;&nbsp;&nbsp;CLI_Init
<LI><a href="#[8a]">&gt;&gt;</a>&nbsp;&nbsp;&nbsp;Servos_Init
<LI><a href="#[88]">&gt;&gt;</a>&nbsp;&nbsp;&nbsp;Gerenciador_Config_Validar_e_Restaurar
<LI><a href="#[87]">&gt;&gt;</a>&nbsp;&nbsp;&nbsp;Gerenciador_Config_Init
<LI><a href="#[8b]">&gt;&gt;</a>&nbsp;&nbsp;&nbsp;TempSensor_GetTemperature
<LI><a href="#[86]">&gt;&gt;</a>&nbsp;&nbsp;&nbsp;RTC_Driver_Init
<LI><a href="#[89]">&gt;&gt;</a>&nbsp;&nbsp;&nbsp;Frequency_Init
<LI><a href="#[85]">&gt;&gt;</a>&nbsp;&nbsp;&nbsp;EEPROM_Driver_Init
<LI><a href="#[82]">&gt;&gt;</a>&nbsp;&nbsp;&nbsp;__2printf
</UL>
<BR>[Called By]<UL><LI><a href="#[20]">&gt;&gt;</a>&nbsp;&nbsp;&nbsp;main
</UL>

<P><STRONG><a name="[8e]"></a>App_Manager_Process</STRONG> (Thumb, 356 bytes, Stack size 32 bytes, app_manager.o(.text.App_Manager_Process))
<BR><BR>[Stack]<UL><LI>Max Depth = 184<LI>Call Chain = App_Manager_Process &rArr; DWIN_Driver_Process &rArr; HAL_UARTEx_ReceiveToIdle_DMA &rArr; UART_Start_Receive_DMA &rArr; HAL_DMA_Start_IT
</UL>
<BR>[Calls]<UL><LI><a href="#[77]">&gt;&gt;</a>&nbsp;&nbsp;&nbsp;HAL_GetTick
<LI><a href="#[9b]">&gt;&gt;</a>&nbsp;&nbsp;&nbsp;DWIN_Driver_WriteInt32
<LI><a href="#[9c]">&gt;&gt;</a>&nbsp;&nbsp;&nbsp;DWIN_Driver_WriteInt
<LI><a href="#[9d]">&gt;&gt;</a>&nbsp;&nbsp;&nbsp;DWIN_Driver_IsTxBusy
<LI><a href="#[90]">&gt;&gt;</a>&nbsp;&nbsp;&nbsp;DWIN_TX_Pump
<LI><a href="#[91]">&gt;&gt;</a>&nbsp;&nbsp;&nbsp;DWIN_Driver_Process
<LI><a href="#[5a]">&gt;&gt;</a>&nbsp;&nbsp;&nbsp;__aeabi_fadd
<LI><a href="#[79]">&gt;&gt;</a>&nbsp;&nbsp;&nbsp;__aeabi_fmul
<LI><a href="#[5f]">&gt;&gt;</a>&nbsp;&nbsp;&nbsp;__aeabi_fdiv
<LI><a href="#[64]">&gt;&gt;</a>&nbsp;&nbsp;&nbsp;__aeabi_i2f
<LI><a href="#[5d]">&gt;&gt;</a>&nbsp;&nbsp;&nbsp;__aeabi_fsub
<LI><a href="#[78]">&gt;&gt;</a>&nbsp;&nbsp;&nbsp;ADS1232_ConvertToGrams
<LI><a href="#[7f]">&gt;&gt;</a>&nbsp;&nbsp;&nbsp;ADS1232_Read_Median_of_3
<LI><a href="#[98]">&gt;&gt;</a>&nbsp;&nbsp;&nbsp;__aeabi_fcmple
<LI><a href="#[8f]">&gt;&gt;</a>&nbsp;&nbsp;&nbsp;CLI_TX_Pump
<LI><a href="#[92]">&gt;&gt;</a>&nbsp;&nbsp;&nbsp;CLI_Process
<LI><a href="#[93]">&gt;&gt;</a>&nbsp;&nbsp;&nbsp;Servos_Process
<LI><a href="#[94]">&gt;&gt;</a>&nbsp;&nbsp;&nbsp;__aeabi_fcmpge
<LI><a href="#[99]">&gt;&gt;</a>&nbsp;&nbsp;&nbsp;Gerenciador_Config_Get_Cal_A
<LI><a href="#[9f]">&gt;&gt;</a>&nbsp;&nbsp;&nbsp;Gerenciador_Config_Run_FSM
<LI><a href="#[8b]">&gt;&gt;</a>&nbsp;&nbsp;&nbsp;TempSensor_GetTemperature
<LI><a href="#[95]">&gt;&gt;</a>&nbsp;&nbsp;&nbsp;Controller_GetCurrentScreen
<LI><a href="#[9e]">&gt;&gt;</a>&nbsp;&nbsp;&nbsp;RTC_Driver_Process
<LI><a href="#[9a]">&gt;&gt;</a>&nbsp;&nbsp;&nbsp;__aeabi_f2iz
<LI><a href="#[65]">&gt;&gt;</a>&nbsp;&nbsp;&nbsp;__aeabi_ui2f
<LI><a href="#[96]">&gt;&gt;</a>&nbsp;&nbsp;&nbsp;Frequency_Get_Pulse_Count
<LI><a href="#[97]">&gt;&gt;</a>&nbsp;&nbsp;&nbsp;Frequency_Reset
</UL>
<BR>[Called By]<UL><LI><a href="#[20]">&gt;&gt;</a>&nbsp;&nbsp;&nbsp;main
</UL>

<P><STRONG><a name="[a5]"></a>CLI_HandleError</STRONG> (Thumb, 36 bytes, Stack size 8 bytes, cli_driver.o(.text.CLI_HandleError))
<BR><BR>[Stack]<UL><LI>Max Depth = 52<LI>Call Chain = CLI_HandleError &rArr; HAL_UART_Receive_IT &rArr; UART_Start_Receive_IT
</UL>
<BR>[Calls]<UL><LI><a href="#[a6]">&gt;&gt;</a>&nbsp;&nbsp;&nbsp;HAL_UART_AbortReceive_IT
<LI><a href="#[a7]">&gt;&gt;</a>&nbsp;&nbsp;&nbsp;HAL_UART_Receive_IT
</UL>
<BR>[Called By]<UL><LI><a href="#[10e]">&gt;&gt;</a>&nbsp;&nbsp;&nbsp;HAL_UART_ErrorCallback
</UL>

<P><STRONG><a name="[a8]"></a>CLI_HandleRxCplt</STRONG> (Thumb, 552 bytes, Stack size 24 bytes, cli_driver.o(.text.CLI_HandleRxCplt))
<BR><BR>[Stack]<UL><LI>Max Depth = 68<LI>Call Chain = CLI_HandleRxCplt &rArr; HAL_UART_Receive_IT &rArr; UART_Start_Receive_IT
</UL>
<BR>[Calls]<UL><LI><a href="#[a9]">&gt;&gt;</a>&nbsp;&nbsp;&nbsp;HAL_NVIC_DisableIRQ
<LI><a href="#[aa]">&gt;&gt;</a>&nbsp;&nbsp;&nbsp;HAL_NVIC_EnableIRQ
<LI><a href="#[a6]">&gt;&gt;</a>&nbsp;&nbsp;&nbsp;HAL_UART_AbortReceive_IT
<LI><a href="#[a7]">&gt;&gt;</a>&nbsp;&nbsp;&nbsp;HAL_UART_Receive_IT
<LI><a href="#[4b]">&gt;&gt;</a>&nbsp;&nbsp;&nbsp;__rt_ctype_table
</UL>
<BR>[Called By]<UL><LI><a href="#[11b]">&gt;&gt;</a>&nbsp;&nbsp;&nbsp;HAL_UART_RxCpltCallback
</UL>

<P><STRONG><a name="[11c]"></a>CLI_HandleTxCplt</STRONG> (Thumb, 8 bytes, Stack size 0 bytes, cli_driver.o(.text.CLI_HandleTxCplt))
<BR><BR>[Called By]<UL><LI><a href="#[112]">&gt;&gt;</a>&nbsp;&nbsp;&nbsp;HAL_UART_TxCpltCallback
</UL>

<P><STRONG><a name="[84]"></a>CLI_Init</STRONG> (Thumb, 28 bytes, Stack size 8 bytes, cli_driver.o(.text.CLI_Init))
<BR><BR>[Stack]<UL><LI>Max Depth = 52<LI>Call Chain = CLI_Init &rArr; HAL_UART_Receive_IT &rArr; UART_Start_Receive_IT
</UL>
<BR>[Calls]<UL><LI><a href="#[ab]">&gt;&gt;</a>&nbsp;&nbsp;&nbsp;Error_Handler
<LI><a href="#[a7]">&gt;&gt;</a>&nbsp;&nbsp;&nbsp;HAL_UART_Receive_IT
<LI><a href="#[82]">&gt;&gt;</a>&nbsp;&nbsp;&nbsp;__2printf
</UL>
<BR>[Called By]<UL><LI><a href="#[83]">&gt;&gt;</a>&nbsp;&nbsp;&nbsp;App_Manager_Init
</UL>

<P><STRONG><a name="[ac]"></a>CLI_Printf_Transmit</STRONG> (Thumb, 84 bytes, Stack size 16 bytes, cli_driver.o(.text.CLI_Printf_Transmit))
<BR><BR>[Stack]<UL><LI>Max Depth = 16<LI>Call Chain = CLI_Printf_Transmit
</UL>
<BR>[Calls]<UL><LI><a href="#[a9]">&gt;&gt;</a>&nbsp;&nbsp;&nbsp;HAL_NVIC_DisableIRQ
<LI><a href="#[aa]">&gt;&gt;</a>&nbsp;&nbsp;&nbsp;HAL_NVIC_EnableIRQ
</UL>
<BR>[Called By]<UL><LI><a href="#[3a]">&gt;&gt;</a>&nbsp;&nbsp;&nbsp;fputc
</UL>

<P><STRONG><a name="[92]"></a>CLI_Process</STRONG> (Thumb, 284 bytes, Stack size 24 bytes, cli_driver.o(.text.CLI_Process))
<BR><BR>[Stack]<UL><LI>Max Depth = 56<LI>Call Chain = CLI_Process &rArr; puts &rArr; fputc &rArr; CLI_Printf_Transmit
</UL>
<BR>[Calls]<UL><LI><a href="#[4f]">&gt;&gt;</a>&nbsp;&nbsp;&nbsp;strcasecmp
<LI><a href="#[ad]">&gt;&gt;</a>&nbsp;&nbsp;&nbsp;strchr
<LI><a href="#[ae]">&gt;&gt;</a>&nbsp;&nbsp;&nbsp;__aeabi_memclr4
<LI><a href="#[4b]">&gt;&gt;</a>&nbsp;&nbsp;&nbsp;__rt_ctype_table
<LI><a href="#[81]">&gt;&gt;</a>&nbsp;&nbsp;&nbsp;puts
<LI><a href="#[82]">&gt;&gt;</a>&nbsp;&nbsp;&nbsp;__2printf
</UL>
<BR>[Called By]<UL><LI><a href="#[8e]">&gt;&gt;</a>&nbsp;&nbsp;&nbsp;App_Manager_Process
</UL>

<P><STRONG><a name="[8f]"></a>CLI_TX_Pump</STRONG> (Thumb, 140 bytes, Stack size 16 bytes, cli_driver.o(.text.CLI_TX_Pump))
<BR><BR>[Stack]<UL><LI>Max Depth = 72<LI>Call Chain = CLI_TX_Pump &rArr; HAL_UART_Transmit_DMA &rArr; HAL_DMA_Start_IT
</UL>
<BR>[Calls]<UL><LI><a href="#[a9]">&gt;&gt;</a>&nbsp;&nbsp;&nbsp;HAL_NVIC_DisableIRQ
<LI><a href="#[aa]">&gt;&gt;</a>&nbsp;&nbsp;&nbsp;HAL_NVIC_EnableIRQ
<LI><a href="#[af]">&gt;&gt;</a>&nbsp;&nbsp;&nbsp;HAL_UART_Transmit_DMA
</UL>
<BR>[Called By]<UL><LI><a href="#[8e]">&gt;&gt;</a>&nbsp;&nbsp;&nbsp;App_Manager_Process
</UL>

<P><STRONG><a name="[27]"></a>Controller_DwinCallback</STRONG> (Thumb, 268 bytes, Stack size 8 bytes, controller.o(.text.Controller_DwinCallback))
<BR><BR>[Stack]<UL><LI>Max Depth = 264<LI>Call Chain = Controller_DwinCallback &rArr; Set_Just_Time_Parser &rArr; __0sscanf &rArr; __vfscanf_char &rArr; __vfscanf &rArr; _scanf_int
</UL>
<BR>[Calls]<UL><LI><a href="#[b3]">&gt;&gt;</a>&nbsp;&nbsp;&nbsp;DWIN_Driver_SetScreen
<LI><a href="#[81]">&gt;&gt;</a>&nbsp;&nbsp;&nbsp;puts
<LI><a href="#[b9]">&gt;&gt;</a>&nbsp;&nbsp;&nbsp;Lidar_Com_Selecao_De_Grao
<LI><a href="#[b8]">&gt;&gt;</a>&nbsp;&nbsp;&nbsp;Lidar_Com_Entrada_Tela_Graos
<LI><a href="#[b7]">&gt;&gt;</a>&nbsp;&nbsp;&nbsp;Set_Just_Time_Parser
<LI><a href="#[b6]">&gt;&gt;</a>&nbsp;&nbsp;&nbsp;Tela_ON_OFF
<LI><a href="#[b5]">&gt;&gt;</a>&nbsp;&nbsp;&nbsp;Lidar_Com_VP_Senha
<LI><a href="#[b4]">&gt;&gt;</a>&nbsp;&nbsp;&nbsp;Lidar_Com_Entrada_De_Senha
<LI><a href="#[82]">&gt;&gt;</a>&nbsp;&nbsp;&nbsp;__2printf
</UL>
<BR>[Address Reference Count : 1]<UL><LI> app_manager.o(.text.App_Manager_Init)
</UL>
<P><STRONG><a name="[95]"></a>Controller_GetCurrentScreen</STRONG> (Thumb, 8 bytes, Stack size 0 bytes, controller.o(.text.Controller_GetCurrentScreen))
<BR><BR>[Called By]<UL><LI><a href="#[8e]">&gt;&gt;</a>&nbsp;&nbsp;&nbsp;App_Manager_Process
<LI><a href="#[9e]">&gt;&gt;</a>&nbsp;&nbsp;&nbsp;RTC_Driver_Process
</UL>

<P><STRONG><a name="[f]"></a>DMA1_Channel1_IRQHandler</STRONG> (Thumb, 12 bytes, Stack size 8 bytes, stm32c0xx_it.o(.text.DMA1_Channel1_IRQHandler))
<BR><BR>[Stack]<UL><LI>Max Depth = 48<LI>Call Chain = DMA1_Channel1_IRQHandler &rArr; HAL_DMA_IRQHandler
</UL>
<BR>[Calls]<UL><LI><a href="#[ba]">&gt;&gt;</a>&nbsp;&nbsp;&nbsp;HAL_DMA_IRQHandler
</UL>
<BR>[Address Reference Count : 1]<UL><LI> startup_stm32c071xx.o(RESET)
</UL>
<P><STRONG><a name="[10]"></a>DMA1_Channel2_3_IRQHandler</STRONG> (Thumb, 16 bytes, Stack size 8 bytes, stm32c0xx_it.o(.text.DMA1_Channel2_3_IRQHandler))
<BR><BR>[Stack]<UL><LI>Max Depth = 48<LI>Call Chain = DMA1_Channel2_3_IRQHandler &rArr; HAL_DMA_IRQHandler
</UL>
<BR>[Calls]<UL><LI><a href="#[ba]">&gt;&gt;</a>&nbsp;&nbsp;&nbsp;HAL_DMA_IRQHandler
</UL>
<BR>[Address Reference Count : 1]<UL><LI> startup_stm32c071xx.o(RESET)
</UL>
<P><STRONG><a name="[11]"></a>DMAMUX1_DMA1_CH4_5_IRQHandler</STRONG> (Thumb, 12 bytes, Stack size 8 bytes, stm32c0xx_it.o(.text.DMAMUX1_DMA1_CH4_5_IRQHandler))
<BR><BR>[Stack]<UL><LI>Max Depth = 48<LI>Call Chain = DMAMUX1_DMA1_CH4_5_IRQHandler &rArr; HAL_DMA_IRQHandler
</UL>
<BR>[Calls]<UL><LI><a href="#[ba]">&gt;&gt;</a>&nbsp;&nbsp;&nbsp;HAL_DMA_IRQHandler
</UL>
<BR>[Address Reference Count : 1]<UL><LI> startup_stm32c071xx.o(RESET)
</UL>
<P><STRONG><a name="[bb]"></a>DWIN_Driver_HandleError</STRONG> (Thumb, 24 bytes, Stack size 8 bytes, dwin_driver.o(.text.DWIN_Driver_HandleError))
<BR><BR>[Stack]<UL><LI>Max Depth = 8<LI>Call Chain = DWIN_Driver_HandleError
</UL>
<BR>[Calls]<UL><LI><a href="#[77]">&gt;&gt;</a>&nbsp;&nbsp;&nbsp;HAL_GetTick
</UL>
<BR>[Called By]<UL><LI><a href="#[10e]">&gt;&gt;</a>&nbsp;&nbsp;&nbsp;HAL_UART_ErrorCallback
</UL>

<P><STRONG><a name="[bc]"></a>DWIN_Driver_HandleRxEvent</STRONG> (Thumb, 32 bytes, Stack size 8 bytes, dwin_driver.o(.text.DWIN_Driver_HandleRxEvent))
<BR><BR>[Stack]<UL><LI>Max Depth = 8<LI>Call Chain = DWIN_Driver_HandleRxEvent
</UL>
<BR>[Calls]<UL><LI><a href="#[77]">&gt;&gt;</a>&nbsp;&nbsp;&nbsp;HAL_GetTick
</UL>
<BR>[Called By]<UL><LI><a href="#[109]">&gt;&gt;</a>&nbsp;&nbsp;&nbsp;HAL_UARTEx_RxEventCallback
</UL>

<P><STRONG><a name="[11d]"></a>DWIN_Driver_HandleTxCplt</STRONG> (Thumb, 8 bytes, Stack size 0 bytes, dwin_driver.o(.text.DWIN_Driver_HandleTxCplt))
<BR><BR>[Called By]<UL><LI><a href="#[112]">&gt;&gt;</a>&nbsp;&nbsp;&nbsp;HAL_UART_TxCpltCallback
</UL>

<P><STRONG><a name="[8d]"></a>DWIN_Driver_Init</STRONG> (Thumb, 100 bytes, Stack size 24 bytes, dwin_driver.o(.text.DWIN_Driver_Init))
<BR><BR>[Stack]<UL><LI>Max Depth = 96<LI>Call Chain = DWIN_Driver_Init &rArr; HAL_UARTEx_ReceiveToIdle_DMA &rArr; UART_Start_Receive_DMA &rArr; HAL_DMA_Start_IT
</UL>
<BR>[Calls]<UL><LI><a href="#[ab]">&gt;&gt;</a>&nbsp;&nbsp;&nbsp;Error_Handler
<LI><a href="#[bd]">&gt;&gt;</a>&nbsp;&nbsp;&nbsp;HAL_UARTEx_ReceiveToIdle_DMA
<LI><a href="#[a6]">&gt;&gt;</a>&nbsp;&nbsp;&nbsp;HAL_UART_AbortReceive_IT
<LI><a href="#[ae]">&gt;&gt;</a>&nbsp;&nbsp;&nbsp;__aeabi_memclr4
</UL>
<BR>[Called By]<UL><LI><a href="#[83]">&gt;&gt;</a>&nbsp;&nbsp;&nbsp;App_Manager_Init
</UL>

<P><STRONG><a name="[9d]"></a>DWIN_Driver_IsTxBusy</STRONG> (Thumb, 24 bytes, Stack size 0 bytes, dwin_driver.o(.text.DWIN_Driver_IsTxBusy))
<BR><BR>[Called By]<UL><LI><a href="#[8e]">&gt;&gt;</a>&nbsp;&nbsp;&nbsp;App_Manager_Process
<LI><a href="#[9e]">&gt;&gt;</a>&nbsp;&nbsp;&nbsp;RTC_Driver_Process
</UL>

<P><STRONG><a name="[91]"></a>DWIN_Driver_Process</STRONG> (Thumb, 256 bytes, Stack size 80 bytes, dwin_driver.o(.text.DWIN_Driver_Process))
<BR><BR>[Stack]<UL><LI>Max Depth = 152<LI>Call Chain = DWIN_Driver_Process &rArr; HAL_UARTEx_ReceiveToIdle_DMA &rArr; UART_Start_Receive_DMA &rArr; HAL_DMA_Start_IT
</UL>
<BR>[Calls]<UL><LI><a href="#[77]">&gt;&gt;</a>&nbsp;&nbsp;&nbsp;HAL_GetTick
<LI><a href="#[ab]">&gt;&gt;</a>&nbsp;&nbsp;&nbsp;Error_Handler
<LI><a href="#[bd]">&gt;&gt;</a>&nbsp;&nbsp;&nbsp;HAL_UARTEx_ReceiveToIdle_DMA
<LI><a href="#[a6]">&gt;&gt;</a>&nbsp;&nbsp;&nbsp;HAL_UART_AbortReceive_IT
<LI><a href="#[be]">&gt;&gt;</a>&nbsp;&nbsp;&nbsp;__aeabi_memcpy4
</UL>
<BR>[Called By]<UL><LI><a href="#[8e]">&gt;&gt;</a>&nbsp;&nbsp;&nbsp;App_Manager_Process
</UL>

<P><STRONG><a name="[b3]"></a>DWIN_Driver_SetScreen</STRONG> (Thumb, 232 bytes, Stack size 24 bytes, dwin_driver.o(.text.DWIN_Driver_SetScreen))
<BR><BR>[Stack]<UL><LI>Max Depth = 24<LI>Call Chain = DWIN_Driver_SetScreen
</UL>
<BR>[Calls]<UL><LI><a href="#[a9]">&gt;&gt;</a>&nbsp;&nbsp;&nbsp;HAL_NVIC_DisableIRQ
<LI><a href="#[aa]">&gt;&gt;</a>&nbsp;&nbsp;&nbsp;HAL_NVIC_EnableIRQ
</UL>
<BR>[Called By]<UL><LI><a href="#[b9]">&gt;&gt;</a>&nbsp;&nbsp;&nbsp;Lidar_Com_Selecao_De_Grao
<LI><a href="#[b8]">&gt;&gt;</a>&nbsp;&nbsp;&nbsp;Lidar_Com_Entrada_Tela_Graos
<LI><a href="#[b5]">&gt;&gt;</a>&nbsp;&nbsp;&nbsp;Lidar_Com_VP_Senha
<LI><a href="#[b4]">&gt;&gt;</a>&nbsp;&nbsp;&nbsp;Lidar_Com_Entrada_De_Senha
<LI><a href="#[27]">&gt;&gt;</a>&nbsp;&nbsp;&nbsp;Controller_DwinCallback
<LI><a href="#[42]">&gt;&gt;</a>&nbsp;&nbsp;&nbsp;Handle_Dwin_PIC
</UL>

<P><STRONG><a name="[9c]"></a>DWIN_Driver_WriteInt</STRONG> (Thumb, 212 bytes, Stack size 32 bytes, dwin_driver.o(.text.DWIN_Driver_WriteInt))
<BR><BR>[Stack]<UL><LI>Max Depth = 32<LI>Call Chain = DWIN_Driver_WriteInt
</UL>
<BR>[Calls]<UL><LI><a href="#[a9]">&gt;&gt;</a>&nbsp;&nbsp;&nbsp;HAL_NVIC_DisableIRQ
<LI><a href="#[aa]">&gt;&gt;</a>&nbsp;&nbsp;&nbsp;HAL_NVIC_EnableIRQ
</UL>
<BR>[Called By]<UL><LI><a href="#[8e]">&gt;&gt;</a>&nbsp;&nbsp;&nbsp;App_Manager_Process
<LI><a href="#[43]">&gt;&gt;</a>&nbsp;&nbsp;&nbsp;Handle_Dwin_INT
</UL>

<P><STRONG><a name="[9b]"></a>DWIN_Driver_WriteInt32</STRONG> (Thumb, 244 bytes, Stack size 40 bytes, dwin_driver.o(.text.DWIN_Driver_WriteInt32))
<BR><BR>[Stack]<UL><LI>Max Depth = 40<LI>Call Chain = DWIN_Driver_WriteInt32
</UL>
<BR>[Calls]<UL><LI><a href="#[a9]">&gt;&gt;</a>&nbsp;&nbsp;&nbsp;HAL_NVIC_DisableIRQ
<LI><a href="#[aa]">&gt;&gt;</a>&nbsp;&nbsp;&nbsp;HAL_NVIC_EnableIRQ
</UL>
<BR>[Called By]<UL><LI><a href="#[8e]">&gt;&gt;</a>&nbsp;&nbsp;&nbsp;App_Manager_Process
<LI><a href="#[44]">&gt;&gt;</a>&nbsp;&nbsp;&nbsp;Handle_Dwin_INT32
</UL>

<P><STRONG><a name="[bf]"></a>DWIN_Driver_WriteRawBytes</STRONG> (Thumb, 280 bytes, Stack size 32 bytes, dwin_driver.o(.text.DWIN_Driver_WriteRawBytes))
<BR><BR>[Stack]<UL><LI>Max Depth = 32<LI>Call Chain = DWIN_Driver_WriteRawBytes
</UL>
<BR>[Calls]<UL><LI><a href="#[a9]">&gt;&gt;</a>&nbsp;&nbsp;&nbsp;HAL_NVIC_DisableIRQ
<LI><a href="#[aa]">&gt;&gt;</a>&nbsp;&nbsp;&nbsp;HAL_NVIC_EnableIRQ
</UL>
<BR>[Called By]<UL><LI><a href="#[b6]">&gt;&gt;</a>&nbsp;&nbsp;&nbsp;Tela_ON_OFF
<LI><a href="#[45]">&gt;&gt;</a>&nbsp;&nbsp;&nbsp;Handle_Dwin_RAW
</UL>

<P><STRONG><a name="[a2]"></a>DWIN_Driver_WriteString</STRONG> (Thumb, 344 bytes, Stack size 96 bytes, dwin_driver.o(.text.DWIN_Driver_WriteString))
<BR><BR>[Stack]<UL><LI>Max Depth = 96<LI>Call Chain = DWIN_Driver_WriteString
</UL>
<BR>[Calls]<UL><LI><a href="#[a9]">&gt;&gt;</a>&nbsp;&nbsp;&nbsp;HAL_NVIC_DisableIRQ
<LI><a href="#[aa]">&gt;&gt;</a>&nbsp;&nbsp;&nbsp;HAL_NVIC_EnableIRQ
<LI><a href="#[a4]">&gt;&gt;</a>&nbsp;&nbsp;&nbsp;strlen
<LI><a href="#[c0]">&gt;&gt;</a>&nbsp;&nbsp;&nbsp;__aeabi_memcpy
</UL>
<BR>[Called By]<UL><LI><a href="#[a0]">&gt;&gt;</a>&nbsp;&nbsp;&nbsp;Atualizar_Display_Grao_Selecionado
<LI><a href="#[9e]">&gt;&gt;</a>&nbsp;&nbsp;&nbsp;RTC_Driver_Process
</UL>

<P><STRONG><a name="[90]"></a>DWIN_TX_Pump</STRONG> (Thumb, 136 bytes, Stack size 16 bytes, dwin_driver.o(.text.DWIN_TX_Pump))
<BR><BR>[Stack]<UL><LI>Max Depth = 72<LI>Call Chain = DWIN_TX_Pump &rArr; HAL_UART_Transmit_DMA &rArr; HAL_DMA_Start_IT
</UL>
<BR>[Calls]<UL><LI><a href="#[a9]">&gt;&gt;</a>&nbsp;&nbsp;&nbsp;HAL_NVIC_DisableIRQ
<LI><a href="#[aa]">&gt;&gt;</a>&nbsp;&nbsp;&nbsp;HAL_NVIC_EnableIRQ
<LI><a href="#[af]">&gt;&gt;</a>&nbsp;&nbsp;&nbsp;HAL_UART_Transmit_DMA
</UL>
<BR>[Called By]<UL><LI><a href="#[8e]">&gt;&gt;</a>&nbsp;&nbsp;&nbsp;App_Manager_Process
</UL>

<P><STRONG><a name="[db]"></a>Drv_ADS1232_DRDY_Callback</STRONG> (Thumb, 8 bytes, Stack size 0 bytes, ads1232_driver.o(.text.Drv_ADS1232_DRDY_Callback))
<BR><BR>[Called By]<UL><LI><a href="#[da]">&gt;&gt;</a>&nbsp;&nbsp;&nbsp;HAL_GPIO_EXTI_Falling_Callback
</UL>

<P><STRONG><a name="[85]"></a>EEPROM_Driver_Init</STRONG> (Thumb, 16 bytes, Stack size 0 bytes, eeprom_driver.o(.text.EEPROM_Driver_Init))
<BR><BR>[Called By]<UL><LI><a href="#[83]">&gt;&gt;</a>&nbsp;&nbsp;&nbsp;App_Manager_Init
</UL>

<P><STRONG><a name="[cc]"></a>EEPROM_Driver_IsBusy</STRONG> (Thumb, 12 bytes, Stack size 0 bytes, eeprom_driver.o(.text.EEPROM_Driver_IsBusy))
<BR><BR>[Called By]<UL><LI><a href="#[9f]">&gt;&gt;</a>&nbsp;&nbsp;&nbsp;Gerenciador_Config_Run_FSM
</UL>

<P><STRONG><a name="[c1]"></a>EEPROM_Driver_Read_Blocking</STRONG> (Thumb, 84 bytes, Stack size 40 bytes, eeprom_driver.o(.text.EEPROM_Driver_Read_Blocking))
<BR><BR>[Stack]<UL><LI>Max Depth = 176<LI>Call Chain = EEPROM_Driver_Read_Blocking &rArr; HAL_I2C_IsDeviceReady &rArr; I2C_WaitOnFlagUntilTimeout &rArr; I2C_IsErrorOccurred
</UL>
<BR>[Calls]<UL><LI><a href="#[c2]">&gt;&gt;</a>&nbsp;&nbsp;&nbsp;HAL_I2C_IsDeviceReady
<LI><a href="#[c3]">&gt;&gt;</a>&nbsp;&nbsp;&nbsp;HAL_I2C_Mem_Read
<LI><a href="#[81]">&gt;&gt;</a>&nbsp;&nbsp;&nbsp;puts
</UL>
<BR>[Called By]<UL><LI><a href="#[88]">&gt;&gt;</a>&nbsp;&nbsp;&nbsp;Gerenciador_Config_Validar_e_Restaurar
</UL>

<P><STRONG><a name="[c4]"></a>EEPROM_Driver_Write_Async_Poll</STRONG> (Thumb, 212 bytes, Stack size 32 bytes, eeprom_driver.o(.text.EEPROM_Driver_Write_Async_Poll))
<BR><BR>[Stack]<UL><LI>Max Depth = 104<LI>Call Chain = EEPROM_Driver_Write_Async_Poll &rArr; HAL_I2C_Mem_Write_DMA &rArr; HAL_DMA_Start_IT
</UL>
<BR>[Calls]<UL><LI><a href="#[77]">&gt;&gt;</a>&nbsp;&nbsp;&nbsp;HAL_GetTick
<LI><a href="#[c5]">&gt;&gt;</a>&nbsp;&nbsp;&nbsp;HAL_I2C_Master_Abort_IT
<LI><a href="#[c6]">&gt;&gt;</a>&nbsp;&nbsp;&nbsp;HAL_I2C_Mem_Write_DMA
<LI><a href="#[81]">&gt;&gt;</a>&nbsp;&nbsp;&nbsp;puts
</UL>
<BR>[Called By]<UL><LI><a href="#[9f]">&gt;&gt;</a>&nbsp;&nbsp;&nbsp;Gerenciador_Config_Run_FSM
</UL>

<P><STRONG><a name="[c7]"></a>EEPROM_Driver_Write_Async_Start</STRONG> (Thumb, 100 bytes, Stack size 32 bytes, eeprom_driver.o(.text.EEPROM_Driver_Write_Async_Start))
<BR><BR>[Stack]<UL><LI>Max Depth = 104<LI>Call Chain = EEPROM_Driver_Write_Async_Start &rArr; HAL_I2C_Mem_Write_DMA &rArr; HAL_DMA_Start_IT
</UL>
<BR>[Calls]<UL><LI><a href="#[c6]">&gt;&gt;</a>&nbsp;&nbsp;&nbsp;HAL_I2C_Mem_Write_DMA
</UL>
<BR>[Called By]<UL><LI><a href="#[9f]">&gt;&gt;</a>&nbsp;&nbsp;&nbsp;Gerenciador_Config_Run_FSM
</UL>

<P><STRONG><a name="[d]"></a>EXTI4_15_IRQHandler</STRONG> (Thumb, 10 bytes, Stack size 8 bytes, stm32c0xx_it.o(.text.EXTI4_15_IRQHandler))
<BR><BR>[Stack]<UL><LI>Max Depth = 32<LI>Call Chain = EXTI4_15_IRQHandler &rArr; HAL_GPIO_EXTI_IRQHandler &rArr; HAL_GPIO_EXTI_Falling_Callback
</UL>
<BR>[Calls]<UL><LI><a href="#[c8]">&gt;&gt;</a>&nbsp;&nbsp;&nbsp;HAL_GPIO_EXTI_IRQHandler
</UL>
<BR>[Address Reference Count : 1]<UL><LI> startup_stm32c071xx.o(RESET)
</UL>
<P><STRONG><a name="[ab]"></a>Error_Handler</STRONG> (Thumb, 4 bytes, Stack size 0 bytes, main.o(.text.Error_Handler))
<BR><BR>[Called By]<UL><LI><a href="#[eb]">&gt;&gt;</a>&nbsp;&nbsp;&nbsp;HAL_PCD_MspInit
<LI><a href="#[116]">&gt;&gt;</a>&nbsp;&nbsp;&nbsp;HAL_UART_MspInit
<LI><a href="#[f4]">&gt;&gt;</a>&nbsp;&nbsp;&nbsp;HAL_RTC_MspInit
<LI><a href="#[de]">&gt;&gt;</a>&nbsp;&nbsp;&nbsp;HAL_I2C_MspInit
<LI><a href="#[d1]">&gt;&gt;</a>&nbsp;&nbsp;&nbsp;HAL_ADC_MspInit
<LI><a href="#[13e]">&gt;&gt;</a>&nbsp;&nbsp;&nbsp;MX_TIM14_Init
<LI><a href="#[143]">&gt;&gt;</a>&nbsp;&nbsp;&nbsp;MX_TIM2_Init
<LI><a href="#[148]">&gt;&gt;</a>&nbsp;&nbsp;&nbsp;MX_USB_PCD_Init
<LI><a href="#[147]">&gt;&gt;</a>&nbsp;&nbsp;&nbsp;MX_USART2_UART_Init
<LI><a href="#[145]">&gt;&gt;</a>&nbsp;&nbsp;&nbsp;MX_USART1_UART_Init
<LI><a href="#[142]">&gt;&gt;</a>&nbsp;&nbsp;&nbsp;MX_TIM17_Init
<LI><a href="#[13f]">&gt;&gt;</a>&nbsp;&nbsp;&nbsp;MX_TIM16_Init
<LI><a href="#[13d]">&gt;&gt;</a>&nbsp;&nbsp;&nbsp;MX_RTC_Init
<LI><a href="#[13a]">&gt;&gt;</a>&nbsp;&nbsp;&nbsp;MX_I2C1_Init
<LI><a href="#[137]">&gt;&gt;</a>&nbsp;&nbsp;&nbsp;MX_CRC_Init
<LI><a href="#[136]">&gt;&gt;</a>&nbsp;&nbsp;&nbsp;MX_ADC1_Init
<LI><a href="#[91]">&gt;&gt;</a>&nbsp;&nbsp;&nbsp;DWIN_Driver_Process
<LI><a href="#[8d]">&gt;&gt;</a>&nbsp;&nbsp;&nbsp;DWIN_Driver_Init
<LI><a href="#[84]">&gt;&gt;</a>&nbsp;&nbsp;&nbsp;CLI_Init
</UL>

<P><STRONG><a name="[96]"></a>Frequency_Get_Pulse_Count</STRONG> (Thumb, 8 bytes, Stack size 0 bytes, pcb_frequency.o(.text.Frequency_Get_Pulse_Count))
<BR><BR>[Called By]<UL><LI><a href="#[8e]">&gt;&gt;</a>&nbsp;&nbsp;&nbsp;App_Manager_Process
</UL>

<P><STRONG><a name="[89]"></a>Frequency_Init</STRONG> (Thumb, 12 bytes, Stack size 8 bytes, pcb_frequency.o(.text.Frequency_Init))
<BR><BR>[Stack]<UL><LI>Max Depth = 16<LI>Call Chain = Frequency_Init &rArr; HAL_TIM_Base_Start
</UL>
<BR>[Calls]<UL><LI><a href="#[c9]">&gt;&gt;</a>&nbsp;&nbsp;&nbsp;HAL_TIM_Base_Start
</UL>
<BR>[Called By]<UL><LI><a href="#[83]">&gt;&gt;</a>&nbsp;&nbsp;&nbsp;App_Manager_Init
</UL>

<P><STRONG><a name="[97]"></a>Frequency_Reset</STRONG> (Thumb, 12 bytes, Stack size 0 bytes, pcb_frequency.o(.text.Frequency_Reset))
<BR><BR>[Called By]<UL><LI><a href="#[8e]">&gt;&gt;</a>&nbsp;&nbsp;&nbsp;App_Manager_Process
</UL>

<P><STRONG><a name="[99]"></a>Gerenciador_Config_Get_Cal_A</STRONG> (Thumb, 36 bytes, Stack size 8 bytes, gerenciador_configuracoes.o(.text.Gerenciador_Config_Get_Cal_A))
<BR><BR>[Stack]<UL><LI>Max Depth = 8<LI>Call Chain = Gerenciador_Config_Get_Cal_A
</UL>
<BR>[Called By]<UL><LI><a href="#[8e]">&gt;&gt;</a>&nbsp;&nbsp;&nbsp;App_Manager_Process
</UL>

<P><STRONG><a name="[a1]"></a>Gerenciador_Config_Get_Dados_Grao</STRONG> (Thumb, 52 bytes, Stack size 16 bytes, gerenciador_configuracoes.o(.text.Gerenciador_Config_Get_Dados_Grao))
<BR><BR>[Stack]<UL><LI>Max Depth = 16<LI>Call Chain = Gerenciador_Config_Get_Dados_Grao
</UL>
<BR>[Called By]<UL><LI><a href="#[a0]">&gt;&gt;</a>&nbsp;&nbsp;&nbsp;Atualizar_Display_Grao_Selecionado
</UL>

<P><STRONG><a name="[132]"></a>Gerenciador_Config_Get_Grao_Ativo</STRONG> (Thumb, 24 bytes, Stack size 0 bytes, gerenciador_configuracoes.o(.text.Gerenciador_Config_Get_Grao_Ativo))
<BR><BR>[Called By]<UL><LI><a href="#[b8]">&gt;&gt;</a>&nbsp;&nbsp;&nbsp;Lidar_Com_Entrada_Tela_Graos
</UL>

<P><STRONG><a name="[133]"></a>Gerenciador_Config_Get_Num_Graos</STRONG> (Thumb, 4 bytes, Stack size 0 bytes, gerenciador_configuracoes.o(.text.Gerenciador_Config_Get_Num_Graos))
<BR><BR>[Called By]<UL><LI><a href="#[b9]">&gt;&gt;</a>&nbsp;&nbsp;&nbsp;Lidar_Com_Selecao_De_Grao
<LI><a href="#[b8]">&gt;&gt;</a>&nbsp;&nbsp;&nbsp;Lidar_Com_Entrada_Tela_Graos
</UL>

<P><STRONG><a name="[ca]"></a>Gerenciador_Config_Get_Senha</STRONG> (Thumb, 36 bytes, Stack size 16 bytes, gerenciador_configuracoes.o(.text.Gerenciador_Config_Get_Senha))
<BR><BR>[Stack]<UL><LI>Max Depth = 24<LI>Call Chain = Gerenciador_Config_Get_Senha &rArr; strncpy
</UL>
<BR>[Calls]<UL><LI><a href="#[cb]">&gt;&gt;</a>&nbsp;&nbsp;&nbsp;strncpy
</UL>
<BR>[Called By]<UL><LI><a href="#[b4]">&gt;&gt;</a>&nbsp;&nbsp;&nbsp;Lidar_Com_Entrada_De_Senha
</UL>

<P><STRONG><a name="[87]"></a>Gerenciador_Config_Init</STRONG> (Thumb, 16 bytes, Stack size 0 bytes, gerenciador_configuracoes.o(.text.Gerenciador_Config_Init))
<BR><BR>[Called By]<UL><LI><a href="#[83]">&gt;&gt;</a>&nbsp;&nbsp;&nbsp;App_Manager_Init
</UL>

<P><STRONG><a name="[9f]"></a>Gerenciador_Config_Run_FSM</STRONG> (Thumb, 240 bytes, Stack size 16 bytes, gerenciador_configuracoes.o(.text.Gerenciador_Config_Run_FSM))
<BR><BR>[Stack]<UL><LI>Max Depth = 120<LI>Call Chain = Gerenciador_Config_Run_FSM &rArr; EEPROM_Driver_Write_Async_Poll &rArr; HAL_I2C_Mem_Write_DMA &rArr; HAL_DMA_Start_IT
</UL>
<BR>[Calls]<UL><LI><a href="#[cd]">&gt;&gt;</a>&nbsp;&nbsp;&nbsp;HAL_CRC_Calculate
<LI><a href="#[81]">&gt;&gt;</a>&nbsp;&nbsp;&nbsp;puts
<LI><a href="#[c4]">&gt;&gt;</a>&nbsp;&nbsp;&nbsp;EEPROM_Driver_Write_Async_Poll
<LI><a href="#[c7]">&gt;&gt;</a>&nbsp;&nbsp;&nbsp;EEPROM_Driver_Write_Async_Start
<LI><a href="#[cc]">&gt;&gt;</a>&nbsp;&nbsp;&nbsp;EEPROM_Driver_IsBusy
</UL>
<BR>[Called By]<UL><LI><a href="#[8e]">&gt;&gt;</a>&nbsp;&nbsp;&nbsp;App_Manager_Process
</UL>

<P><STRONG><a name="[134]"></a>Gerenciador_Config_Set_Grao_Ativo</STRONG> (Thumb, 28 bytes, Stack size 0 bytes, gerenciador_configuracoes.o(.text.Gerenciador_Config_Set_Grao_Ativo))
<BR><BR>[Called By]<UL><LI><a href="#[b9]">&gt;&gt;</a>&nbsp;&nbsp;&nbsp;Lidar_Com_Selecao_De_Grao
</UL>

<P><STRONG><a name="[ce]"></a>Gerenciador_Config_Set_Senha</STRONG> (Thumb, 40 bytes, Stack size 16 bytes, gerenciador_configuracoes.o(.text.Gerenciador_Config_Set_Senha))
<BR><BR>[Stack]<UL><LI>Max Depth = 24<LI>Call Chain = Gerenciador_Config_Set_Senha &rArr; strncpy
</UL>
<BR>[Calls]<UL><LI><a href="#[cb]">&gt;&gt;</a>&nbsp;&nbsp;&nbsp;strncpy
</UL>
<BR>[Called By]<UL><LI><a href="#[b5]">&gt;&gt;</a>&nbsp;&nbsp;&nbsp;Lidar_Com_VP_Senha
</UL>

<P><STRONG><a name="[88]"></a>Gerenciador_Config_Validar_e_Restaurar</STRONG> (Thumb, 784 bytes, Stack size 48 bytes, gerenciador_configuracoes.o(.text.Gerenciador_Config_Validar_e_Restaurar))
<BR><BR>[Stack]<UL><LI>Max Depth = 224<LI>Call Chain = Gerenciador_Config_Validar_e_Restaurar &rArr; EEPROM_Driver_Read_Blocking &rArr; HAL_I2C_IsDeviceReady &rArr; I2C_WaitOnFlagUntilTimeout &rArr; I2C_IsErrorOccurred
</UL>
<BR>[Calls]<UL><LI><a href="#[cd]">&gt;&gt;</a>&nbsp;&nbsp;&nbsp;HAL_CRC_Calculate
<LI><a href="#[cb]">&gt;&gt;</a>&nbsp;&nbsp;&nbsp;strncpy
<LI><a href="#[ae]">&gt;&gt;</a>&nbsp;&nbsp;&nbsp;__aeabi_memclr4
<LI><a href="#[81]">&gt;&gt;</a>&nbsp;&nbsp;&nbsp;puts
<LI><a href="#[c1]">&gt;&gt;</a>&nbsp;&nbsp;&nbsp;EEPROM_Driver_Read_Blocking
<LI><a href="#[82]">&gt;&gt;</a>&nbsp;&nbsp;&nbsp;__2printf
</UL>
<BR>[Called By]<UL><LI><a href="#[83]">&gt;&gt;</a>&nbsp;&nbsp;&nbsp;App_Manager_Init
</UL>

<P><STRONG><a name="[cf]"></a>HAL_ADC_ConfigChannel</STRONG> (Thumb, 664 bytes, Stack size 48 bytes, stm32c0xx_hal_adc.o(.text.HAL_ADC_ConfigChannel))
<BR><BR>[Stack]<UL><LI>Max Depth = 64<LI>Call Chain = HAL_ADC_ConfigChannel &rArr; __aeabi_uidiv
</UL>
<BR>[Calls]<UL><LI><a href="#[76]">&gt;&gt;</a>&nbsp;&nbsp;&nbsp;__aeabi_uidiv
</UL>
<BR>[Called By]<UL><LI><a href="#[136]">&gt;&gt;</a>&nbsp;&nbsp;&nbsp;MX_ADC1_Init
<LI><a href="#[8b]">&gt;&gt;</a>&nbsp;&nbsp;&nbsp;TempSensor_GetTemperature
</UL>

<P><STRONG><a name="[153]"></a>HAL_ADC_GetValue</STRONG> (Thumb, 6 bytes, Stack size 0 bytes, stm32c0xx_hal_adc.o(.text.HAL_ADC_GetValue))
<BR><BR>[Called By]<UL><LI><a href="#[8b]">&gt;&gt;</a>&nbsp;&nbsp;&nbsp;TempSensor_GetTemperature
</UL>

<P><STRONG><a name="[d0]"></a>HAL_ADC_Init</STRONG> (Thumb, 564 bytes, Stack size 56 bytes, stm32c0xx_hal_adc.o(.text.HAL_ADC_Init))
<BR><BR>[Stack]<UL><LI>Max Depth = 144<LI>Call Chain = HAL_ADC_Init &rArr; HAL_ADC_MspInit &rArr; HAL_RCCEx_PeriphCLKConfig
</UL>
<BR>[Calls]<UL><LI><a href="#[d1]">&gt;&gt;</a>&nbsp;&nbsp;&nbsp;HAL_ADC_MspInit
<LI><a href="#[76]">&gt;&gt;</a>&nbsp;&nbsp;&nbsp;__aeabi_uidiv
</UL>
<BR>[Called By]<UL><LI><a href="#[136]">&gt;&gt;</a>&nbsp;&nbsp;&nbsp;MX_ADC1_Init
</UL>

<P><STRONG><a name="[d1]"></a>HAL_ADC_MspInit</STRONG> (Thumb, 76 bytes, Stack size 48 bytes, adc.o(.text.HAL_ADC_MspInit))
<BR><BR>[Stack]<UL><LI>Max Depth = 88<LI>Call Chain = HAL_ADC_MspInit &rArr; HAL_RCCEx_PeriphCLKConfig
</UL>
<BR>[Calls]<UL><LI><a href="#[d2]">&gt;&gt;</a>&nbsp;&nbsp;&nbsp;HAL_RCCEx_PeriphCLKConfig
<LI><a href="#[ab]">&gt;&gt;</a>&nbsp;&nbsp;&nbsp;Error_Handler
</UL>
<BR>[Called By]<UL><LI><a href="#[d0]">&gt;&gt;</a>&nbsp;&nbsp;&nbsp;HAL_ADC_Init
</UL>

<P><STRONG><a name="[d3]"></a>HAL_ADC_PollForConversion</STRONG> (Thumb, 230 bytes, Stack size 24 bytes, stm32c0xx_hal_adc.o(.text.HAL_ADC_PollForConversion))
<BR><BR>[Stack]<UL><LI>Max Depth = 24<LI>Call Chain = HAL_ADC_PollForConversion
</UL>
<BR>[Calls]<UL><LI><a href="#[77]">&gt;&gt;</a>&nbsp;&nbsp;&nbsp;HAL_GetTick
</UL>
<BR>[Called By]<UL><LI><a href="#[8b]">&gt;&gt;</a>&nbsp;&nbsp;&nbsp;TempSensor_GetTemperature
</UL>

<P><STRONG><a name="[d4]"></a>HAL_ADC_Start</STRONG> (Thumb, 92 bytes, Stack size 16 bytes, stm32c0xx_hal_adc.o(.text.HAL_ADC_Start))
<BR><BR>[Stack]<UL><LI>Max Depth = 56<LI>Call Chain = HAL_ADC_Start &rArr; ADC_Enable &rArr; __aeabi_uidiv
</UL>
<BR>[Calls]<UL><LI><a href="#[75]">&gt;&gt;</a>&nbsp;&nbsp;&nbsp;ADC_Enable
</UL>
<BR>[Called By]<UL><LI><a href="#[8b]">&gt;&gt;</a>&nbsp;&nbsp;&nbsp;TempSensor_GetTemperature
</UL>

<P><STRONG><a name="[d5]"></a>HAL_ADC_Stop</STRONG> (Thumb, 180 bytes, Stack size 24 bytes, stm32c0xx_hal_adc.o(.text.HAL_ADC_Stop))
<BR><BR>[Stack]<UL><LI>Max Depth = 24<LI>Call Chain = HAL_ADC_Stop
</UL>
<BR>[Calls]<UL><LI><a href="#[77]">&gt;&gt;</a>&nbsp;&nbsp;&nbsp;HAL_GetTick
</UL>
<BR>[Called By]<UL><LI><a href="#[8b]">&gt;&gt;</a>&nbsp;&nbsp;&nbsp;TempSensor_GetTemperature
</UL>

<P><STRONG><a name="[d8]"></a>HAL_CRCEx_Polynomial_Set</STRONG> (Thumb, 80 bytes, Stack size 16 bytes, stm32c0xx_hal_crc_ex.o(.text.HAL_CRCEx_Polynomial_Set))
<BR><BR>[Stack]<UL><LI>Max Depth = 16<LI>Call Chain = HAL_CRCEx_Polynomial_Set
</UL>
<BR>[Called By]<UL><LI><a href="#[d6]">&gt;&gt;</a>&nbsp;&nbsp;&nbsp;HAL_CRC_Init
</UL>

<P><STRONG><a name="[cd]"></a>HAL_CRC_Calculate</STRONG> (Thumb, 588 bytes, Stack size 36 bytes, stm32c0xx_hal_crc.o(.text.HAL_CRC_Calculate))
<BR><BR>[Stack]<UL><LI>Max Depth = 36<LI>Call Chain = HAL_CRC_Calculate
</UL>
<BR>[Called By]<UL><LI><a href="#[88]">&gt;&gt;</a>&nbsp;&nbsp;&nbsp;Gerenciador_Config_Validar_e_Restaurar
<LI><a href="#[9f]">&gt;&gt;</a>&nbsp;&nbsp;&nbsp;Gerenciador_Config_Run_FSM
</UL>

<P><STRONG><a name="[d6]"></a>HAL_CRC_Init</STRONG> (Thumb, 120 bytes, Stack size 16 bytes, stm32c0xx_hal_crc.o(.text.HAL_CRC_Init))
<BR><BR>[Stack]<UL><LI>Max Depth = 32<LI>Call Chain = HAL_CRC_Init &rArr; HAL_CRCEx_Polynomial_Set
</UL>
<BR>[Calls]<UL><LI><a href="#[d7]">&gt;&gt;</a>&nbsp;&nbsp;&nbsp;HAL_CRC_MspInit
<LI><a href="#[d8]">&gt;&gt;</a>&nbsp;&nbsp;&nbsp;HAL_CRCEx_Polynomial_Set
</UL>
<BR>[Called By]<UL><LI><a href="#[137]">&gt;&gt;</a>&nbsp;&nbsp;&nbsp;MX_CRC_Init
</UL>

<P><STRONG><a name="[d7]"></a>HAL_CRC_MspInit</STRONG> (Thumb, 40 bytes, Stack size 4 bytes, crc.o(.text.HAL_CRC_MspInit))
<BR><BR>[Stack]<UL><LI>Max Depth = 4<LI>Call Chain = HAL_CRC_MspInit
</UL>
<BR>[Called By]<UL><LI><a href="#[d6]">&gt;&gt;</a>&nbsp;&nbsp;&nbsp;HAL_CRC_Init
</UL>

<P><STRONG><a name="[111]"></a>HAL_DMA_Abort</STRONG> (Thumb, 112 bytes, Stack size 16 bytes, stm32c0xx_hal_dma.o(.text.HAL_DMA_Abort))
<BR><BR>[Stack]<UL><LI>Max Depth = 16<LI>Call Chain = HAL_DMA_Abort
</UL>
<BR>[Called By]<UL><LI><a href="#[10f]">&gt;&gt;</a>&nbsp;&nbsp;&nbsp;HAL_UART_IRQHandler
</UL>

<P><STRONG><a name="[10c]"></a>HAL_DMA_Abort_IT</STRONG> (Thumb, 116 bytes, Stack size 16 bytes, stm32c0xx_hal_dma.o(.text.HAL_DMA_Abort_IT))
<BR><BR>[Stack]<UL><LI>Max Depth = 16<LI>Call Chain = HAL_DMA_Abort_IT
</UL>
<BR>[Called By]<UL><LI><a href="#[10f]">&gt;&gt;</a>&nbsp;&nbsp;&nbsp;HAL_UART_IRQHandler
<LI><a href="#[121]">&gt;&gt;</a>&nbsp;&nbsp;&nbsp;I2C_ITError
<LI><a href="#[a6]">&gt;&gt;</a>&nbsp;&nbsp;&nbsp;HAL_UART_AbortReceive_IT
</UL>

<P><STRONG><a name="[124]"></a>HAL_DMA_GetState</STRONG> (Thumb, 6 bytes, Stack size 0 bytes, stm32c0xx_hal_dma.o(.text.HAL_DMA_GetState))
<BR><BR>[Called By]<UL><LI><a href="#[121]">&gt;&gt;</a>&nbsp;&nbsp;&nbsp;I2C_ITError
</UL>

<P><STRONG><a name="[ba]"></a>HAL_DMA_IRQHandler</STRONG> (Thumb, 228 bytes, Stack size 40 bytes, stm32c0xx_hal_dma.o(.text.HAL_DMA_IRQHandler))
<BR><BR>[Stack]<UL><LI>Max Depth = 40<LI>Call Chain = HAL_DMA_IRQHandler
</UL>
<BR>[Called By]<UL><LI><a href="#[11]">&gt;&gt;</a>&nbsp;&nbsp;&nbsp;DMAMUX1_DMA1_CH4_5_IRQHandler
<LI><a href="#[10]">&gt;&gt;</a>&nbsp;&nbsp;&nbsp;DMA1_Channel2_3_IRQHandler
<LI><a href="#[f]">&gt;&gt;</a>&nbsp;&nbsp;&nbsp;DMA1_Channel1_IRQHandler
</UL>

<P><STRONG><a name="[d9]"></a>HAL_DMA_Init</STRONG> (Thumb, 236 bytes, Stack size 48 bytes, stm32c0xx_hal_dma.o(.text.HAL_DMA_Init))
<BR><BR>[Stack]<UL><LI>Max Depth = 64<LI>Call Chain = HAL_DMA_Init &rArr; __aeabi_uidiv
</UL>
<BR>[Calls]<UL><LI><a href="#[76]">&gt;&gt;</a>&nbsp;&nbsp;&nbsp;__aeabi_uidiv
</UL>
<BR>[Called By]<UL><LI><a href="#[116]">&gt;&gt;</a>&nbsp;&nbsp;&nbsp;HAL_UART_MspInit
</UL>

<P><STRONG><a name="[e3]"></a>HAL_DMA_Start_IT</STRONG> (Thumb, 200 bytes, Stack size 32 bytes, stm32c0xx_hal_dma.o(.text.HAL_DMA_Start_IT))
<BR><BR>[Stack]<UL><LI>Max Depth = 32<LI>Call Chain = HAL_DMA_Start_IT
</UL>
<BR>[Called By]<UL><LI><a href="#[c6]">&gt;&gt;</a>&nbsp;&nbsp;&nbsp;HAL_I2C_Mem_Write_DMA
<LI><a href="#[2c]">&gt;&gt;</a>&nbsp;&nbsp;&nbsp;I2C_DMAMasterTransmitCplt
<LI><a href="#[108]">&gt;&gt;</a>&nbsp;&nbsp;&nbsp;UART_Start_Receive_DMA
<LI><a href="#[af]">&gt;&gt;</a>&nbsp;&nbsp;&nbsp;HAL_UART_Transmit_DMA
</UL>

<P><STRONG><a name="[7c]"></a>HAL_Delay</STRONG> (Thumb, 32 bytes, Stack size 16 bytes, stm32c0xx_hal.o(.text.HAL_Delay))
<BR><BR>[Stack]<UL><LI>Max Depth = 16<LI>Call Chain = HAL_Delay
</UL>
<BR>[Calls]<UL><LI><a href="#[77]">&gt;&gt;</a>&nbsp;&nbsp;&nbsp;HAL_GetTick
</UL>
<BR>[Called By]<UL><LI><a href="#[80]">&gt;&gt;</a>&nbsp;&nbsp;&nbsp;ADS1232_Tare
<LI><a href="#[7a]">&gt;&gt;</a>&nbsp;&nbsp;&nbsp;ADS1232_Init
</UL>

<P><STRONG><a name="[da]"></a>HAL_GPIO_EXTI_Falling_Callback</STRONG> (Thumb, 12 bytes, Stack size 8 bytes, stm32c0xx_it.o(.text.HAL_GPIO_EXTI_Falling_Callback))
<BR><BR>[Stack]<UL><LI>Max Depth = 8<LI>Call Chain = HAL_GPIO_EXTI_Falling_Callback
</UL>
<BR>[Calls]<UL><LI><a href="#[db]">&gt;&gt;</a>&nbsp;&nbsp;&nbsp;Drv_ADS1232_DRDY_Callback
</UL>
<BR>[Called By]<UL><LI><a href="#[c8]">&gt;&gt;</a>&nbsp;&nbsp;&nbsp;HAL_GPIO_EXTI_IRQHandler
</UL>

<P><STRONG><a name="[c8]"></a>HAL_GPIO_EXTI_IRQHandler</STRONG> (Thumb, 36 bytes, Stack size 16 bytes, stm32c0xx_hal_gpio.o(.text.HAL_GPIO_EXTI_IRQHandler))
<BR><BR>[Stack]<UL><LI>Max Depth = 24<LI>Call Chain = HAL_GPIO_EXTI_IRQHandler &rArr; HAL_GPIO_EXTI_Falling_Callback
</UL>
<BR>[Calls]<UL><LI><a href="#[dc]">&gt;&gt;</a>&nbsp;&nbsp;&nbsp;HAL_GPIO_EXTI_Rising_Callback
<LI><a href="#[da]">&gt;&gt;</a>&nbsp;&nbsp;&nbsp;HAL_GPIO_EXTI_Falling_Callback
</UL>
<BR>[Called By]<UL><LI><a href="#[d]">&gt;&gt;</a>&nbsp;&nbsp;&nbsp;EXTI4_15_IRQHandler
</UL>

<P><STRONG><a name="[dc]"></a>HAL_GPIO_EXTI_Rising_Callback</STRONG> (Thumb, 2 bytes, Stack size 0 bytes, stm32c0xx_hal_gpio.o(.text.HAL_GPIO_EXTI_Rising_Callback))
<BR><BR>[Called By]<UL><LI><a href="#[c8]">&gt;&gt;</a>&nbsp;&nbsp;&nbsp;HAL_GPIO_EXTI_IRQHandler
</UL>

[...]
<LI><a href="#[109]">&gt;&gt;</a>&nbsp;&nbsp;&nbsp;HAL_UARTEx_RxEventCallback
<LI><a href="#[11b]">&gt;&gt;</a>&nbsp;&nbsp;&nbsp;HAL_UART_RxCpltCallback
</UL>
<BR>[Address Reference Count : 1]<UL><LI> stm32c0xx_hal_uart.o(.text.UART_Start_Receive_IT)
</UL>
<P><STRONG><a name="[38]"></a>UART_RxISR_16BIT_FIFOEN</STRONG> (Thumb, 656 bytes, Stack size 32 bytes, stm32c0xx_hal_uart.o(.text.UART_RxISR_16BIT_FIFOEN))
<BR><BR>[Stack]<UL><LI>Max Depth = 108<LI>Call Chain = UART_RxISR_16BIT_FIFOEN &rArr; HAL_UART_RxCpltCallback &rArr; CLI_HandleRxCplt &rArr; HAL_UART_Receive_IT &rArr; UART_Start_Receive_IT
</UL>
<BR>[Calls]<UL><LI><a href="#[10e]">&gt;&gt;</a>&nbsp;&nbsp;&nbsp;HAL_UART_ErrorCallback
<LI><a href="#[109]">&gt;&gt;</a>&nbsp;&nbsp;&nbsp;HAL_UARTEx_RxEventCallback
<LI><a href="#[11b]">&gt;&gt;</a>&nbsp;&nbsp;&nbsp;HAL_UART_RxCpltCallback
</UL>
<BR>[Address Reference Count : 1]<UL><LI> stm32c0xx_hal_uart.o(.text.UART_Start_Receive_IT)
</UL>
<P><STRONG><a name="[39]"></a>UART_RxISR_8BIT</STRONG> (Thumb, 210 bytes, Stack size 24 bytes, stm32c0xx_hal_uart.o(.text.UART_RxISR_8BIT))
<BR><BR>[Stack]<UL><LI>Max Depth = 100<LI>Call Chain = UART_RxISR_8BIT &rArr; HAL_UART_RxCpltCallback &rArr; CLI_HandleRxCplt &rArr; HAL_UART_Receive_IT &rArr; UART_Start_Receive_IT
</UL>
<BR>[Calls]<UL><LI><a href="#[109]">&gt;&gt;</a>&nbsp;&nbsp;&nbsp;HAL_UARTEx_RxEventCallback
<LI><a href="#[11b]">&gt;&gt;</a>&nbsp;&nbsp;&nbsp;HAL_UART_RxCpltCallback
</UL>
<BR>[Address Reference Count : 1]<UL><LI> stm32c0xx_hal_uart.o(.text.UART_Start_Receive_IT)
</UL>
<P><STRONG><a name="[34]"></a>UART_RxISR_16BIT</STRONG> (Thumb, 208 bytes, Stack size 24 bytes, stm32c0xx_hal_uart.o(.text.UART_RxISR_16BIT))
<BR><BR>[Stack]<UL><LI>Max Depth = 100<LI>Call Chain = UART_RxISR_16BIT &rArr; HAL_UART_RxCpltCallback &rArr; CLI_HandleRxCplt &rArr; HAL_UART_Receive_IT &rArr; UART_Start_Receive_IT
</UL>
<BR>[Calls]<UL><LI><a href="#[109]">&gt;&gt;</a>&nbsp;&nbsp;&nbsp;HAL_UARTEx_RxEventCallback
<LI><a href="#[11b]">&gt;&gt;</a>&nbsp;&nbsp;&nbsp;HAL_UART_RxCpltCallback
</UL>
<BR>[Address Reference Count : 2]<UL><LI> stm32c0xx_hal_uart.o(.text.UART_Start_Receive_IT)
<LI> stm32c0xx_hal_uart.o(.text.UART_RxISR_16BIT_FIFOEN)
</UL>
<P><STRONG><a name="[2f]"></a>UART_DMAError</STRONG> (Thumb, 212 bytes, Stack size 24 bytes, stm32c0xx_hal_uart.o(.text.UART_DMAError))
<BR><BR>[Stack]<UL><LI>Max Depth = 84<LI>Call Chain = UART_DMAError &rArr; HAL_UART_ErrorCallback &rArr; CLI_HandleError &rArr; HAL_UART_Receive_IT &rArr; UART_Start_Receive_IT
</UL>
<BR>[Calls]<UL><LI><a href="#[10e]">&gt;&gt;</a>&nbsp;&nbsp;&nbsp;HAL_UART_ErrorCallback
</UL>
<BR>[Address Reference Count : 2]<UL><LI> stm32c0xx_hal_uart.o(.text.HAL_UART_Transmit_DMA)
<LI> stm32c0xx_hal_uart.o(.text.UART_Start_Receive_DMA)
</UL>
<P><STRONG><a name="[30]"></a>UART_DMATxHalfCplt</STRONG> (Thumb, 10 bytes, Stack size 8 bytes, stm32c0xx_hal_uart.o(.text.UART_DMATxHalfCplt))
<BR><BR>[Stack]<UL><LI>Max Depth = 8<LI>Call Chain = UART_DMATxHalfCplt
</UL>
<BR>[Calls]<UL><LI><a href="#[156]">&gt;&gt;</a>&nbsp;&nbsp;&nbsp;HAL_UART_TxHalfCpltCallback
</UL>
<BR>[Address Reference Count : 1]<UL><LI> stm32c0xx_hal_uart.o(.text.HAL_UART_Transmit_DMA)
</UL>
<P><STRONG><a name="[31]"></a>UART_DMATransmitCplt</STRONG> (Thumb, 74 bytes, Stack size 16 bytes, stm32c0xx_hal_uart.o(.text.UART_DMATransmitCplt))
<BR><BR>[Stack]<UL><LI>Max Depth = 24<LI>Call Chain = UART_DMATransmitCplt &rArr; HAL_UART_TxCpltCallback
</UL>
<BR>[Calls]<UL><LI><a href="#[112]">&gt;&gt;</a>&nbsp;&nbsp;&nbsp;HAL_UART_TxCpltCallback
</UL>
<BR>[Address Reference Count : 1]<UL><LI> stm32c0xx_hal_uart.o(.text.HAL_UART_Transmit_DMA)
</UL>
<P><STRONG><a name="[35]"></a>UART_DMARxHalfCplt</STRONG> (Thumb, 56 bytes, Stack size 8 bytes, stm32c0xx_hal_uart.o(.text.UART_DMARxHalfCplt))
<BR><BR>[Stack]<UL><LI>Max Depth = 24<LI>Call Chain = UART_DMARxHalfCplt &rArr; HAL_UARTEx_RxEventCallback &rArr; DWIN_Driver_HandleRxEvent
</UL>
<BR>[Calls]<UL><LI><a href="#[109]">&gt;&gt;</a>&nbsp;&nbsp;&nbsp;HAL_UARTEx_RxEventCallback
<LI><a href="#[155]">&gt;&gt;</a>&nbsp;&nbsp;&nbsp;HAL_UART_RxHalfCpltCallback
</UL>
<BR>[Address Reference Count : 1]<UL><LI> stm32c0xx_hal_uart.o(.text.UART_Start_Receive_DMA)
</UL>
<P><STRONG><a name="[36]"></a>UART_DMAReceiveCplt</STRONG> (Thumb, 182 bytes, Stack size 24 bytes, stm32c0xx_hal_uart.o(.text.UART_DMAReceiveCplt))
<BR><BR>[Stack]<UL><LI>Max Depth = 100<LI>Call Chain = UART_DMAReceiveCplt &rArr; HAL_UART_RxCpltCallback &rArr; CLI_HandleRxCplt &rArr; HAL_UART_Receive_IT &rArr; UART_Start_Receive_IT
</UL>
<BR>[Calls]<UL><LI><a href="#[109]">&gt;&gt;</a>&nbsp;&nbsp;&nbsp;HAL_UARTEx_RxEventCallback
<LI><a href="#[11b]">&gt;&gt;</a>&nbsp;&nbsp;&nbsp;HAL_UART_RxCpltCallback
</UL>
<BR>[Address Reference Count : 1]<UL><LI> stm32c0xx_hal_uart.o(.text.UART_Start_Receive_DMA)
</UL>
<P><STRONG><a name="[2d]"></a>UART_DMARxOnlyAbortCallback</STRONG> (Thumb, 38 bytes, Stack size 8 bytes, stm32c0xx_hal_uart.o(.text.UART_DMARxOnlyAbortCallback))
<BR><BR>[Stack]<UL><LI>Max Depth = 8<LI>Call Chain = UART_DMARxOnlyAbortCallback
</UL>
<BR>[Calls]<UL><LI><a href="#[10d]">&gt;&gt;</a>&nbsp;&nbsp;&nbsp;HAL_UART_AbortReceiveCpltCallback
</UL>
<BR>[Address Reference Count : 1]<UL><LI> stm32c0xx_hal_uart.o(.text.HAL_UART_AbortReceive_IT)
</UL>
<P><STRONG><a name="[2e]"></a>UART_DMAAbortOnError</STRONG> (Thumb, 16 bytes, Stack size 8 bytes, stm32c0xx_hal_uart.o(.text.UART_DMAAbortOnError))
<BR><BR>[Stack]<UL><LI>Max Depth = 68<LI>Call Chain = UART_DMAAbortOnError &rArr; HAL_UART_ErrorCallback &rArr; CLI_HandleError &rArr; HAL_UART_Receive_IT &rArr; UART_Start_Receive_IT
</UL>
<BR>[Calls]<UL><LI><a href="#[10e]">&gt;&gt;</a>&nbsp;&nbsp;&nbsp;HAL_UART_ErrorCallback
</UL>
<BR>[Address Reference Count : 1]<UL><LI> stm32c0xx_hal_uart.o(.text.HAL_UART_IRQHandler)
</UL>
<P><STRONG><a name="[46]"></a>Acao_Abrir_Funil</STRONG> (Thumb, 12 bytes, Stack size 0 bytes, servo_controle.o(.text.Acao_Abrir_Funil))
<BR>[Address Reference Count : 1]<UL><LI> servo_controle.o(.rodata.s_fluxo_processo)
</UL>
<P><STRONG><a name="[47]"></a>Acao_Varrer_Scrap</STRONG> (Thumb, 12 bytes, Stack size 0 bytes, servo_controle.o(.text.Acao_Varrer_Scrap))
<BR>[Address Reference Count : 1]<UL><LI> servo_controle.o(.rodata.s_fluxo_processo)
</UL>
<P><STRONG><a name="[48]"></a>Acao_Finalizar</STRONG> (Thumb, 2 bytes, Stack size 0 bytes, servo_controle.o(.text.Acao_Finalizar))
<BR>[Address Reference Count : 1]<UL><LI> servo_controle.o(.rodata.s_fluxo_processo)
</UL>
<P><STRONG><a name="[3d]"></a>Cmd_Help</STRONG> (Thumb, 12 bytes, Stack size 8 bytes, cli_driver.o(.text.Cmd_Help))
<BR><BR>[Stack]<UL><LI>Max Depth = 40<LI>Call Chain = Cmd_Help &rArr; puts &rArr; fputc &rArr; CLI_Printf_Transmit
</UL>
<BR>[Calls]<UL><LI><a href="#[81]">&gt;&gt;</a>&nbsp;&nbsp;&nbsp;puts
</UL>
<BR>[Address Reference Count : 1]<UL><LI> cli_driver.o(.rodata.s_command_table)
</UL>
<P><STRONG><a name="[3e]"></a>Cmd_Dwin</STRONG> (Thumb, 204 bytes, Stack size 16 bytes, cli_driver.o(.text.Cmd_Dwin))
<BR><BR>[Stack]<UL><LI>Max Depth = 40<LI>Call Chain = Cmd_Dwin &rArr; strcasecmp
</UL>
<BR>[Calls]<UL><LI><a href="#[4f]">&gt;&gt;</a>&nbsp;&nbsp;&nbsp;strcasecmp
<LI><a href="#[ad]">&gt;&gt;</a>&nbsp;&nbsp;&nbsp;strchr
<LI><a href="#[4b]">&gt;&gt;</a>&nbsp;&nbsp;&nbsp;__rt_ctype_table
<LI><a href="#[82]">&gt;&gt;</a>&nbsp;&nbsp;&nbsp;__2printf
</UL>
<BR>[Address Reference Count : 1]<UL><LI> cli_driver.o(.rodata.s_command_table)
</UL>
<P><STRONG><a name="[3f]"></a>Cmd_GetPeso</STRONG> (Thumb, 72 bytes, Stack size 24 bytes, cli_driver.o(.text.Cmd_GetPeso))
<BR><BR>[Stack]<UL><LI>Max Depth = 56<LI>Call Chain = Cmd_GetPeso &rArr; puts &rArr; fputc &rArr; CLI_Printf_Transmit
</UL>
<BR>[Calls]<UL><LI><a href="#[81]">&gt;&gt;</a>&nbsp;&nbsp;&nbsp;puts
<LI><a href="#[8c]">&gt;&gt;</a>&nbsp;&nbsp;&nbsp;__aeabi_f2d
<LI><a href="#[b1]">&gt;&gt;</a>&nbsp;&nbsp;&nbsp;App_Manager_GetScaleData
<LI><a href="#[82]">&gt;&gt;</a>&nbsp;&nbsp;&nbsp;__2printf
</UL>
<BR>[Address Reference Count : 1]<UL><LI> cli_driver.o(.rodata.s_command_table)
</UL>
<P><STRONG><a name="[40]"></a>Cmd_GetTemp</STRONG> (Thumb, 24 bytes, Stack size 8 bytes, cli_driver.o(.text.Cmd_GetTemp))
<BR><BR>[Stack]<UL><LI>Max Depth = 32<LI>Call Chain = Cmd_GetTemp &rArr; __2printf
</UL>
<BR>[Calls]<UL><LI><a href="#[b2]">&gt;&gt;</a>&nbsp;&nbsp;&nbsp;App_Manager_GetTemperature
<LI><a href="#[8c]">&gt;&gt;</a>&nbsp;&nbsp;&nbsp;__aeabi_f2d
<LI><a href="#[82]">&gt;&gt;</a>&nbsp;&nbsp;&nbsp;__2printf
</UL>
<BR>[Address Reference Count : 1]<UL><LI> cli_driver.o(.rodata.s_command_table)
</UL>
<P><STRONG><a name="[41]"></a>Cmd_GetFreq</STRONG> (Thumb, 44 bytes, Stack size 16 bytes, cli_driver.o(.text.Cmd_GetFreq))
<BR><BR>[Stack]<UL><LI>Max Depth = 48<LI>Call Chain = Cmd_GetFreq &rArr; puts &rArr; fputc &rArr; CLI_Printf_Transmit
</UL>
<BR>[Calls]<UL><LI><a href="#[81]">&gt;&gt;</a>&nbsp;&nbsp;&nbsp;puts
<LI><a href="#[b0]">&gt;&gt;</a>&nbsp;&nbsp;&nbsp;App_Manager_GetFreqData
<LI><a href="#[8c]">&gt;&gt;</a>&nbsp;&nbsp;&nbsp;__aeabi_f2d
<LI><a href="#[82]">&gt;&gt;</a>&nbsp;&nbsp;&nbsp;__2printf
</UL>
<BR>[Address Reference Count : 1]<UL><LI> cli_driver.o(.rodata.s_command_table)
</UL>
<P><STRONG><a name="[42]"></a>Handle_Dwin_PIC</STRONG> (Thumb, 32 bytes, Stack size 8 bytes, cli_driver.o(.text.Handle_Dwin_PIC))
<BR><BR>[Stack]<UL><LI>Max Depth = 96<LI>Call Chain = Handle_Dwin_PIC &rArr; atoi &rArr; strtol &rArr; _strtoul
</UL>
<BR>[Calls]<UL><LI><a href="#[b3]">&gt;&gt;</a>&nbsp;&nbsp;&nbsp;DWIN_Driver_SetScreen
<LI><a href="#[58]">&gt;&gt;</a>&nbsp;&nbsp;&nbsp;atoi
<LI><a href="#[82]">&gt;&gt;</a>&nbsp;&nbsp;&nbsp;__2printf
</UL>
<BR>[Address Reference Count : 1]<UL><LI> cli_driver.o(.rodata.s_dwin_table)
</UL>
<P><STRONG><a name="[43]"></a>Handle_Dwin_INT</STRONG> (Thumb, 80 bytes, Stack size 16 bytes, cli_driver.o(.text.Handle_Dwin_INT))
<BR><BR>[Stack]<UL><LI>Max Depth = 104<LI>Call Chain = Handle_Dwin_INT &rArr; atoi &rArr; strtol &rArr; _strtoul
</UL>
<BR>[Calls]<UL><LI><a href="#[9c]">&gt;&gt;</a>&nbsp;&nbsp;&nbsp;DWIN_Driver_WriteInt
<LI><a href="#[ad]">&gt;&gt;</a>&nbsp;&nbsp;&nbsp;strchr
<LI><a href="#[58]">&gt;&gt;</a>&nbsp;&nbsp;&nbsp;atoi
<LI><a href="#[55]">&gt;&gt;</a>&nbsp;&nbsp;&nbsp;strtol
<LI><a href="#[82]">&gt;&gt;</a>&nbsp;&nbsp;&nbsp;__2printf
</UL>
<BR>[Address Reference Count : 1]<UL><LI> cli_driver.o(.rodata.s_dwin_table)
</UL>
<P><STRONG><a name="[44]"></a>Handle_Dwin_INT32</STRONG> (Thumb, 80 bytes, Stack size 16 bytes, cli_driver.o(.text.Handle_Dwin_INT32))
<BR><BR>[Stack]<UL><LI>Max Depth = 104<LI>Call Chain = Handle_Dwin_INT32 &rArr; atol &rArr; strtol &rArr; _strtoul
</UL>
<BR>[Calls]<UL><LI><a href="#[9b]">&gt;&gt;</a>&nbsp;&nbsp;&nbsp;DWIN_Driver_WriteInt32
<LI><a href="#[ad]">&gt;&gt;</a>&nbsp;&nbsp;&nbsp;strchr
<LI><a href="#[59]">&gt;&gt;</a>&nbsp;&nbsp;&nbsp;atol
<LI><a href="#[55]">&gt;&gt;</a>&nbsp;&nbsp;&nbsp;strtol
<LI><a href="#[82]">&gt;&gt;</a>&nbsp;&nbsp;&nbsp;__2printf
</UL>
<BR>[Address Reference Count : 1]<UL><LI> cli_driver.o(.rodata.s_dwin_table)
</UL>
<P><STRONG><a name="[45]"></a>Handle_Dwin_RAW</STRONG> (Thumb, 284 bytes, Stack size 88 bytes, cli_driver.o(.text.Handle_Dwin_RAW))
<BR><BR>[Stack]<UL><LI>Max Depth = 120<LI>Call Chain = Handle_Dwin_RAW &rArr; DWIN_Driver_WriteRawBytes
</UL>
<BR>[Calls]<UL><LI><a href="#[bf]">&gt;&gt;</a>&nbsp;&nbsp;&nbsp;DWIN_Driver_WriteRawBytes
<LI><a href="#[11e]">&gt;&gt;</a>&nbsp;&nbsp;&nbsp;toupper
<LI><a href="#[4b]">&gt;&gt;</a>&nbsp;&nbsp;&nbsp;__rt_ctype_table
<LI><a href="#[82]">&gt;&gt;</a>&nbsp;&nbsp;&nbsp;__2printf
</UL>
<BR>[Address Reference Count : 1]<UL><LI> cli_driver.o(.rodata.s_dwin_table)
</UL>
<P><STRONG><a name="[b4]"></a>Lidar_Com_Entrada_De_Senha</STRONG> (Thumb, 324 bytes, Stack size 40 bytes, controller.o(.text.Lidar_Com_Entrada_De_Senha))
<BR><BR>[Stack]<UL><LI>Max Depth = 72<LI>Call Chain = Lidar_Com_Entrada_De_Senha &rArr; puts &rArr; fputc &rArr; CLI_Printf_Transmit
</UL>
<BR>[Calls]<UL><LI><a href="#[b3]">&gt;&gt;</a>&nbsp;&nbsp;&nbsp;DWIN_Driver_SetScreen
<LI><a href="#[131]">&gt;&gt;</a>&nbsp;&nbsp;&nbsp;strcmp
<LI><a href="#[81]">&gt;&gt;</a>&nbsp;&nbsp;&nbsp;puts
<LI><a href="#[ca]">&gt;&gt;</a>&nbsp;&nbsp;&nbsp;Gerenciador_Config_Get_Senha
<LI><a href="#[82]">&gt;&gt;</a>&nbsp;&nbsp;&nbsp;__2printf
</UL>
<BR>[Called By]<UL><LI><a href="#[27]">&gt;&gt;</a>&nbsp;&nbsp;&nbsp;Controller_DwinCallback
</UL>

<P><STRONG><a name="[b5]"></a>Lidar_Com_VP_Senha</STRONG> (Thumb, 368 bytes, Stack size 32 bytes, controller.o(.text.Lidar_Com_VP_Senha))
<BR><BR>[Stack]<UL><LI>Max Depth = 64<LI>Call Chain = Lidar_Com_VP_Senha &rArr; puts &rArr; fputc &rArr; CLI_Printf_Transmit
</UL>
<BR>[Calls]<UL><LI><a href="#[b3]">&gt;&gt;</a>&nbsp;&nbsp;&nbsp;DWIN_Driver_SetScreen
<LI><a href="#[135]">&gt;&gt;</a>&nbsp;&nbsp;&nbsp;strcpy
<LI><a href="#[131]">&gt;&gt;</a>&nbsp;&nbsp;&nbsp;strcmp
<LI><a href="#[a4]">&gt;&gt;</a>&nbsp;&nbsp;&nbsp;strlen
<LI><a href="#[81]">&gt;&gt;</a>&nbsp;&nbsp;&nbsp;puts
<LI><a href="#[ce]">&gt;&gt;</a>&nbsp;&nbsp;&nbsp;Gerenciador_Config_Set_Senha
</UL>
<BR>[Called By]<UL><LI><a href="#[27]">&gt;&gt;</a>&nbsp;&nbsp;&nbsp;Controller_DwinCallback
</UL>

<P><STRONG><a name="[b6]"></a>Tela_ON_OFF</STRONG> (Thumb, 52 bytes, Stack size 8 bytes, controller.o(.text.Tela_ON_OFF))
<BR><BR>[Stack]<UL><LI>Max Depth = 40<LI>Call Chain = Tela_ON_OFF &rArr; DWIN_Driver_WriteRawBytes
</UL>
<BR>[Calls]<UL><LI><a href="#[bf]">&gt;&gt;</a>&nbsp;&nbsp;&nbsp;DWIN_Driver_WriteRawBytes
<LI><a href="#[82]">&gt;&gt;</a>&nbsp;&nbsp;&nbsp;__2printf
</UL>
<BR>[Called By]<UL><LI><a href="#[27]">&gt;&gt;</a>&nbsp;&nbsp;&nbsp;Controller_DwinCallback
</UL>

<P><STRONG><a name="[b7]"></a>Set_Just_Time_Parser</STRONG> (Thumb, 392 bytes, Stack size 48 bytes, controller.o(.text.Set_Just_Time_Parser))
<BR><BR>[Stack]<UL><LI>Max Depth = 256<LI>Call Chain = Set_Just_Time_Parser &rArr; __0sscanf &rArr; __vfscanf_char &rArr; __vfscanf &rArr; _scanf_int
</UL>
<BR>[Calls]<UL><LI><a href="#[81]">&gt;&gt;</a>&nbsp;&nbsp;&nbsp;puts
<LI><a href="#[151]">&gt;&gt;</a>&nbsp;&nbsp;&nbsp;RTC_Driver_SetTime
<LI><a href="#[51]">&gt;&gt;</a>&nbsp;&nbsp;&nbsp;__0sscanf
<LI><a href="#[82]">&gt;&gt;</a>&nbsp;&nbsp;&nbsp;__2printf
</UL>
<BR>[Called By]<UL><LI><a href="#[27]">&gt;&gt;</a>&nbsp;&nbsp;&nbsp;Controller_DwinCallback
</UL>

<P><STRONG><a name="[b8]"></a>Lidar_Com_Entrada_Tela_Graos</STRONG> (Thumb, 68 bytes, Stack size 24 bytes, controller.o(.text.Lidar_Com_Entrada_Tela_Graos))
<BR><BR>[Stack]<UL><LI>Max Depth = 216<LI>Call Chain = Lidar_Com_Entrada_Tela_Graos &rArr; Atualizar_Display_Grao_Selecionado &rArr; DWIN_Driver_WriteString
</UL>
<BR>[Calls]<UL><LI><a href="#[b3]">&gt;&gt;</a>&nbsp;&nbsp;&nbsp;DWIN_Driver_SetScreen
<LI><a href="#[81]">&gt;&gt;</a>&nbsp;&nbsp;&nbsp;puts
<LI><a href="#[a0]">&gt;&gt;</a>&nbsp;&nbsp;&nbsp;Atualizar_Display_Grao_Selecionado
<LI><a href="#[132]">&gt;&gt;</a>&nbsp;&nbsp;&nbsp;Gerenciador_Config_Get_Grao_Ativo
<LI><a href="#[133]">&gt;&gt;</a>&nbsp;&nbsp;&nbsp;Gerenciador_Config_Get_Num_Graos
</UL>
<BR>[Called By]<UL><LI><a href="#[27]">&gt;&gt;</a>&nbsp;&nbsp;&nbsp;Controller_DwinCallback
</UL>

<P><STRONG><a name="[b9]"></a>Lidar_Com_Selecao_De_Grao</STRONG> (Thumb, 156 bytes, Stack size 8 bytes, controller.o(.text.Lidar_Com_Selecao_De_Grao))
<BR><BR>[Stack]<UL><LI>Max Depth = 200<LI>Call Chain = Lidar_Com_Selecao_De_Grao &rArr; Atualizar_Display_Grao_Selecionado &rArr; DWIN_Driver_WriteString
</UL>
<BR>[Calls]<UL><LI><a href="#[b3]">&gt;&gt;</a>&nbsp;&nbsp;&nbsp;DWIN_Driver_SetScreen
<LI><a href="#[81]">&gt;&gt;</a>&nbsp;&nbsp;&nbsp;puts
<LI><a href="#[a0]">&gt;&gt;</a>&nbsp;&nbsp;&nbsp;Atualizar_Display_Grao_Selecionado
<LI><a href="#[133]">&gt;&gt;</a>&nbsp;&nbsp;&nbsp;Gerenciador_Config_Get_Num_Graos
<LI><a href="#[134]">&gt;&gt;</a>&nbsp;&nbsp;&nbsp;Gerenciador_Config_Set_Grao_Ativo
<LI><a href="#[82]">&gt;&gt;</a>&nbsp;&nbsp;&nbsp;__2printf
</UL>
<BR>[Called By]<UL><LI><a href="#[27]">&gt;&gt;</a>&nbsp;&nbsp;&nbsp;Controller_DwinCallback
</UL>

<P><STRONG><a name="[a0]"></a>Atualizar_Display_Grao_Selecionado</STRONG> (Thumb, 208 bytes, Stack size 96 bytes, controller.o(.text.Atualizar_Display_Grao_Selecionado))
<BR><BR>[Stack]<UL><LI>Max Depth = 192<LI>Call Chain = Atualizar_Display_Grao_Selecionado &rArr; DWIN_Driver_WriteString
</UL>
<BR>[Calls]<UL><LI><a href="#[a2]">&gt;&gt;</a>&nbsp;&nbsp;&nbsp;DWIN_Driver_WriteString
<LI><a href="#[a4]">&gt;&gt;</a>&nbsp;&nbsp;&nbsp;strlen
<LI><a href="#[66]">&gt;&gt;</a>&nbsp;&nbsp;&nbsp;__aeabi_i2d
<LI><a href="#[a1]">&gt;&gt;</a>&nbsp;&nbsp;&nbsp;Gerenciador_Config_Get_Dados_Grao
<LI><a href="#[a3]">&gt;&gt;</a>&nbsp;&nbsp;&nbsp;__2snprintf
<LI><a href="#[82]">&gt;&gt;</a>&nbsp;&nbsp;&nbsp;__2printf
</UL>
<BR>[Called By]<UL><LI><a href="#[b9]">&gt;&gt;</a>&nbsp;&nbsp;&nbsp;Lidar_Com_Selecao_De_Grao
<LI><a href="#[b8]">&gt;&gt;</a>&nbsp;&nbsp;&nbsp;Lidar_Com_Entrada_Tela_Graos
</UL>

<P><STRONG><a name="[15d]"></a>_fp_digits</STRONG> (Thumb, 344 bytes, Stack size 64 bytes, printfa.o(i._fp_digits), UNUSED)
<BR><BR>[Calls]<UL><LI><a href="#[62]">&gt;&gt;</a>&nbsp;&nbsp;&nbsp;__aeabi_ddiv
<LI><a href="#[60]">&gt;&gt;</a>&nbsp;&nbsp;&nbsp;__aeabi_dmul
<LI><a href="#[67]">&gt;&gt;</a>&nbsp;&nbsp;&nbsp;__aeabi_uldivmod
<LI><a href="#[6c]">&gt;&gt;</a>&nbsp;&nbsp;&nbsp;__aeabi_dadd
<LI><a href="#[70]">&gt;&gt;</a>&nbsp;&nbsp;&nbsp;__aeabi_d2ulz
<LI><a href="#[15e]">&gt;&gt;</a>&nbsp;&nbsp;&nbsp;__aeabi_cdrcmple
</UL>
<BR>[Called By]<UL><LI><a href="#[15a]">&gt;&gt;</a>&nbsp;&nbsp;&nbsp;_printf_core
</UL>

<P><STRONG><a name="[15a]"></a>_printf_core</STRONG> (Thumb, 1754 bytes, Stack size 128 bytes, printfa.o(i._printf_core), UNUSED)
<BR><BR>[Calls]<UL><LI><a href="#[67]">&gt;&gt;</a>&nbsp;&nbsp;&nbsp;__aeabi_uldivmod
<LI><a href="#[161]">&gt;&gt;</a>&nbsp;&nbsp;&nbsp;__aeabi_uidivmod
<LI><a href="#[15f]">&gt;&gt;</a>&nbsp;&nbsp;&nbsp;_printf_pre_padding
<LI><a href="#[160]">&gt;&gt;</a>&nbsp;&nbsp;&nbsp;_printf_post_padding
<LI><a href="#[15d]">&gt;&gt;</a>&nbsp;&nbsp;&nbsp;_fp_digits
</UL>
<BR>[Called By]<UL><LI><a href="#[15c]">&gt;&gt;</a>&nbsp;&nbsp;&nbsp;__0sprintf
<LI><a href="#[15b]">&gt;&gt;</a>&nbsp;&nbsp;&nbsp;__0snprintf
<LI><a href="#[159]">&gt;&gt;</a>&nbsp;&nbsp;&nbsp;__0printf
</UL>

<P><STRONG><a name="[160]"></a>_printf_post_padding</STRONG> (Thumb, 32 bytes, Stack size 24 bytes, printfa.o(i._printf_post_padding), UNUSED)
<BR><BR>[Called By]<UL><LI><a href="#[15a]">&gt;&gt;</a>&nbsp;&nbsp;&nbsp;_printf_core
</UL>

<P><STRONG><a name="[15f]"></a>_printf_pre_padding</STRONG> (Thumb, 44 bytes, Stack size 40 bytes, printfa.o(i._printf_pre_padding), UNUSED)
<BR><BR>[Called By]<UL><LI><a href="#[15a]">&gt;&gt;</a>&nbsp;&nbsp;&nbsp;_printf_core
</UL>

<P><STRONG><a name="[3b]"></a>_snputc</STRONG> (Thumb, 22 bytes, Stack size 0 bytes, printfa.o(i._snputc))
<BR>[Address Reference Count : 1]<UL><LI> printfa.o(i.__0snprintf)
</UL>
<P><STRONG><a name="[3c]"></a>_sputc</STRONG> (Thumb, 10 bytes, Stack size 0 bytes, printfa.o(i._sputc))
<BR><BR>[Called By]<UL><LI><a href="#[15c]">&gt;&gt;</a>&nbsp;&nbsp;&nbsp;__0sprintf
</UL>
<BR>[Address Reference Count : 1]<UL><LI> printfa.o(i.__0sprintf)
</UL>
<P><STRONG><a name="[25]"></a>_scanf_char_input</STRONG> (Thumb, 12 bytes, Stack size 0 bytes, scanf_char.o(.text))
<BR>[Address Reference Count : 1]<UL><LI> scanf_char.o(.text)
</UL><P>
<H3>
Undefined Global Symbols
</H3>
<P><STRONG><a name="[73]"></a>_scanf_longlong</STRONG> (ARM, 0 bytes, Stack size 0 bytes, UNDEFINED)
<BR><BR>[Called By]<UL><LI><a href="#[6a]">&gt;&gt;</a>&nbsp;&nbsp;&nbsp;__vfscanf
</UL>

<P><STRONG><a name="[72]"></a>_scanf_real</STRONG> (ARM, 0 bytes, Stack size 0 bytes, UNDEFINED)
<BR><BR>[Called By]<UL><LI><a href="#[6a]">&gt;&gt;</a>&nbsp;&nbsp;&nbsp;__vfscanf
</UL>

<P><STRONG><a name="[74]"></a>_scanf_string</STRONG> (ARM, 0 bytes, Stack size 0 bytes, UNDEFINED)
<BR><BR>[Called By]<UL><LI><a href="#[6a]">&gt;&gt;</a>&nbsp;&nbsp;&nbsp;__vfscanf
</UL>
<HR></body></html>
