Component: Arm Compiler for Embedded 6.23 Tool: armlink [5f102400]

==============================================================================

Section Cross References

    startup_stm32c071xx.o(RESET) refers to startup_stm32c071xx.o(STACK) for __initial_sp
    startup_stm32c071xx.o(RESET) refers to startup_stm32c071xx.o(.text) for Reset_Handler
    startup_stm32c071xx.o(RESET) refers to stm32c0xx_it.o(.text.NMI_Handler) for NMI_Handler
    startup_stm32c071xx.o(RESET) refers to stm32c0xx_it.o(.text.HardFault_Handler) for HardFault_Handler
    startup_stm32c071xx.o(RESET) refers to stm32c0xx_it.o(.text.SVC_Handler) for SVC_Handler
    startup_stm32c071xx.o(RESET) refers to stm32c0xx_it.o(.text.PendSV_Handler) for PendSV_Handler
    startup_stm32c071xx.o(RESET) refers to stm32c0xx_it.o(.text.SysTick_Handler) for SysTick_Handler
    startup_stm32c071xx.o(RESET) refers to stm32c0xx_it.o(.text.USART1_IRQHandler) for USART1_IRQHandler
    startup_stm32c071xx.o(RESET) refers to stm32c0xx_it.o(.text.USART2_IRQHandler) for USART2_IRQHandler
    startup_stm32c071xx.o(.text) refers to system_stm32c0xx.o(.text.SystemInit) for SystemInit
    startup_stm32c071xx.o(.text) refers to entry.o(.ARM.Collect$$$$00000000) for __main
    main.o(.text.main) refers to stm32c0xx_hal.o(.text.HAL_Init) for HAL_Init
    main.o(.text.main) refers to stm32c0xx_hal_rcc.o(.text.HAL_RCC_OscConfig) for HAL_RCC_OscConfig
    main.o(.text.main) refers to stm32c0xx_hal_rcc.o(.text.HAL_RCC_ClockConfig) for HAL_RCC_ClockConfig
    main.o(.text.main) refers to gpio.o(.text.MX_GPIO_Init) for MX_GPIO_Init
    main.o(.text.main) refers to adc.o(.text.MX_ADC1_Init) for MX_ADC1_Init
    main.o(.text.main) refers to crc.o(.text.MX_CRC_Init) for MX_CRC_Init
    main.o(.text.main) refers to i2c.o(.text.MX_I2C1_Init) for MX_I2C1_Init
    main.o(.text.main) refers to rtc.o(.text.MX_RTC_Init) for MX_RTC_Init
    main.o(.text.main) refers to tim.o(.text.MX_TIM16_Init) for MX_TIM16_Init
    main.o(.text.main) refers to tim.o(.text.MX_TIM17_Init) for MX_TIM17_Init
    main.o(.text.main) refers to usart.o(.text.MX_USART1_UART_Init) for MX_USART1_UART_Init
    main.o(.text.main) refers to usart.o(.text.MX_USART2_UART_Init) for MX_USART2_UART_Init
    main.o(.text.main) refers to usb.o(.text.MX_USB_PCD_Init) for MX_USB_PCD_Init
    main.o(.text.main) refers to tim.o(.text.MX_TIM2_Init) for MX_TIM2_Init
    main.o(.text.main) refers to retarget.o(.text.Retarget_Init) for Retarget_Init
    main.o(.text.main) refers to app_manager.o(.text.App_Manager_Init) for App_Manager_Init
    main.o(.text.main) refers to stm32c0xx_hal_uart.o(.text.HAL_UART_Receive_IT) for HAL_UART_Receive_IT
    main.o(.text.main) refers to app_manager.o(.text.App_Manager_Process) for App_Manager_Process
    main.o(.text.main) refers to usart.o(.bss.huart1) for huart1
    main.o(.text.main) refers to usart.o(.bss.huart2) for huart2
    main.o(.text.main) refers to stm32c0xx_it.o(.bss.cli_rx_buffer) for cli_rx_buffer
    main.o(.ARM.exidx.text.main) refers to main.o(.text.main) for [Anonymous Symbol]
    main.o(.text.SystemClock_Config) refers to stm32c0xx_hal_rcc.o(.text.HAL_RCC_OscConfig) for HAL_RCC_OscConfig
    main.o(.text.SystemClock_Config) refers to stm32c0xx_hal_rcc.o(.text.HAL_RCC_ClockConfig) for HAL_RCC_ClockConfig
    main.o(.ARM.exidx.text.SystemClock_Config) refers to main.o(.text.SystemClock_Config) for [Anonymous Symbol]
    main.o(.ARM.exidx.text.Error_Handler) refers to main.o(.text.Error_Handler) for [Anonymous Symbol]
    gpio.o(.text.MX_GPIO_Init) refers to stm32c0xx_hal_gpio.o(.text.HAL_GPIO_WritePin) for HAL_GPIO_WritePin
    gpio.o(.text.MX_GPIO_Init) refers to stm32c0xx_hal_gpio.o(.text.HAL_GPIO_Init) for HAL_GPIO_Init
    gpio.o(.ARM.exidx.text.MX_GPIO_Init) refers to gpio.o(.text.MX_GPIO_Init) for [Anonymous Symbol]
    adc.o(.text.MX_ADC1_Init) refers to stm32c0xx_hal_adc.o(.text.HAL_ADC_Init) for HAL_ADC_Init
    adc.o(.text.MX_ADC1_Init) refers to main.o(.text.Error_Handler) for Error_Handler
    adc.o(.text.MX_ADC1_Init) refers to stm32c0xx_hal_adc.o(.text.HAL_ADC_ConfigChannel) for HAL_ADC_ConfigChannel
    adc.o(.text.MX_ADC1_Init) refers to adc.o(.bss.hadc1) for hadc1
    adc.o(.ARM.exidx.text.MX_ADC1_Init) refers to adc.o(.text.MX_ADC1_Init) for [Anonymous Symbol]
    adc.o(.text.HAL_ADC_MspInit) refers to stm32c0xx_hal_rcc_ex.o(.text.HAL_RCCEx_PeriphCLKConfig) for HAL_RCCEx_PeriphCLKConfig
    adc.o(.text.HAL_ADC_MspInit) refers to main.o(.text.Error_Handler) for Error_Handler
    adc.o(.ARM.exidx.text.HAL_ADC_MspInit) refers to adc.o(.text.HAL_ADC_MspInit) for [Anonymous Symbol]
    adc.o(.ARM.exidx.text.HAL_ADC_MspDeInit) refers to adc.o(.text.HAL_ADC_MspDeInit) for [Anonymous Symbol]
    crc.o(.text.MX_CRC_Init) refers to stm32c0xx_hal_crc.o(.text.HAL_CRC_Init) for HAL_CRC_Init
    crc.o(.text.MX_CRC_Init) refers to main.o(.text.Error_Handler) for Error_Handler
    crc.o(.text.MX_CRC_Init) refers to crc.o(.bss.hcrc) for hcrc
[...]
    [Anonymous Symbol]                       0x08009054   Section        0  cli_driver.o(.rodata.s_command_table)
    s_dwin_table                             0x08009084   Data          32  cli_driver.o(.rodata.s_dwin_table)
    [Anonymous Symbol]                       0x08009084   Section        0  cli_driver.o(.rodata.s_dwin_table)
    s_fluxo_processo                         0x080090a4   Data          80  servo_controle.o(.rodata.s_fluxo_processo)
    [Anonymous Symbol]                       0x080090a4   Section        0  servo_controle.o(.rodata.s_fluxo_processo)
    [Anonymous Symbol]                       0x080090f4   Section        0  ads1232_driver.o(.rodata.str1.1)
    [Anonymous Symbol]                       0x08009115   Section        0  gerenciador_configuracoes.o(.rodata.str1.1)
    [Anonymous Symbol]                       0x08009254   Section        0  gxxx_equacoes.o(.rodata.str1.1)
    [Anonymous Symbol]                       0x080094eb   Section        0  cli_driver.o(.rodata.str1.1)
    [Anonymous Symbol]                       0x080097b0   Section        0  interface_usuario.o(.rodata.str1.1)
    [Anonymous Symbol]                       0x080097bc   Section        0  app_manager.o(.rodata.str1.1)
    .data                                    0x20000000   Section        4  stdout.o(.data)
    _errno                                   0x20000004   Data           4  errno.o(.data)
    .data                                    0x20000004   Section        4  errno.o(.data)
    [Anonymous Symbol]                       0x20000008   Section        0  stm32c0xx_hal.o(.data..L_MergedGlobals)
    s_indice_estado_atual                    0x20000010   Data           1  servo_controle.o(.data..L_MergedGlobals)
    [Anonymous Symbol]                       0x20000010   Section        0  servo_controle.o(.data..L_MergedGlobals)
    s_servo_scrap                            0x20000014   Data          12  servo_controle.o(.data..L_MergedGlobals)
    s_servo_funil                            0x20000020   Data          12  servo_controle.o(.data..L_MergedGlobals)
    cal_zero_adc                             0x20000050   Data           4  ads1232_driver.o(.bss..L_MergedGlobals)
    [Anonymous Symbol]                       0x20000050   Section        0  ads1232_driver.o(.bss..L_MergedGlobals)
    adc_offset                               0x20000054   Data           4  ads1232_driver.o(.bss..L_MergedGlobals)
    s_frame_received                         0x20000058   Data           1  dwin_driver.o(.bss..L_MergedGlobals)
    [Anonymous Symbol]                       0x20000058   Section        0  dwin_driver.o(.bss..L_MergedGlobals)
    s_received_len                           0x2000005a   Data           2  dwin_driver.o(.bss..L_MergedGlobals)
    s_huart                                  0x2000005c   Data           4  dwin_driver.o(.bss..L_MergedGlobals)
    s_rx_callback                            0x20000060   Data           4  dwin_driver.o(.bss..L_MergedGlobals)
    s_rx_buffer                              0x20000064   Data          64  dwin_driver.o(.bss..L_MergedGlobals)
    s_command_ready                          0x200000a4   Data           1  cli_driver.o(.bss..L_MergedGlobals)
    [Anonymous Symbol]                       0x200000a4   Section        0  cli_driver.o(.bss..L_MergedGlobals)
    s_cli_buffer_index                       0x200000a6   Data           2  cli_driver.o(.bss..L_MergedGlobals)
    s_ui_state                               0x200000a8   Data           1  interface_usuario.o(.bss..L_MergedGlobals)
    [Anonymous Symbol]                       0x200000a8   Section        0  interface_usuario.o(.bss..L_MergedGlobals)
    s_splash_screen_counter                  0x200000a9   Data           1  interface_usuario.o(.bss..L_MergedGlobals)
    s_indice_idioma_atual                    0x200000aa   Data           1  interface_usuario.o(.bss..L_MergedGlobals)
    s_indice_grao_atual                      0x200000ab   Data           1  interface_usuario.o(.bss..L_MergedGlobals)
    s_ui_timer                               0x200000ac   Data           4  interface_usuario.o(.bss..L_MergedGlobals)
    Task_Handle_Scale.ultimo_tick            0x200000b0   Data           4  app_manager.o(.bss..L_MergedGlobals)
    [Anonymous Symbol]                       0x200000b0   Section        0  app_manager.o(.bss..L_MergedGlobals)
    Task_Handle_Frequency.ultimo_tick        0x200000b4   Data           4  app_manager.o(.bss..L_MergedGlobals)
    Task_Handle_UI_Periodic.ultimo_tick      0x200000b8   Data           4  app_manager.o(.bss..L_MergedGlobals)
    s_scale_output                           0x200000bc   Data          28  app_manager.o(.bss..L_MergedGlobals)
    [Anonymous Symbol]                       0x200000d8   Section        0  retarget.o(.bss..L_MergedGlobals)
    s_debug_huart                            0x200000dc   Data           4  retarget.o(.bss..L_MergedGlobals)
    s_dwin_huart                             0x200000e0   Data           4  retarget.o(.bss..L_MergedGlobals)
    s_timer_estado_ms                        0x200000e4   Data           4  servo_controle.o(.bss..L_MergedGlobals.1)
    [Anonymous Symbol]                       0x200000e4   Section        0  servo_controle.o(.bss..L_MergedGlobals.1)
    s_timer_funil                            0x200000e8   Data           4  servo_controle.o(.bss..L_MergedGlobals.1)
    s_timer_scrap                            0x200000ec   Data           4  servo_controle.o(.bss..L_MergedGlobals.1)
    Gerenciador_Config_Forcar_Restauracao_Padrao.config_padrao 0x200000f0   Data         276  gerenciador_configuracoes.o(.bss.Gerenciador_Config_Forcar_Restauracao_Padrao.config_padrao)
    [Anonymous Symbol]                       0x200000f0   Section        0  gerenciador_configuracoes.o(.bss.Gerenciador_Config_Forcar_Restauracao_Padrao.config_padrao)
    Gerenciador_Config_Set_Indice_Idioma.config_temp 0x20000204   Data         276  gerenciador_configuracoes.o(.bss.Gerenciador_Config_Set_Indice_Idioma.config_temp)
    [Anonymous Symbol]                       0x20000204   Section        0  gerenciador_configuracoes.o(.bss.Gerenciador_Config_Set_Indice_Idioma.config_temp)
    Gerenciador_Config_Set_Senha.config_temp 0x20000318   Data         276  gerenciador_configuracoes.o(.bss.Gerenciador_Config_Set_Senha.config_temp)
    [Anonymous Symbol]                       0x20000318   Section        0  gerenciador_configuracoes.o(.bss.Gerenciador_Config_Set_Senha.config_temp)
    Gerenciador_Config_Validar_e_Restaurar.config_temp 0x2000042c   Data         276  gerenciador_configuracoes.o(.bss.Gerenciador_Config_Validar_e_Restaurar.config_temp)
    [Anonymous Symbol]                       0x2000042c   Section        0  gerenciador_configuracoes.o(.bss.Gerenciador_Config_Validar_e_Restaurar.config_temp)
    UI_Update_Periodic.s_contador_tick_temperatura 0x20000540   Data           4  interface_usuario.o(.bss.UI_Update_Periodic.s_contador_tick_temperatura)
    [Anonymous Symbol]                       0x20000540   Section        0  interface_usuario.o(.bss.UI_Update_Periodic.s_contador_tick_temperatura)
    s_cli_buffer                             0x20000b38   Data         128  cli_driver.o(.bss.s_cli_buffer)
    [Anonymous Symbol]                       0x20000b38   Section        0  cli_driver.o(.bss.s_cli_buffer)
    s_crc_handle                             0x20000bb8   Data           4  gerenciador_configuracoes.o(.bss.s_crc_handle)
    [Anonymous Symbol]                       0x20000bb8   Section        0  gerenciador_configuracoes.o(.bss.s_crc_handle)
    s_huart_debug                            0x20000bbc   Data           4  cli_driver.o(.bss.s_huart_debug)
    [Anonymous Symbol]                       0x20000bbc   Section        0  cli_driver.o(.bss.s_huart_debug)
    s_i2c_handle                             0x20000bc0   Data           4  eeprom_driver.o(.bss.s_i2c_handle)
    [Anonymous Symbol]                       0x20000bc0   Section        0  eeprom_driver.o(.bss.s_i2c_handle)
    s_scale_filter                           0x20000bc4   Data         284  app_manager.o(.bss.s_scale_filter)
    [Anonymous Symbol]                       0x20000bc4   Section        0  app_manager.o(.bss.s_scale_filter)
    STACK                                    0x20000ce8   Section     1024  startup_stm32c071xx.o(STACK)

    Global Symbols

    Symbol Name                              Value     Ov Type        Size  Object(Section)

    BuildAttributes$$THM_ISAv3M$S$PE$A:L22$X:L11$S22$IEEE1$IW$~IW$USESV6$~STKCKD$USESV7$~SHL$OTIME$ROPI$IEEEJ$EBA8$MICROLIB$REQ8$PRES8$EABIv2 0x00000000   Number         0  anon$$obj.o ABSOLUTE
    _printf_a                                0x00000000   Number         0  printfstubs.o ABSOLUTE
    _printf_c                                0x00000000   Number         0  printfstubs.o ABSOLUTE
    _printf_charcount                        0x00000000   Number         0  printfstubs.o ABSOLUTE
    _printf_d                                0x00000000   Number         0  printfstubs.o ABSOLUTE
    _printf_e                                0x00000000   Number         0  printfstubs.o ABSOLUTE
    _printf_f                                0x00000000   Number         0  printfstubs.o ABSOLUTE
    _printf_flags                            0x00000000   Number         0  printfstubs.o ABSOLUTE
    _printf_fp_dec                           0x00000000   Number         0  printfstubs.o ABSOLUTE
    _printf_fp_hex                           0x00000000   Number         0  printfstubs.o ABSOLUTE
    _printf_g                                0x00000000   Number         0  printfstubs.o ABSOLUTE
    _printf_i                                0x00000000   Number         0  printfstubs.o ABSOLUTE
    _printf_int_dec                          0x00000000   Number         0  printfstubs.o ABSOLUTE
    _printf_l                                0x00000000   Number         0  printfstubs.o ABSOLUTE
    _printf_lc                               0x00000000   Number         0  printfstubs.o ABSOLUTE
    _printf_ll                               0x00000000   Number         0  printfstubs.o ABSOLUTE
    _printf_lld                              0x00000000   Number         0  printfstubs.o ABSOLUTE
    _printf_lli                              0x00000000   Number         0  printfstubs.o ABSOLUTE
    _printf_llo                              0x00000000   Number         0  printfstubs.o ABSOLUTE
    _printf_llu                              0x00000000   Number         0  printfstubs.o ABSOLUTE
    _printf_llx                              0x00000000   Number         0  printfstubs.o ABSOLUTE
    _printf_longlong_dec                     0x00000000   Number         0  printfstubs.o ABSOLUTE
    _printf_longlong_hex                     0x00000000   Number         0  printfstubs.o ABSOLUTE
    _printf_longlong_oct                     0x00000000   Number         0  printfstubs.o ABSOLUTE
    _printf_ls                               0x00000000   Number         0  printfstubs.o ABSOLUTE
    _printf_mbtowc                           0x00000000   Number         0  printfstubs.o ABSOLUTE
    _printf_n                                0x00000000   Number         0  printfstubs.o ABSOLUTE
    _printf_o                                0x00000000   Number         0  printfstubs.o ABSOLUTE
    _printf_p                                0x00000000   Number         0  printfstubs.o ABSOLUTE
    _printf_percent                          0x00000000   Number         0  printfstubs.o ABSOLUTE
    _printf_pre_padding                      0x00000000   Number         0  printfstubs.o ABSOLUTE
    _printf_return_value                     0x00000000   Number         0  printfstubs.o ABSOLUTE
    _printf_s                                0x00000000   Number         0  printfstubs.o ABSOLUTE
    _printf_sizespec                         0x00000000   Number         0  printfstubs.o ABSOLUTE
    _printf_str                              0x00000000   Number         0  printfstubs.o ABSOLUTE
    _printf_truncate_signed                  0x00000000   Number         0  printfstubs.o ABSOLUTE
    _printf_truncate_unsigned                0x00000000   Number         0  printfstubs.o ABSOLUTE
    _printf_u                                0x00000000   Number         0  printfstubs.o ABSOLUTE
    _printf_wc                               0x00000000   Number         0  printfstubs.o ABSOLUTE
    _printf_wctomb                           0x00000000   Number         0  printfstubs.o ABSOLUTE
    _printf_widthprec                        0x00000000   Number         0  printfstubs.o ABSOLUTE
    _printf_x                                0x00000000   Number         0  printfstubs.o ABSOLUTE
    __cpp_initialize__aeabi_                  - Undefined Weak Reference
    __cxa_finalize                            - Undefined Weak Reference
    __decompress                              - Undefined Weak Reference
    _clock_init                               - Undefined Weak Reference
    _microlib_exit                            - Undefined Weak Reference
    __Vectors_Size                           0x000000c0   Number         0  startup_stm32c071xx.o ABSOLUTE
    __Vectors                                0x08000000   Data           4  startup_stm32c071xx.o(RESET)
    __Vectors_End                            0x080000c0   Data           0  startup_stm32c071xx.o(RESET)
    __main                                   0x080000c1   Thumb Code     0  entry.o(.ARM.Collect$$$$00000000)
    _main_stk                                0x080000c1   Thumb Code     0  entry2.o(.ARM.Collect$$$$00000001)
    _main_scatterload                        0x080000c5   Thumb Code     0  entry5.o(.ARM.Collect$$$$00000004)
    __main_after_scatterload                 0x080000c9   Thumb Code     0  entry5.o(.ARM.Collect$$$$00000004)
    _main_clock                              0x080000c9   Thumb Code     0  entry7b.o(.ARM.Collect$$$$00000008)
    _main_cpp_init                           0x080000c9   Thumb Code     0  entry8b.o(.ARM.Collect$$$$0000000A)
    _main_init                               0x080000c9   Thumb Code     0  entry9a.o(.ARM.Collect$$$$0000000B)
    __rt_final_cpp                           0x080000d1   Thumb Code     0  entry10a.o(.ARM.Collect$$$$0000000D)
    __rt_final_exit                          0x080000d1   Thumb Code     0  entry11a.o(.ARM.Collect$$$$0000000F)
    Reset_Handler                            0x080000d5   Thumb Code     8  startup_stm32c071xx.o(.text)
    ADC1_IRQHandler                          0x080000e7   Thumb Code     0  startup_stm32c071xx.o(.text)
    DMA1_Channel1_IRQHandler                 0x080000e7   Thumb Code     0  startup_stm32c071xx.o(.text)
    DMA1_Channel2_3_IRQHandler               0x080000e7   Thumb Code     0  startup_stm32c071xx.o(.text)
    DMAMUX1_DMA1_CH4_5_IRQHandler            0x080000e7   Thumb Code     0  startup_stm32c071xx.o(.text)
    EXTI0_1_IRQHandler                       0x080000e7   Thumb Code     0  startup_stm32c071xx.o(.text)
    EXTI2_3_IRQHandler                       0x080000e7   Thumb Code     0  startup_stm32c071xx.o(.text)
    EXTI4_15_IRQHandler                      0x080000e7   Thumb Code     0  startup_stm32c071xx.o(.text)
    FLASH_IRQHandler                         0x080000e7   Thumb Code     0  startup_stm32c071xx.o(.text)
    I2C1_IRQHandler                          0x080000e7   Thumb Code     0  startup_stm32c071xx.o(.text)
    I2C2_IRQHandler                          0x080000e7   Thumb Code     0  startup_stm32c071xx.o(.text)
    PVD_VDDIO2_IRQHandler                    0x080000e7   Thumb Code     0  startup_stm32c071xx.o(.text)
    RCC_CRS_IRQHandler                       0x080000e7   Thumb Code     0  startup_stm32c071xx.o(.text)
    RTC_IRQHandler                           0x080000e7   Thumb Code     0  startup_stm32c071xx.o(.text)
    SPI1_IRQHandler                          0x080000e7   Thumb Code     0  startup_stm32c071xx.o(.text)
    SPI2_IRQHandler                          0x080000e7   Thumb Code     0  startup_stm32c071xx.o(.text)
    TIM14_IRQHandler                         0x080000e7   Thumb Code     0  startup_stm32c071xx.o(.text)
    TIM16_IRQHandler                         0x080000e7   Thumb Code     0  startup_stm32c071xx.o(.text)
    TIM17_IRQHandler                         0x080000e7   Thumb Code     0  startup_stm32c071xx.o(.text)
    TIM1_BRK_UP_TRG_COM_IRQHandler           0x080000e7   Thumb Code     0  startup_stm32c071xx.o(.text)
    TIM1_CC_IRQHandler                       0x080000e7   Thumb Code     0  startup_stm32c071xx.o(.text)
    TIM2_IRQHandler                          0x080000e7   Thumb Code     0  startup_stm32c071xx.o(.text)
    TIM3_IRQHandler                          0x080000e7   Thumb Code     0  startup_stm32c071xx.o(.text)
    USB_DRD_FS_IRQHandler                    0x080000e7   Thumb Code     0  startup_stm32c071xx.o(.text)
    WWDG_IRQHandler                          0x080000e7   Thumb Code     0  startup_stm32c071xx.o(.text)
    __aeabi_lmul                             0x080000f1   Thumb Code    48  llmul.o(.text)
    _ll_mul                                  0x080000f1   Thumb Code     0  llmul.o(.text)
    __rt_ctype_table                         0x08000121   Thumb Code     4  ctype_o.o(.text)
    toupper                                  0x08000129   Thumb Code    12  toupper.o(.text)
    __aeabi_memcpy                           0x08000135   Thumb Code    36  memcpya.o(.text)
    __aeabi_memcpy4                          0x08000135   Thumb Code     0  memcpya.o(.text)
    __aeabi_memcpy8                          0x08000135   Thumb Code     0  memcpya.o(.text)
    __aeabi_memset                           0x08000159   Thumb Code    14  memseta.o(.text)
    __aeabi_memset4                          0x08000159   Thumb Code     0  memseta.o(.text)
    __aeabi_memset8                          0x08000159   Thumb Code     0  memseta.o(.text)
    __aeabi_memclr                           0x08000167   Thumb Code     4  memseta.o(.text)
    __aeabi_memclr4                          0x08000167   Thumb Code     0  memseta.o(.text)
    __aeabi_memclr8                          0x08000167   Thumb Code     0  memseta.o(.text)
    _memset$wrapper                          0x0800016b   Thumb Code    18  memseta.o(.text)
    strncpy                                  0x0800017d   Thumb Code    26  strncpy.o(.text)
    strchr                                   0x08000197   Thumb Code    20  strchr.o(.text)
    strlen                                   0x080001ab   Thumb Code    14  strlen.o(.text)
    strcmp                                   0x080001b9   Thumb Code    28  strcmp.o(.text)
    memcmp                                   0x080001d5   Thumb Code    26  memcmp.o(.text)
    strcasecmp                               0x080001ef   Thumb Code    38  strcasecmp.o(.text)
    strtol                                   0x08000215   Thumb Code   108  strtol.o(.text)
    atoi                                     0x08000285   Thumb Code    26  atoi.o(.text)
    atol                                     0x0800029f   Thumb Code    26  atol.o(.text)
    __aeabi_fadd                             0x080002b9   Thumb Code   162  fadd.o(.text)
    __aeabi_fsub                             0x0800035b   Thumb Code     8  fadd.o(.text)
    __aeabi_frsub                            0x08000363   Thumb Code     8  fadd.o(.text)
    __aeabi_fmul                             0x0800036b   Thumb Code   122  fmul.o(.text)
    __aeabi_fdiv                             0x080003e5   Thumb Code   124  fdiv.o(.text)
    __aeabi_dmul                             0x08000461   Thumb Code   202  dmul.o(.text)
    __aeabi_ddiv                             0x08000531   Thumb Code   234  ddiv.o(.text)
    __aeabi_fcmplt                           0x08000621   Thumb Code    28  fcmplt.o(.text)
    __aeabi_fcmpge                           0x0800063d   Thumb Code    28  fcmpge.o(.text)
    __aeabi_fcmpgt                           0x08000659   Thumb Code    28  fcmpgt.o(.text)
    __aeabi_i2f                              0x08000675   Thumb Code    22  fflti.o(.text)
    __aeabi_ui2f                             0x0800068b   Thumb Code    14  ffltui.o(.text)
    __aeabi_l2d                              0x08000699   Thumb Code    38  dfltl.o(.text)
    __aeabi_ul2d                             0x080006c5   Thumb Code    22  dfltul.o(.text)
    __aeabi_f2iz                             0x080006e1   Thumb Code    50  ffixi.o(.text)
    __aeabi_f2lz                             0x08000713   Thumb Code    64  ffixl.o(.text)
    __aeabi_f2d                              0x08000753   Thumb Code    40  f2d.o(.text)
    __aeabi_d2f                              0x0800077b   Thumb Code    56  d2f.o(.text)
    __aeabi_uidiv                            0x080007b3   Thumb Code     0  uidiv_div0.o(.text)
    __aeabi_uidivmod                         0x080007b3   Thumb Code    62  uidiv_div0.o(.text)
    __aeabi_uldivmod                         0x080007f1   Thumb Code    96  uldiv.o(.text)
    __aeabi_llsl                             0x08000851   Thumb Code    32  llshl.o(.text)
    _ll_shift_l                              0x08000851   Thumb Code     0  llshl.o(.text)
    tolower                                  0x08000871   Thumb Code    12  tolower.o(.text)
    _strtoul                                 0x0800087d   Thumb Code   166  _strtoul.o(.text)
    __I$use$fp                               0x08000923   Thumb Code     0  iusefp.o(.text)
    _float_round                             0x08000923   Thumb Code    16  fepilogue.o(.text)
    _float_epilogue                          0x08000933   Thumb Code   114  fepilogue.o(.text)
    _fsqrt                                   0x080009a5   Thumb Code    88  fsqrt.o(.text)
    _double_round                            0x080009fd   Thumb Code    26  depilogue.o(.text)
    _double_epilogue                         0x08000a17   Thumb Code   164  depilogue.o(.text)
    __aeabi_dadd                             0x08000abd   Thumb Code   328  dadd.o(.text)
    __aeabi_dsub                             0x08000c05   Thumb Code    12  dadd.o(.text)
    __aeabi_drsub                            0x08000c11   Thumb Code    12  dadd.o(.text)
    __aeabi_d2ulz                            0x08000c21   Thumb Code    54  dfixul.o(.text)
    __aeabi_cdrcmple                         0x08000c61   Thumb Code    38  cdrcmple.o(.text)
    __scatterload                            0x08000c89   Thumb Code    38  init.o(.text)
    __scatterload_rt2                        0x08000c89   Thumb Code     0  init.o(.text)
    __aeabi_llsr                             0x08000cb9   Thumb Code    34  llushr.o(.text)
    _ll_ushift_r                             0x08000cb9   Thumb Code     0  llushr.o(.text)
    __aeabi_lasr                             0x08000cdb   Thumb Code    38  llsshr.o(.text)
    _ll_sshift_r                             0x08000cdb   Thumb Code     0  llsshr.o(.text)
    _chval                                   0x08000d01   Thumb Code    30  _chval.o(.text)
    ADC_Enable                               0x08000d21   Thumb Code   196  stm32c0xx_hal_adc.o(.text.ADC_Enable)
    ADS1232_ConvertToGrams                   0x08000df5   Thumb Code   332  ads1232_driver.o(.text.ADS1232_ConvertToGrams)
    ADS1232_Init                             0x08000f41   Thumb Code    44  ads1232_driver.o(.text.ADS1232_Init)
    ADS1232_Read                             0x08000f79   Thumb Code   316  ads1232_driver.o(.text.ADS1232_Read)
    ADS1232_Read_Median_of_3                 0x080010b9   Thumb Code    66  ads1232_driver.o(.text.ADS1232_Read_Median_of_3)
    ADS1232_Tare                             0x080010fd   Thumb Code   228  ads1232_driver.o(.text.ADS1232_Tare)
    App_Manager_GetFreqData                  0x08001291   Thumb Code    12  app_manager.o(.text.App_Manager_GetFreqData)
    App_Manager_GetScaleData                 0x0800129d   Thumb Code    20  app_manager.o(.text.App_Manager_GetScaleData)
    App_Manager_GetTemperature               0x080012b1   Thumb Code     8  app_manager.o(.text.App_Manager_GetTemperature)
    App_Manager_Handle_DateTime_Input        0x080012b9   Thumb Code    56  app_manager.o(.text.App_Manager_Handle_DateTime_Input)
    App_Manager_Handle_New_Password          0x08001311   Thumb Code    16  app_manager.o(.text.App_Manager_Handle_New_Password)
    App_Manager_Handle_Password_Input        0x0800133d   Thumb Code    46  app_manager.o(.text.App_Manager_Handle_Password_Input)
    App_Manager_Handle_Start_Process         0x0800136d   Thumb Code    16  app_manager.o(.text.App_Manager_Handle_Start_Process)
    App_Manager_Init                         0x080013ad   Thumb Code   144  app_manager.o(.text.App_Manager_Init)
    App_Manager_Process                      0x080014f5   Thumb Code   108  app_manager.o(.text.App_Manager_Process)
    CLI_Init                                 0x080015e5   Thumb Code    16  cli_driver.o(.text.CLI_Init)
    CLI_Process                              0x08001629   Thumb Code   284  cli_driver.o(.text.CLI_Process)
    CLI_Receive_Char                         0x08001789   Thumb Code   100  cli_driver.o(.text.CLI_Receive_Char)
    DWIN_Driver_HandleRxEvent                0x08001bc5   Thumb Code    32  dwin_driver.o(.text.DWIN_Driver_HandleRxEvent)
    DWIN_Driver_Init                         0x08001be5   Thumb Code    28  dwin_driver.o(.text.DWIN_Driver_Init)
    DWIN_Driver_Process                      0x08001c01   Thumb Code    68  dwin_driver.o(.text.DWIN_Driver_Process)
    DWIN_Driver_SetScreen                    0x08001c45   Thumb Code    60  dwin_driver.o(.text.DWIN_Driver_SetScreen)
    DWIN_Driver_WriteInt                     0x08001c81   Thumb Code    52  dwin_driver.o(.text.DWIN_Driver_WriteInt)
    DWIN_Driver_WriteInt32                   0x08001cb5   Thumb Code    60  dwin_driver.o(.text.DWIN_Driver_WriteInt32)
    DWIN_Driver_WriteRawBytes                0x08001cf1   Thumb Code    32  dwin_driver.o(.text.DWIN_Driver_WriteRawBytes)
    DWIN_Driver_WriteString                  0x08001d11   Thumb Code    88  dwin_driver.o(.text.DWIN_Driver_WriteString)
    EEPROM_Driver_Init                       0x08001d6d   Thumb Code     8  eeprom_driver.o(.text.EEPROM_Driver_Init)
    EEPROM_Driver_IsReady                    0x08001d75   Thumb Code    32  eeprom_driver.o(.text.EEPROM_Driver_IsReady)
    EEPROM_Driver_Read                       0x08001d95   Thumb Code    52  eeprom_driver.o(.text.EEPROM_Driver_Read)
    EEPROM_Driver_Write                      0x08001dc9   Thumb Code   112  eeprom_driver.o(.text.EEPROM_Driver_Write)
    Error_Handler                            0x08001e3d   Thumb Code     4  main.o(.text.Error_Handler)
    Frequency_Get_Pulse_Count                0x08001e41   Thumb Code     8  pcb_frequency.o(.text.Frequency_Get_Pulse_Count)
    Frequency_Init                           0x08001e49   Thumb Code    12  pcb_frequency.o(.text.Frequency_Init)
    Frequency_Reset                          0x08001e55   Thumb Code    12  pcb_frequency.o(.text.Frequency_Reset)
    Gerenciador_Config_Forcar_Restauracao_Padrao 0x08001e65   Thumb Code   548  gerenciador_configuracoes.o(.text.Gerenciador_Config_Forcar_Restauracao_Padrao)
    Gerenciador_Config_Get_Dados_Grao        0x080020dd   Thumb Code    28  gerenciador_configuracoes.o(.text.Gerenciador_Config_Get_Dados_Grao)
    Gerenciador_Config_Get_Indice_Idioma     0x080020f9   Thumb Code    72  gerenciador_configuracoes.o(.text.Gerenciador_Config_Get_Indice_Idioma)
    Gerenciador_Config_Get_Senha             0x08002141   Thumb Code    30  gerenciador_configuracoes.o(.text.Gerenciador_Config_Get_Senha)
    Gerenciador_Config_Init                  0x08002161   Thumb Code     8  gerenciador_configuracoes.o(.text.Gerenciador_Config_Init)
    Gerenciador_Config_Set_Indice_Idioma     0x08002169   Thumb Code    64  gerenciador_configuracoes.o(.text.Gerenciador_Config_Set_Indice_Idioma)
    Gerenciador_Config_Set_Senha             0x080021ad   Thumb Code    84  gerenciador_configuracoes.o(.text.Gerenciador_Config_Set_Senha)
    Gerenciador_Config_Validar_e_Restaurar   0x08002205   Thumb Code   208  gerenciador_configuracoes.o(.text.Gerenciador_Config_Validar_e_Restaurar)
    HAL_ADC_ConfigChannel                    0x0800234d   Thumb Code   664  stm32c0xx_hal_adc.o(.text.HAL_ADC_ConfigChannel)
    HAL_ADC_GetValue                         0x08002605   Thumb Code     6  stm32c0xx_hal_adc.o(.text.HAL_ADC_GetValue)
    HAL_ADC_Init                             0x0800260d   Thumb Code   564  stm32c0xx_hal_adc.o(.text.HAL_ADC_Init)
    HAL_ADC_MspInit                          0x08002859   Thumb Code    76  adc.o(.text.HAL_ADC_MspInit)
    HAL_ADC_PollForConversion                0x080028ad   Thumb Code   230  stm32c0xx_hal_adc.o(.text.HAL_ADC_PollForConversion)
    HAL_ADC_Start                            0x08002995   Thumb Code    92  stm32c0xx_hal_adc.o(.text.HAL_ADC_Start)
    HAL_ADC_Stop                             0x080029f5   Thumb Code   180  stm32c0xx_hal_adc.o(.text.HAL_ADC_Stop)
    HAL_CRCEx_Polynomial_Set                 0x08002aad   Thumb Code    80  stm32c0xx_hal_crc_ex.o(.text.HAL_CRCEx_Polynomial_Set)
    HAL_CRC_Calculate                        0x08002b09   Thumb Code   588  stm32c0xx_hal_crc.o(.text.HAL_CRC_Calculate)
    HAL_CRC_Init                             0x08002d55   Thumb Code   120  stm32c0xx_hal_crc.o(.text.HAL_CRC_Init)
    HAL_CRC_MspInit                          0x08002dd1   Thumb Code    40  crc.o(.text.HAL_CRC_MspInit)
    HAL_DMA_Abort                            0x08002e01   Thumb Code   112  stm32c0xx_hal_dma.o(.text.HAL_DMA_Abort)
    HAL_DMA_Abort_IT                         0x08002e71   Thumb Code   116  stm32c0xx_hal_dma.o(.text.HAL_DMA_Abort_IT)
    HAL_Delay                                0x08002eed   Thumb Code    32  stm32c0xx_hal.o(.text.HAL_Delay)
    HAL_GPIO_Init                            0x08002f11   Thumb Code   384  stm32c0xx_hal_gpio.o(.text.HAL_GPIO_Init)
    HAL_GPIO_ReadPin                         0x080030a1   Thumb Code    10  stm32c0xx_hal_gpio.o(.text.HAL_GPIO_ReadPin)
    HAL_GPIO_WritePin                        0x080030ab   Thumb Code    16  stm32c0xx_hal_gpio.o(.text.HAL_GPIO_WritePin)
    HAL_GetTick                              0x080030bd   Thumb Code     8  stm32c0xx_hal.o(.text.HAL_GetTick)
    HAL_I2CEx_ConfigAnalogFilter             0x080030c9   Thumb Code    66  stm32c0xx_hal_i2c_ex.o(.text.HAL_I2CEx_ConfigAnalogFilter)
    HAL_I2CEx_ConfigDigitalFilter            0x0800310b   Thumb Code    66  stm32c0xx_hal_i2c_ex.o(.text.HAL_I2CEx_ConfigDigitalFilter)
    HAL_I2C_Init                             0x0800314d   Thumb Code   172  stm32c0xx_hal_i2c.o(.text.HAL_I2C_Init)
    HAL_I2C_IsDeviceReady                    0x08003201   Thumb Code   324  stm32c0xx_hal_i2c.o(.text.HAL_I2C_IsDeviceReady)
    HAL_I2C_Mem_Read                         0x0800334d   Thumb Code   552  stm32c0xx_hal_i2c.o(.text.HAL_I2C_Mem_Read)
    HAL_I2C_Mem_Write                        0x08003581   Thumb Code   540  stm32c0xx_hal_i2c.o(.text.HAL_I2C_Mem_Write)
    HAL_I2C_MspInit                          0x080037b5   Thumb Code   124  i2c.o(.text.HAL_I2C_MspInit)
    HAL_IncTick                              0x0800383d   Thumb Code    16  stm32c0xx_hal.o(.text.HAL_IncTick)
    HAL_Init                                 0x08003851   Thumb Code    24  stm32c0xx_hal.o(.text.HAL_Init)
    HAL_InitTick                             0x08003869   Thumb Code    64  stm32c0xx_hal.o(.text.HAL_InitTick)
    HAL_MspInit                              0x080038b1   Thumb Code    40  stm32c0xx_hal_msp.o(.text.HAL_MspInit)
    HAL_NVIC_EnableIRQ                       0x080038d9   Thumb Code    20  stm32c0xx_hal_cortex.o(.text.HAL_NVIC_EnableIRQ)
    HAL_NVIC_SetPriority                     0x080038f1   Thumb Code    48  stm32c0xx_hal_cortex.o(.text.HAL_NVIC_SetPriority)
    HAL_PCDEx_ActivateLPM                    0x08003929   Thumb Code    36  stm32c0xx_hal_pcd_ex.o(.text.HAL_PCDEx_ActivateLPM)
    HAL_PCD_Init                             0x0800394d   Thumb Code   580  stm32c0xx_hal_pcd.o(.text.HAL_PCD_Init)
    HAL_PCD_MspInit                          0x08003b91   Thumb Code    76  usb.o(.text.HAL_PCD_MspInit)
    HAL_RCCEx_PeriphCLKConfig                0x08003be5   Thumb Code   316  stm32c0xx_hal_rcc_ex.o(.text.HAL_RCCEx_PeriphCLKConfig)
    HAL_RCC_ClockConfig                      0x08003d29   Thumb Code   464  stm32c0xx_hal_rcc.o(.text.HAL_RCC_ClockConfig)
    HAL_RCC_GetPCLK1Freq                     0x08003f01   Thumb Code   136  stm32c0xx_hal_rcc.o(.text.HAL_RCC_GetPCLK1Freq)
    HAL_RCC_GetSysClockFreq                  0x08003f91   Thumb Code   100  stm32c0xx_hal_rcc.o(.text.HAL_RCC_GetSysClockFreq)
    HAL_RCC_OscConfig                        0x08004001   Thumb Code   676  stm32c0xx_hal_rcc.o(.text.HAL_RCC_OscConfig)
    HAL_RTC_GetDate                          0x080042b9   Thumb Code    70  stm32c0xx_hal_rtc.o(.text.HAL_RTC_GetDate)
    HAL_RTC_GetTime                          0x08004301   Thumb Code    84  stm32c0xx_hal_rtc.o(.text.HAL_RTC_GetTime)
    HAL_RTC_Init                             0x08004359   Thumb Code   212  stm32c0xx_hal_rtc.o(.text.HAL_RTC_Init)
    HAL_RTC_MspInit                          0x08004431   Thumb Code    84  rtc.o(.text.HAL_RTC_MspInit)
    HAL_RTC_SetDate                          0x0800448d   Thumb Code   328  stm32c0xx_hal_rtc.o(.text.HAL_RTC_SetDate)
    HAL_RTC_SetTime                          0x080045d5   Thumb Code   360  stm32c0xx_hal_rtc.o(.text.HAL_RTC_SetTime)
    HAL_SYSTICK_Config                       0x08004749   Thumb Code    40  stm32c0xx_hal_cortex.o(.text.HAL_SYSTICK_Config)
    HAL_TIMEx_ConfigBreakDeadTime            0x0800477d   Thumb Code   156  stm32c0xx_hal_tim_ex.o(.text.HAL_TIMEx_ConfigBreakDeadTime)
    HAL_TIMEx_MasterConfigSynchronization    0x08004839   Thumb Code    96  stm32c0xx_hal_tim_ex.o(.text.HAL_TIMEx_MasterConfigSynchronization)
    HAL_TIM_Base_Init                        0x08004899   Thumb Code   212  stm32c0xx_hal_tim.o(.text.HAL_TIM_Base_Init)
    HAL_TIM_Base_MspInit                     0x08004975   Thumb Code   132  tim.o(.text.HAL_TIM_Base_MspInit)
    HAL_TIM_Base_Start                       0x08004a05   Thumb Code    72  stm32c0xx_hal_tim.o(.text.HAL_TIM_Base_Start)
    HAL_TIM_PWM_ConfigChannel                0x08004a59   Thumb Code   844  stm32c0xx_hal_tim.o(.text.HAL_TIM_PWM_ConfigChannel)
    HAL_TIM_PWM_Init                         0x08004db9   Thumb Code   212  stm32c0xx_hal_tim.o(.text.HAL_TIM_PWM_Init)
    HAL_TIM_PWM_MspInit                      0x08004e9d   Thumb Code     2  stm32c0xx_hal_tim.o(.text.HAL_TIM_PWM_MspInit)
    HAL_TIM_PWM_Start                        0x08004ea1   Thumb Code   192  stm32c0xx_hal_tim.o(.text.HAL_TIM_PWM_Start)
    HAL_TIM_SlaveConfigSynchro               0x08004f79   Thumb Code    76  stm32c0xx_hal_tim.o(.text.HAL_TIM_SlaveConfigSynchro)
    HAL_UARTEx_DisableFifoMode               0x08004fc5   Thumb Code    54  stm32c0xx_hal_uart_ex.o(.text.HAL_UARTEx_DisableFifoMode)
    HAL_UARTEx_ReceiveToIdle_IT              0x08004ffb   Thumb Code   104  stm32c0xx_hal_uart_ex.o(.text.HAL_UARTEx_ReceiveToIdle_IT)
    HAL_UARTEx_RxEventCallback               0x08005065   Thumb Code    20  stm32c0xx_it.o(.text.HAL_UARTEx_RxEventCallback)
    HAL_UARTEx_RxFifoFullCallback            0x0800507d   Thumb Code     2  stm32c0xx_hal_uart_ex.o(.text.HAL_UARTEx_RxFifoFullCallback)
    HAL_UARTEx_SetRxFifoThreshold            0x08005081   Thumb Code   128  stm32c0xx_hal_uart_ex.o(.text.HAL_UARTEx_SetRxFifoThreshold)
    HAL_UARTEx_SetTxFifoThreshold            0x08005101   Thumb Code   128  stm32c0xx_hal_uart_ex.o(.text.HAL_UARTEx_SetTxFifoThreshold)
    HAL_UARTEx_TxFifoEmptyCallback           0x08005189   Thumb Code     2  stm32c0xx_hal_uart_ex.o(.text.HAL_UARTEx_TxFifoEmptyCallback)
    HAL_UARTEx_WakeupCallback                0x0800518b   Thumb Code     2  stm32c0xx_hal_uart_ex.o(.text.HAL_UARTEx_WakeupCallback)
    HAL_UART_ErrorCallback                   0x0800518d   Thumb Code     2  stm32c0xx_hal_uart.o(.text.HAL_UART_ErrorCallback)
    HAL_UART_IRQHandler                      0x08005191   Thumb Code  1140  stm32c0xx_hal_uart.o(.text.HAL_UART_IRQHandler)
    HAL_UART_Init                            0x08005611   Thumb Code   112  stm32c0xx_hal_uart.o(.text.HAL_UART_Init)
    HAL_UART_MspInit                         0x08005681   Thumb Code   184  usart.o(.text.HAL_UART_MspInit)
    HAL_UART_Receive_IT                      0x08005741   Thumb Code   102  stm32c0xx_hal_uart.o(.text.HAL_UART_Receive_IT)
    HAL_UART_RxCpltCallback                  0x080057a9   Thumb Code    32  stm32c0xx_it.o(.text.HAL_UART_RxCpltCallback)
    HAL_UART_Transmit                        0x080057d5   Thumb Code   396  stm32c0xx_hal_uart.o(.text.HAL_UART_Transmit)
    HAL_UART_TxCpltCallback                  0x08005965   Thumb Code     2  stm32c0xx_hal_uart.o(.text.HAL_UART_TxCpltCallback)
    HardFault_Handler                        0x08005c99   Thumb Code     2  stm32c0xx_it.o(.text.HardFault_Handler)
    MX_ADC1_Init                             0x08006041   Thumb Code   104  adc.o(.text.MX_ADC1_Init)
    MX_CRC_Init                              0x080060b5   Thumb Code    36  crc.o(.text.MX_CRC_Init)
    MX_GPIO_Init                             0x080060e1   Thumb Code   280  gpio.o(.text.MX_GPIO_Init)
    MX_I2C1_Init                             0x08006201   Thumb Code    76  i2c.o(.text.MX_I2C1_Init)
    MX_RTC_Init                              0x08006259   Thumb Code   112  rtc.o(.text.MX_RTC_Init)
    MX_TIM16_Init                            0x080062d5   Thumb Code   220  tim.o(.text.MX_TIM16_Init)
    MX_TIM17_Init                            0x080063b5   Thumb Code   220  tim.o(.text.MX_TIM17_Init)
    MX_TIM2_Init                             0x080064a9   Thumb Code   100  tim.o(.text.MX_TIM2_Init)
    MX_USART1_UART_Init                      0x08006511   Thumb Code    96  usart.o(.text.MX_USART1_UART_Init)
    MX_USART2_UART_Init                      0x08006579   Thumb Code    96  usart.o(.text.MX_USART2_UART_Init)
    MX_USB_PCD_Init                          0x080065e1   Thumb Code    44  usb.o(.text.MX_USB_PCD_Init)
    NMI_Handler                              0x08006615   Thumb Code     2  stm32c0xx_it.o(.text.NMI_Handler)
    PWM_Servo_Init                           0x08006617   Thumb Code    26  pwm_servo_driver.o(.text.PWM_Servo_Init)
    PWM_Servo_SetAngle                       0x08006631   Thumb Code   116  pwm_servo_driver.o(.text.PWM_Servo_SetAngle)
    PendSV_Handler                           0x080066bd   Thumb Code     2  stm32c0xx_it.o(.text.PendSV_Handler)
    RTC_Driver_GetDateTime                   0x080066c1   Thumb Code    40  rtc_driver.o(.text.RTC_Driver_GetDateTime)
    RTC_Driver_Init                          0x080066e9   Thumb Code    20  rtc_driver.o(.text.RTC_Driver_Init)
    RTC_Driver_SetDateTime                   0x080066fd   Thumb Code    40  rtc_driver.o(.text.RTC_Driver_SetDateTime)
    RTC_ExitInitMode                         0x08006729   Thumb Code   152  stm32c0xx_hal_rtc.o(.text.RTC_ExitInitMode)
    Retarget_Init                            0x080067c5   Thumb Code    24  retarget.o(.text.Retarget_Init)
    SVC_Handler                              0x080067e5   Thumb Code     2  stm32c0xx_it.o(.text.SVC_Handler)
    ScaleFilter_Init                         0x0800692d   Thumb Code   184  scale_filter.o(.text.ScaleFilter_Init)
    ScaleFilter_Push                         0x080069f1   Thumb Code  1060  scale_filter.o(.text.ScaleFilter_Push)
    Servos_Init                              0x08006e25   Thumb Code    24  servo_controle.o(.text.Servos_Init)
    Servos_Process                           0x08006e3d   Thumb Code   100  servo_controle.o(.text.Servos_Process)
    Servos_Start_Sequence                    0x08006ead   Thumb Code    28  servo_controle.o(.text.Servos_Start_Sequence)
    Servos_Tick_ms                           0x08006ecd   Thumb Code    40  servo_controle.o(.text.Servos_Tick_ms)
    SysTick_Handler                          0x08006ef9   Thumb Code    12  stm32c0xx_it.o(.text.SysTick_Handler)
    SystemInit                               0x08006f05   Thumb Code    12  system_stm32c0xx.o(.text.SystemInit)
    TempSensor_GetTemperature                0x08006fdd   Thumb Code   168  temp_sensor.o(.text.TempSensor_GetTemperature)
    UART_AdvFeatureConfig                    0x0800740d   Thumb Code   210  stm32c0xx_hal_uart.o(.text.UART_AdvFeatureConfig)
    UART_CheckIdleState                      0x080074e1   Thumb Code   204  stm32c0xx_hal_uart.o(.text.UART_CheckIdleState)
    UART_SetConfig                           0x08007bcd   Thumb Code   336  stm32c0xx_hal_uart.o(.text.UART_SetConfig)
    UART_Start_Receive_IT                    0x08007d51   Thumb Code   296  stm32c0xx_hal_uart.o(.text.UART_Start_Receive_IT)
    UART_WaitOnFlagUntilTimeout              0x08007e8d   Thumb Code   448  stm32c0xx_hal_uart.o(.text.UART_WaitOnFlagUntilTimeout)
    UI_Init                                  0x08008051   Thumb Code    24  interface_usuario.o(.text.UI_Init)
    UI_On_Auth_Failure                       0x0800806d   Thumb Code    12  interface_usuario.o(.text.UI_On_Auth_Failure)
    UI_On_Auth_Success                       0x0800808d   Thumb Code    20  interface_usuario.o(.text.UI_On_Auth_Success)
    UI_Process                               0x080080a9   Thumb Code   244  interface_usuario.o(.text.UI_Process)
    UI_Update_Periodic                       0x080081f5   Thumb Code   124  interface_usuario.o(.text.UI_Update_Periodic)
    USART1_IRQHandler                        0x0800827d   Thumb Code    12  stm32c0xx_it.o(.text.USART1_IRQHandler)
    USART2_IRQHandler                        0x08008289   Thumb Code    12  stm32c0xx_it.o(.text.USART2_IRQHandler)
    USB_DevInit                              0x08008295   Thumb Code    26  stm32c0xx_ll_usb.o(.text.USB_DevInit)
    USB_DisableGlobalInt                     0x080082b1   Thumb Code    12  stm32c0xx_ll_usb.o(.text.USB_DisableGlobalInt)
    fputc                                    0x080082c1   Thumb Code    52  retarget.o(.text.fputc)
    main                                     0x080082f9   Thumb Code   188  main.o(.text.main)
    __0printf                                0x080083c9   Thumb Code    24  printfa.o(i.__0printf)
    __1printf                                0x080083c9   Thumb Code     0  printfa.o(i.__0printf)
    __2printf                                0x080083c9   Thumb Code     0  printfa.o(i.__0printf)
    __c89printf                              0x080083c9   Thumb Code     0  printfa.o(i.__0printf)
    printf                                   0x080083c9   Thumb Code     0  printfa.o(i.__0printf)
    __ARM_clz                                0x080083e9   Thumb Code    46  depilogue.o(i.__ARM_clz)
    __aeabi_errno_addr                       0x08008419   Thumb Code     4  errno.o(i.__aeabi_errno_addr)
    __rt_errno_addr                          0x08008419   Thumb Code     0  errno.o(i.__aeabi_errno_addr)
    __scatterload_copy                       0x08008421   Thumb Code    14  handlers.o(i.__scatterload_copy)
    __scatterload_null                       0x0800842f   Thumb Code     2  handlers.o(i.__scatterload_null)
    __scatterload_zeroinit                   0x08008431   Thumb Code    14  handlers.o(i.__scatterload_zeroinit)
    __set_errno                              0x08008441   Thumb Code     6  errno.o(i.__set_errno)
    puts                                     0x08008cf9   Thumb Code    28  puts.o(i.puts)
    sqrtf                                    0x08008d19   Thumb Code    44  sqrtf.o(i.sqrtf)
    __ctype_table                            0x08008d44   Data         129  ctype_o.o(.constdata)
    AHBPrescTable                            0x08008dd8   Data          64  system_stm32c0xx.o(.rodata.AHBPrescTable)
    APBPrescTable                            0x08008e18   Data          32  system_stm32c0xx.o(.rodata.APBPrescTable)
    Produto                                  0x08008e64   Data         448  gxxx_equacoes.o(.rodata.Produto)
    UARTPrescTable                           0x0800902a   Data          24  stm32c0xx_hal_uart.o(.rodata.UARTPrescTable)
    Region$$Table$$Base                      0x0800991c   Number         0  anon$$obj.o(Region$$Table)
    Region$$Table$$Limit                     0x0800993c   Number         0  anon$$obj.o(Region$$Table)
    __stdout                                 0x20000000   Data           4  stdout.o(.data)
    uwTickFreq                               0x20000008   Data           1  stm32c0xx_hal.o(.data..L_MergedGlobals)
    uwTickPrio                               0x2000000c   Data           4  stm32c0xx_hal.o(.data..L_MergedGlobals)
    SystemCoreClock                          0x2000002c   Data           4  system_stm32c0xx.o(.data.SystemCoreClock)
    cal_points                               0x20000030   Data          32  ads1232_driver.o(.data.cal_points)
    g_retarget_dest                          0x200000d8   Data           1  retarget.o(.bss..L_MergedGlobals)
    cli_rx_buffer                            0x20000544   Data           1  stm32c0xx_it.o(.bss.cli_rx_buffer)
    hadc1                                    0x20000548   Data         100  adc.o(.bss.hadc1)
    hcrc                                     0x200005ac   Data          36  crc.o(.bss.hcrc)
    hi2c1                                    0x200005d0   Data          84  i2c.o(.bss.hi2c1)
    hpcd_USB_DRD_FS                          0x20000624   Data         736  usb.o(.bss.hpcd_USB_DRD_FS)
    hrtc                                     0x20000904   Data          40  rtc.o(.bss.hrtc)
    htim16                                   0x2000092c   Data          76  tim.o(.bss.htim16)
    htim17                                   0x20000978   Data          76  tim.o(.bss.htim17)
    htim2                                    0x200009c4   Data          76  tim.o(.bss.htim2)
    huart1                                   0x20000a10   Data         148  usart.o(.bss.huart1)
    huart2                                   0x20000aa4   Data         148  usart.o(.bss.huart2)
    uwTick                                   0x20000ce0   Data           4  stm32c0xx_hal.o(.bss.uwTick)
    __initial_sp                             0x200010e8   Data           0  startup_stm32c071xx.o(STACK)



==============================================================================

Memory Map of the image

  Image Entry point : 0x080000c1

  Load Region LR_IROM1 (Base: 0x08000000, Size: 0x00009990, Max: 0x00020000, ABSOLUTE)

    Execution Region ER_IROM1 (Exec base: 0x08000000, Load base: 0x08000000, Size: 0x0000993c, Max: 0x00020000, ABSOLUTE)

    Exec Addr    Load Addr    Size         Type   Attr      Idx    E Section Name        Object

    0x08000000   0x08000000   0x000000c0   Data   RO            3    RESET               startup_stm32c071xx.o
    0x080000c0   0x080000c0   0x00000000   Code   RO         2023  * .ARM.Collect$$$$00000000  mc_p.l(entry.o)
    0x080000c0   0x080000c0   0x00000004   Code   RO         2393    .ARM.Collect$$$$00000001  mc_p.l(entry2.o)
    0x080000c4   0x080000c4   0x00000004   Code   RO         2396    .ARM.Collect$$$$00000004  mc_p.l(entry5.o)
    0x080000c8   0x080000c8   0x00000000   Code   RO         2398    .ARM.Collect$$$$00000008  mc_p.l(entry7b.o)
    0x080000c8   0x080000c8   0x00000000   Code   RO         2400    .ARM.Collect$$$$0000000A  mc_p.l(entry8b.o)
    0x080000c8   0x080000c8   0x00000008   Code   RO         2401    .ARM.Collect$$$$0000000B  mc_p.l(entry9a.o)
    0x080000d0   0x080000d0   0x00000000   Code   RO         2403    .ARM.Collect$$$$0000000D  mc_p.l(entry10a.o)
    0x080000d0   0x080000d0   0x00000000   Code   RO         2405    .ARM.Collect$$$$0000000F  mc_p.l(entry11a.o)
    0x080000d0   0x080000d0   0x00000004   Code   RO         2394    .ARM.Collect$$$$00002712  mc_p.l(entry2.o)
    0x080000d4   0x080000d4   0x0000001c   Code   RO            4    .text               startup_stm32c071xx.o
    0x080000f0   0x080000f0   0x00000030   Code   RO         2039    .text               mc_p.l(llmul.o)
    0x08000120   0x08000120   0x00000008   Code   RO         2041    .text               mc_p.l(ctype_o.o)
    0x08000128   0x08000128   0x0000000c   Code   RO         2069    .text               mc_p.l(toupper.o)
    0x08000134   0x08000134   0x00000024   Code   RO         2076    .text               mc_p.l(memcpya.o)
    0x08000158   0x08000158   0x00000024   Code   RO         2078    .text               mc_p.l(memseta.o)
    0x0800017c   0x0800017c   0x0000001a   Code   RO         2080    .text               mc_p.l(strncpy.o)
    0x08000196   0x08000196   0x00000014   Code   RO         2082    .text               mc_p.l(strchr.o)
    0x080001aa   0x080001aa   0x0000000e   Code   RO         2084    .text               mc_p.l(strlen.o)
    0x080001b8   0x080001b8   0x0000001c   Code   RO         2086    .text               mc_p.l(strcmp.o)
    0x080001d4   0x080001d4   0x0000001a   Code   RO         2088    .text               mc_p.l(memcmp.o)
    0x080001ee   0x080001ee   0x00000026   Code   RO         2092    .text               mc_p.l(strcasecmp.o)
    0x08000214   0x08000214   0x00000070   Code   RO         2355    .text               mc_p.l(strtol.o)
    0x08000284   0x08000284   0x0000001a   Code   RO         2357    .text               mc_p.l(atoi.o)
    0x0800029e   0x0800029e   0x0000001a   Code   RO         2359    .text               mc_p.l(atol.o)
    0x080002b8   0x080002b8   0x000000b2   Code   RO         2361    .text               mf_p.l(fadd.o)
    0x0800036a   0x0800036a   0x0000007a   Code   RO         2363    .text               mf_p.l(fmul.o)
    0x080003e4   0x080003e4   0x0000007c   Code   RO         2365    .text               mf_p.l(fdiv.o)
    0x08000460   0x08000460   0x000000d0   Code   RO         2367    .text               mf_p.l(dmul.o)
    0x08000530   0x08000530   0x000000f0   Code   RO         2369    .text               mf_p.l(ddiv.o)
    0x08000620   0x08000620   0x0000001c   Code   RO         2371    .text               mf_p.l(fcmplt.o)
    0x0800063c   0x0800063c   0x0000001c   Code   RO         2373    .text               mf_p.l(fcmpge.o)
    0x08000658   0x08000658   0x0000001c   Code   RO         2375    .text               mf_p.l(fcmpgt.o)
    0x08000674   0x08000674   0x00000016   Code   RO         2377    .text               mf_p.l(fflti.o)
    0x0800068a   0x0800068a   0x0000000e   Code   RO         2379    .text               mf_p.l(ffltui.o)
    0x08000698   0x08000698   0x0000002c   Code   RO         2381    .text               mf_p.l(dfltl.o)
    0x080006c4   0x080006c4   0x0000001c   Code   RO         2383    .text               mf_p.l(dfltul.o)
    0x080006e0   0x080006e0   0x00000032   Code   RO         2385    .text               mf_p.l(ffixi.o)
    0x08000712   0x08000712   0x00000040   Code   RO         2387    .text               mf_p.l(ffixl.o)
    0x08000752   0x08000752   0x00000028   Code   RO         2389    .text               mf_p.l(f2d.o)
    0x0800077a   0x0800077a   0x00000038   Code   RO         2391    .text               mf_p.l(d2f.o)
    0x080007b2   0x080007b2   0x0000003e   Code   RO         2411    .text               mc_p.l(uidiv_div0.o)
    0x080007f0   0x080007f0   0x00000060   Code   RO         2419    .text               mc_p.l(uldiv.o)
    0x08000850   0x08000850   0x00000020   Code   RO         2421    .text               mc_p.l(llshl.o)
    0x08000870   0x08000870   0x0000000c   Code   RO         2423    .text               mc_p.l(tolower.o)
    0x0800087c   0x0800087c   0x000000a6   Code   RO         2438    .text               mc_p.l(_strtoul.o)
    0x08000922   0x08000922   0x00000000   Code   RO         2440    .text               mc_p.l(iusefp.o)
    0x08000922   0x08000922   0x00000082   Code   RO         2441    .text               mf_p.l(fepilogue.o)
    0x080009a4   0x080009a4   0x00000058   Code   RO         2443    .text               mf_p.l(fsqrt.o)
    0x080009fc   0x080009fc   0x000000be   Code   RO         2445    .text               mf_p.l(depilogue.o)
    0x08000aba   0x08000aba   0x00000002   PAD
    0x08000abc   0x08000abc   0x00000164   Code   RO         2449    .text               mf_p.l(dadd.o)
    0x08000c20   0x08000c20   0x00000040   Code   RO         2451    .text               mf_p.l(dfixul.o)
    0x08000c60   0x08000c60   0x00000028   Code   RO         2453    .text               mf_p.l(cdrcmple.o)
    0x08000c88   0x08000c88   0x00000030   Code   RO         2455    .text               mc_p.l(init.o)
    0x08000cb8   0x08000cb8   0x00000022   Code   RO         2457    .text               mc_p.l(llushr.o)
    0x08000cda   0x08000cda   0x00000026   Code   RO         2459    .text               mc_p.l(llsshr.o)
    0x08000d00   0x08000d00   0x0000001e   Code   RO         2461    .text               mc_p.l(_chval.o)
    0x08000d1e   0x08000d1e   0x00000002   PAD
    0x08000d20   0x08000d20   0x000000d4   Code   RO          263    .text.ADC_Enable    stm32c0xx_hal_adc.o
    0x08000df4   0x08000df4   0x0000014c   Code   RO         1698    .text.ADS1232_ConvertToGrams  ads1232_driver.o
    0x08000f40   0x08000f40   0x00000038   Code   RO         1690    .text.ADS1232_Init  ads1232_driver.o
    0x08000f78   0x08000f78   0x00000140   Code   RO         1692    .text.ADS1232_Read  ads1232_driver.o
    0x080010b8   0x080010b8   0x00000042   Code   RO         1694    .text.ADS1232_Read_Median_of_3  ads1232_driver.o
    0x080010fa   0x080010fa   0x00000002   PAD
    0x080010fc   0x080010fc   0x00000174   Code   RO         1696    .text.ADS1232_Tare  ads1232_driver.o
    0x08001270   0x08001270   0x0000000c   Code   RO         1885    .text.Acao_Abrir_Funil  servo_controle.o
    0x0800127c   0x0800127c   0x00000002   Code   RO         1889    .text.Acao_Finalizar  servo_controle.o
    0x0800127e   0x0800127e   0x00000002   PAD
    0x08001280   0x08001280   0x00000010   Code   RO         1887    .text.Acao_Varrer_Scrap  servo_controle.o
    0x08001290   0x08001290   0x0000000c   Code   RO         1990    .text.App_Manager_GetFreqData  app_manager.o
    0x0800129c   0x0800129c   0x00000014   Code   RO         1988    .text.App_Manager_GetScaleData  app_manager.o
    0x080012b0   0x080012b0   0x00000008   Code   RO         1992    .text.App_Manager_GetTemperature  app_manager.o
    0x080012b8   0x080012b8   0x00000058   Code   RO         1986    .text.App_Manager_Handle_DateTime_Input  app_manager.o
    0x08001310   0x08001310   0x0000002c   Code   RO         1984    .text.App_Manager_Handle_New_Password  app_manager.o
    0x0800133c   0x0800133c   0x0000002e   Code   RO         1982    .text.App_Manager_Handle_Password_Input  app_manager.o
    0x0800136a   0x0800136a   0x00000002   PAD
    0x0800136c   0x0800136c   0x00000040   Code   RO         1980    .text.App_Manager_Handle_Start_Process  app_manager.o
    0x080013ac   0x080013ac   0x00000148   Code   RO         1976    .text.App_Manager_Init  app_manager.o
    0x080014f4   0x080014f4   0x00000074   Code   RO         1978    .text.App_Manager_Process  app_manager.o
    0x08001568   0x08001568   0x0000007c   Code   RO         1946    .text.Atualizar_Display_Grao  interface_usuario.o
    0x080015e4   0x080015e4   0x00000044   Code   RO         1902    .text.CLI_Init      cli_driver.o
    0x08001628   0x08001628   0x00000160   Code   RO         1904    .text.CLI_Process   cli_driver.o
    0x08001788   0x08001788   0x00000070   Code   RO         1906    .text.CLI_Receive_Char  cli_driver.o
    0x080017f8   0x080017f8   0x00000104   Code   RO         1823    .text.Carregar_Primeira_Config_Valida  gerenciador_configuracoes.o
    0x080018fc   0x080018fc   0x0000012c   Code   RO         1910    .text.Cmd_Dwin      cli_driver.o
    0x08001a28   0x08001a28   0x0000007c   Code   RO         1916    .text.Cmd_GetFreq   cli_driver.o
    0x08001aa4   0x08001aa4   0x000000d0   Code   RO         1912    .text.Cmd_GetPeso   cli_driver.o
    0x08001b74   0x08001b74   0x00000040   Code   RO         1914    .text.Cmd_GetTemp   cli_driver.o
    0x08001bb4   0x08001bb4   0x00000010   Code   RO         1908    .text.Cmd_Help      cli_driver.o
    0x08001bc4   0x08001bc4   0x00000020   Code   RO         1729    .text.DWIN_Driver_HandleRxEvent  dwin_driver.o
    0x08001be4   0x08001be4   0x0000001c   Code   RO         1715    .text.DWIN_Driver_Init  dwin_driver.o
    0x08001c00   0x08001c00   0x00000044   Code   RO         1717    .text.DWIN_Driver_Process  dwin_driver.o
    0x08001c44   0x08001c44   0x0000003c   Code   RO         1719    .text.DWIN_Driver_SetScreen  dwin_driver.o
    0x08001c80   0x08001c80   0x00000034   Code   RO         1721    .text.DWIN_Driver_WriteInt  dwin_driver.o
    0x08001cb4   0x08001cb4   0x0000003c   Code   RO         1723    .text.DWIN_Driver_WriteInt32  dwin_driver.o
    0x08001cf0   0x08001cf0   0x00000020   Code   RO         1727    .text.DWIN_Driver_WriteRawBytes  dwin_driver.o
    0x08001d10   0x08001d10   0x0000005c   Code   RO         1725    .text.DWIN_Driver_WriteString  dwin_driver.o
    0x08001d6c   0x08001d6c   0x00000008   Code   RO         1742    .text.EEPROM_Driver_Init  eeprom_driver.o
    0x08001d74   0x08001d74   0x00000020   Code   RO         1744    .text.EEPROM_Driver_IsReady  eeprom_driver.o
    0x08001d94   0x08001d94   0x00000034   Code   RO         1748    .text.EEPROM_Driver_Read  eeprom_driver.o
    0x08001dc8   0x08001dc8   0x00000074   Code   RO         1746    .text.EEPROM_Driver_Write  eeprom_driver.o
    0x08001e3c   0x08001e3c   0x00000004   Code   RO           15    .text.Error_Handler  main.o
    0x08001e40   0x08001e40   0x00000008   Code   RO         1763    .text.Frequency_Get_Pulse_Count  pcb_frequency.o
    0x08001e48   0x08001e48   0x0000000c   Code   RO         1759    .text.Frequency_Init  pcb_frequency.o
    0x08001e54   0x08001e54   0x00000010   Code   RO         1761    .text.Frequency_Reset  pcb_frequency.o
    0x08001e64   0x08001e64   0x00000278   Code   RO         1819    .text.Gerenciador_Config_Forcar_Restauracao_Padrao  gerenciador_configuracoes.o
    0x080020dc   0x080020dc   0x0000001c   Code   RO         1829    .text.Gerenciador_Config_Get_Dados_Grao  gerenciador_configuracoes.o
    0x080020f8   0x080020f8   0x00000048   Code   RO         1827    .text.Gerenciador_Config_Get_Indice_Idioma  gerenciador_configuracoes.o
    0x08002140   0x08002140   0x0000001e   Code   RO         1831    .text.Gerenciador_Config_Get_Senha  gerenciador_configuracoes.o
    0x0800215e   0x0800215e   0x00000002   PAD
    0x08002160   0x08002160   0x00000008   Code   RO         1813    .text.Gerenciador_Config_Init  gerenciador_configuracoes.o
    0x08002168   0x08002168   0x00000044   Code   RO         1821    .text.Gerenciador_Config_Set_Indice_Idioma  gerenciador_configuracoes.o
    0x080021ac   0x080021ac   0x00000058   Code   RO         1825    .text.Gerenciador_Config_Set_Senha  gerenciador_configuracoes.o
    0x08002204   0x08002204   0x00000148   Code   RO         1815    .text.Gerenciador_Config_Validar_e_Restaurar  gerenciador_configuracoes.o
    0x0800234c   0x0800234c   0x000002b8   Code   RO          301    .text.HAL_ADC_ConfigChannel  stm32c0xx_hal_adc.o
    0x08002604   0x08002604   0x00000006   Code   RO          285    .text.HAL_ADC_GetValue  stm32c0xx_hal_adc.o
    0x0800260a   0x0800260a   0x00000002   PAD
    0x0800260c   0x0800260c   0x0000024c   Code   RO          249    .text.HAL_ADC_Init  stm32c0xx_hal_adc.o
    0x08002858   0x08002858   0x00000054   Code   RO           36    .text.HAL_ADC_MspInit  adc.o
    0x080028ac   0x080028ac   0x000000e6   Code   RO          267    .text.HAL_ADC_PollForConversion  stm32c0xx_hal_adc.o
    0x08002992   0x08002992   0x00000002   PAD
    0x08002994   0x08002994   0x00000060   Code   RO          261    .text.HAL_ADC_Start  stm32c0xx_hal_adc.o
    0x080029f4   0x080029f4   0x000000b8   Code   RO          265    .text.HAL_ADC_Stop  stm32c0xx_hal_adc.o
    0x08002aac   0x08002aac   0x0000005c   Code   RO          714    .text.HAL_CRCEx_Polynomial_Set  stm32c0xx_hal_crc_ex.o
    0x08002b08   0x08002b08   0x0000024c   Code   RO          702    .text.HAL_CRC_Calculate  stm32c0xx_hal_crc.o
    0x08002d54   0x08002d54   0x0000007c   Code   RO          692    .text.HAL_CRC_Init  stm32c0xx_hal_crc.o
    0x08002dd0   0x08002dd0   0x00000030   Code   RO           51    .text.HAL_CRC_MspInit  crc.o
    0x08002e00   0x08002e00   0x00000070   Code   RO          349    .text.HAL_DMA_Abort  stm32c0xx_hal_dma.o
    0x08002e70   0x08002e70   0x0000007c   Code   RO          351    .text.HAL_DMA_Abort_IT  stm32c0xx_hal_dma.o
    0x08002eec   0x08002eec   0x00000024   Code   RO          205    .text.HAL_Delay     stm32c0xx_hal.o
    0x08002f10   0x08002f10   0x00000190   Code   RO          528    .text.HAL_GPIO_Init  stm32c0xx_hal_gpio.o
    0x080030a0   0x080030a0   0x0000000a   Code   RO          532    .text.HAL_GPIO_ReadPin  stm32c0xx_hal_gpio.o
    0x080030aa   0x080030aa   0x00000010   Code   RO          534    .text.HAL_GPIO_WritePin  stm32c0xx_hal_gpio.o
    0x080030ba   0x080030ba   0x00000002   PAD
    0x080030bc   0x080030bc   0x0000000c   Code   RO          197    .text.HAL_GetTick   stm32c0xx_hal.o
    0x080030c8   0x080030c8   0x00000042   Code   RO          882    .text.HAL_I2CEx_ConfigAnalogFilter  stm32c0xx_hal_i2c_ex.o
    0x0800310a   0x0800310a   0x00000042   Code   RO          884    .text.HAL_I2CEx_ConfigDigitalFilter  stm32c0xx_hal_i2c_ex.o
    0x0800314c   0x0800314c   0x000000b4   Code   RO          728    .text.HAL_I2C_Init  stm32c0xx_hal_i2c.o
    0x08003200   0x08003200   0x0000014c   Code   RO          802    .text.HAL_I2C_IsDeviceReady  stm32c0xx_hal_i2c.o
    0x0800334c   0x0800334c   0x00000234   Code   RO          788    .text.HAL_I2C_Mem_Read  stm32c0xx_hal_i2c.o
    0x08003580   0x08003580   0x00000234   Code   RO          786    .text.HAL_I2C_Mem_Write  stm32c0xx_hal_i2c.o
    0x080037b4   0x080037b4   0x00000088   Code   RO           66    .text.HAL_I2C_MspInit  i2c.o
    0x0800383c   0x0800383c   0x00000014   Code   RO          195    .text.HAL_IncTick   stm32c0xx_hal.o
    0x08003850   0x08003850   0x00000018   Code   RO          185    .text.HAL_Init      stm32c0xx_hal.o
    0x08003868   0x08003868   0x00000048   Code   RO          187    .text.HAL_InitTick  stm32c0xx_hal.o
    0x080038b0   0x080038b0   0x00000028   Code   RO          177    .text.HAL_MspInit   stm32c0xx_hal_msp.o
    0x080038d8   0x080038d8   0x00000018   Code   RO          626    .text.HAL_NVIC_EnableIRQ  stm32c0xx_hal_cortex.o
    0x080038f0   0x080038f0   0x00000038   Code   RO          624    .text.HAL_NVIC_SetPriority  stm32c0xx_hal_cortex.o
    0x08003928   0x08003928   0x00000024   Code   RO         1589    .text.HAL_PCDEx_ActivateLPM  stm32c0xx_hal_pcd_ex.o
    0x0800394c   0x0800394c   0x00000244   Code   RO         1505    .text.HAL_PCD_Init  stm32c0xx_hal_pcd.o
    0x08003b90   0x08003b90   0x00000054   Code   RO          137    .text.HAL_PCD_MspInit  usb.o
    0x08003be4   0x08003be4   0x00000144   Code   RO          429    .text.HAL_RCCEx_PeriphCLKConfig  stm32c0xx_hal_rcc_ex.o
    0x08003d28   0x08003d28   0x000001d8   Code   RO          395    .text.HAL_RCC_ClockConfig  stm32c0xx_hal_rcc.o
    0x08003f00   0x08003f00   0x00000090   Code   RO          403    .text.HAL_RCC_GetPCLK1Freq  stm32c0xx_hal_rcc.o
    0x08003f90   0x08003f90   0x00000070   Code   RO          397    .text.HAL_RCC_GetSysClockFreq  stm32c0xx_hal_rcc.o
    0x08004000   0x08004000   0x000002b8   Code   RO          393    .text.HAL_RCC_OscConfig  stm32c0xx_hal_rcc.o
    0x080042b8   0x080042b8   0x00000046   Code   RO          924    .text.HAL_RTC_GetDate  stm32c0xx_hal_rtc.o
    0x080042fe   0x080042fe   0x00000002   PAD
    0x08004300   0x08004300   0x00000058   Code   RO          918    .text.HAL_RTC_GetTime  stm32c0xx_hal_rtc.o
    0x08004358   0x08004358   0x000000d8   Code   RO          902    .text.HAL_RTC_Init  stm32c0xx_hal_rtc.o
    0x08004430   0x08004430   0x0000005c   Code   RO           81    .text.HAL_RTC_MspInit  rtc.o
    0x0800448c   0x0800448c   0x00000148   Code   RO          922    .text.HAL_RTC_SetDate  stm32c0xx_hal_rtc.o
    0x080045d4   0x080045d4   0x00000174   Code   RO          914    .text.HAL_RTC_SetTime  stm32c0xx_hal_rtc.o
    0x08004748   0x08004748   0x00000034   Code   RO          632    .text.HAL_SYSTICK_Config  stm32c0xx_hal_cortex.o
    0x0800477c   0x0800477c   0x000000bc   Code   RO         1287    .text.HAL_TIMEx_ConfigBreakDeadTime  stm32c0xx_hal_tim_ex.o
    0x08004838   0x08004838   0x00000060   Code   RO         1285    .text.HAL_TIMEx_MasterConfigSynchronization  stm32c0xx_hal_tim_ex.o
    0x08004898   0x08004898   0x000000dc   Code   RO          990    .text.HAL_TIM_Base_Init  stm32c0xx_hal_tim.o
    0x08004974   0x08004974   0x00000090   Code   RO          102    .text.HAL_TIM_Base_MspInit  tim.o
    0x08004a04   0x08004a04   0x00000054   Code   RO         1000    .text.HAL_TIM_Base_Start  stm32c0xx_hal_tim.o
    0x08004a58   0x08004a58   0x00000360   Code   RO         1144    .text.HAL_TIM_PWM_ConfigChannel  stm32c0xx_hal_tim.o
    0x08004db8   0x08004db8   0x000000e4   Code   RO         1044    .text.HAL_TIM_PWM_Init  stm32c0xx_hal_tim.o
    0x08004e9c   0x08004e9c   0x00000002   Code   RO         1046    .text.HAL_TIM_PWM_MspInit  stm32c0xx_hal_tim.o
    0x08004e9e   0x08004e9e   0x00000002   PAD
    0x08004ea0   0x08004ea0   0x000000d8   Code   RO         1052    .text.HAL_TIM_PWM_Start  stm32c0xx_hal_tim.o
    0x08004f78   0x08004f78   0x0000004c   Code   RO         1174    .text.HAL_TIM_SlaveConfigSynchro  stm32c0xx_hal_tim.o
    0x08004fc4   0x08004fc4   0x00000036   Code   RO         1482    .text.HAL_UARTEx_DisableFifoMode  stm32c0xx_hal_uart_ex.o
    0x08004ffa   0x08004ffa   0x00000068   Code   RO         1490    .text.HAL_UARTEx_ReceiveToIdle_IT  stm32c0xx_hal_uart_ex.o
    0x08005062   0x08005062   0x00000002   PAD
    0x08005064   0x08005064   0x00000018   Code   RO          164    .text.HAL_UARTEx_RxEventCallback  stm32c0xx_it.o
    0x0800507c   0x0800507c   0x00000002   Code   RO         1468    .text.HAL_UARTEx_RxFifoFullCallback  stm32c0xx_hal_uart_ex.o
    0x0800507e   0x0800507e   0x00000002   PAD
    0x08005080   0x08005080   0x00000080   Code   RO         1486    .text.HAL_UARTEx_SetRxFifoThreshold  stm32c0xx_hal_uart_ex.o
    0x08005100   0x08005100   0x00000088   Code   RO         1484    .text.HAL_UARTEx_SetTxFifoThreshold  stm32c0xx_hal_uart_ex.o
    0x08005188   0x08005188   0x00000002   Code   RO         1470    .text.HAL_UARTEx_TxFifoEmptyCallback  stm32c0xx_hal_uart_ex.o
    0x0800518a   0x0800518a   0x00000002   Code   RO         1466    .text.HAL_UARTEx_WakeupCallback  stm32c0xx_hal_uart_ex.o
    0x0800518c   0x0800518c   0x00000002   Code   RO         1409    .text.HAL_UART_ErrorCallback  stm32c0xx_hal_uart.o
    0x0800518e   0x0800518e   0x00000002   PAD
    0x08005190   0x08005190   0x00000480   Code   RO         1405    .text.HAL_UART_IRQHandler  stm32c0xx_hal_uart.o
    0x08005610   0x08005610   0x00000070   Code   RO         1321    .text.HAL_UART_Init  stm32c0xx_hal_uart.o
    0x08005680   0x08005680   0x000000c0   Code   RO          121    .text.HAL_UART_MspInit  usart.o
    0x08005740   0x08005740   0x00000066   Code   RO         1357    .text.HAL_UART_Receive_IT  stm32c0xx_hal_uart.o
    0x080057a6   0x080057a6   0x00000002   PAD
    0x080057a8   0x080057a8   0x0000002c   Code   RO          166    .text.HAL_UART_RxCpltCallback  stm32c0xx_it.o
    0x080057d4   0x080057d4   0x00000190   Code   RO         1341    .text.HAL_UART_Transmit  stm32c0xx_hal_uart.o
    0x08005964   0x08005964   0x00000002   Code   RO         1413    .text.HAL_UART_TxCpltCallback  stm32c0xx_hal_uart.o
    0x08005966   0x08005966   0x00000002   PAD
    0x08005968   0x08005968   0x00000098   Code   RO         1920    .text.Handle_Dwin_INT  cli_driver.o
    0x08005a00   0x08005a00   0x0000009c   Code   RO         1922    .text.Handle_Dwin_INT32  cli_driver.o
    0x08005a9c   0x08005a9c   0x00000060   Code   RO         1918    .text.Handle_Dwin_PIC  cli_driver.o
    0x08005afc   0x08005afc   0x0000019c   Code   RO         1924    .text.Handle_Dwin_RAW  cli_driver.o
    0x08005c98   0x08005c98   0x00000002   Code   RO          152    .text.HardFault_Handler  stm32c0xx_it.o
    0x08005c9a   0x08005c9a   0x00000002   PAD
    0x08005c9c   0x08005c9c   0x0000017c   Code   RO          872    .text.I2C_IsErrorOccurred  stm32c0xx_hal_i2c.o
    0x08005e18   0x08005e18   0x000000fa   Code   RO          738    .text.I2C_WaitOnFlagUntilTimeout  stm32c0xx_hal_i2c.o
    0x08005f12   0x08005f12   0x00000086   Code   RO          742    .text.I2C_WaitOnSTOPFlagUntilTimeout  stm32c0xx_hal_i2c.o
    0x08005f98   0x08005f98   0x000000a6   Code   RO          740    .text.I2C_WaitOnTXISFlagUntilTimeout  stm32c0xx_hal_i2c.o
    0x0800603e   0x0800603e   0x00000002   PAD
    0x08006040   0x08006040   0x00000074   Code   RO           34    .text.MX_ADC1_Init  adc.o
    0x080060b4   0x080060b4   0x0000002c   Code   RO           49    .text.MX_CRC_Init   crc.o
    0x080060e0   0x080060e0   0x00000120   Code   RO           26    .text.MX_GPIO_Init  gpio.o
    0x08006200   0x08006200   0x00000058   Code   RO           64    .text.MX_I2C1_Init  i2c.o
    0x08006258   0x08006258   0x0000007c   Code   RO           79    .text.MX_RTC_Init   rtc.o
    0x080062d4   0x080062d4   0x000000e0   Code   RO           96    .text.MX_TIM16_Init  tim.o
    0x080063b4   0x080063b4   0x000000f4   Code   RO          100    .text.MX_TIM17_Init  tim.o
    0x080064a8   0x080064a8   0x00000068   Code   RO           94    .text.MX_TIM2_Init  tim.o
    0x08006510   0x08006510   0x00000068   Code   RO          117    .text.MX_USART1_UART_Init  usart.o
    0x08006578   0x08006578   0x00000068   Code   RO          119    .text.MX_USART2_UART_Init  usart.o
    0x080065e0   0x080065e0   0x00000034   Code   RO          135    .text.MX_USB_PCD_Init  usb.o
    0x08006614   0x08006614   0x00000002   Code   RO          150    .text.NMI_Handler   stm32c0xx_it.o
    0x08006616   0x08006616   0x0000001a   Code   RO         1772    .text.PWM_Servo_Init  pwm_servo_driver.o
    0x08006630   0x08006630   0x0000008c   Code   RO         1774    .text.PWM_Servo_SetAngle  pwm_servo_driver.o
    0x080066bc   0x080066bc   0x00000002   Code   RO          156    .text.PendSV_Handler  stm32c0xx_it.o
    0x080066be   0x080066be   0x00000002   PAD
    0x080066c0   0x080066c0   0x00000028   Code   RO         1788    .text.RTC_Driver_GetDateTime  rtc_driver.o
    0x080066e8   0x080066e8   0x00000014   Code   RO         1786    .text.RTC_Driver_Init  rtc_driver.o
    0x080066fc   0x080066fc   0x0000002c   Code   RO         1790    .text.RTC_Driver_SetDateTime  rtc_driver.o
    0x08006728   0x08006728   0x0000009c   Code   RO          908    .text.RTC_ExitInitMode  stm32c0xx_hal_rtc.o
    0x080067c4   0x080067c4   0x00000020   Code   RO         2005    .text.Retarget_Init  retarget.o
    0x080067e4   0x080067e4   0x00000002   Code   RO          154    .text.SVC_Handler   stm32c0xx_it.o
    0x080067e6   0x080067e6   0x00000002   PAD
    0x080067e8   0x080067e8   0x00000144   Code   RO         1817    .text.Salvar_Configuracao_Completa  gerenciador_configuracoes.o
    0x0800692c   0x0800692c   0x000000c4   Code   RO         1861    .text.ScaleFilter_Init  scale_filter.o
    0x080069f0   0x080069f0   0x00000434   Code   RO         1867    .text.ScaleFilter_Push  scale_filter.o
    0x08006e24   0x08006e24   0x00000018   Code   RO         1879    .text.Servos_Init   servo_controle.o
    0x08006e3c   0x08006e3c   0x00000070   Code   RO         1881    .text.Servos_Process  servo_controle.o
    0x08006eac   0x08006eac   0x00000020   Code   RO         1883    .text.Servos_Start_Sequence  servo_controle.o
    0x08006ecc   0x08006ecc   0x0000002c   Code   RO         1877    .text.Servos_Tick_ms  servo_controle.o
    0x08006ef8   0x08006ef8   0x0000000c   Code   RO          158    .text.SysTick_Handler  stm32c0xx_it.o
    0x08006f04   0x08006f04   0x00000010   Code   RO         1675    .text.SystemInit    system_stm32c0xx.o
    0x08006f14   0x08006f14   0x000000c8   Code   RO         1176    .text.TIM_SlaveTimer_SetConfig  stm32c0xx_hal_tim.o
    0x08006fdc   0x08006fdc   0x000000c8   Code   RO         1804    .text.TempSensor_GetTemperature  temp_sensor.o
    0x080070a4   0x080070a4   0x00000368   Code   RO         1942    .text.Tratar_Frame_Dwin  interface_usuario.o
    0x0800740c   0x0800740c   0x000000d2   Code   RO         1325    .text.UART_AdvFeatureConfig  stm32c0xx_hal_uart.o
    0x080074de   0x080074de   0x00000002   PAD
    0x080074e0   0x080074e0   0x000000d0   Code   RO         1329    .text.UART_CheckIdleState  stm32c0xx_hal_uart.o
    0x080075b0   0x080075b0   0x00000010   Code   RO         1407    .text.UART_DMAAbortOnError  stm32c0xx_hal_uart.o
    0x080075c0   0x080075c0   0x000000d0   Code   RO         1447    .text.UART_RxISR_16BIT  stm32c0xx_hal_uart.o
    0x08007690   0x08007690   0x00000294   Code   RO         1443    .text.UART_RxISR_16BIT_FIFOEN  stm32c0xx_hal_uart.o
    0x08007924   0x08007924   0x000000d2   Code   RO         1449    .text.UART_RxISR_8BIT  stm32c0xx_hal_uart.o
    0x080079f6   0x080079f6   0x00000002   PAD
    0x080079f8   0x080079f8   0x000001d4   Code   RO         1445    .text.UART_RxISR_8BIT_FIFOEN  stm32c0xx_hal_uart.o
    0x08007bcc   0x08007bcc   0x00000184   Code   RO         1327    .text.UART_SetConfig  stm32c0xx_hal_uart.o
    0x08007d50   0x08007d50   0x0000013c   Code   RO         1359    .text.UART_Start_Receive_IT  stm32c0xx_hal_uart.o
    0x08007e8c   0x08007e8c   0x000001c4   Code   RO         1343    .text.UART_WaitOnFlagUntilTimeout  stm32c0xx_hal_uart.o
    0x08008050   0x08008050   0x0000001c   Code   RO         1940    .text.UI_Init       interface_usuario.o
    0x0800806c   0x0800806c   0x00000020   Code   RO         1952    .text.UI_On_Auth_Failure  interface_usuario.o
    0x0800808c   0x0800808c   0x0000001c   Code   RO         1950    .text.UI_On_Auth_Success  interface_usuario.o
    0x080080a8   0x080080a8   0x0000014c   Code   RO         1944    .text.UI_Process    interface_usuario.o
    0x080081f4   0x080081f4   0x00000088   Code   RO         1948    .text.UI_Update_Periodic  interface_usuario.o
    0x0800827c   0x0800827c   0x0000000c   Code   RO          160    .text.USART1_IRQHandler  stm32c0xx_it.o
    0x08008288   0x08008288   0x0000000c   Code   RO          162    .text.USART2_IRQHandler  stm32c0xx_it.o
    0x08008294   0x08008294   0x0000001a   Code   RO         1611    .text.USB_DevInit   stm32c0xx_ll_usb.o
    0x080082ae   0x080082ae   0x00000002   PAD
    0x080082b0   0x080082b0   0x00000010   Code   RO         1607    .text.USB_DisableGlobalInt  stm32c0xx_ll_usb.o
    0x080082c0   0x080082c0   0x00000038   Code   RO         2007    .text.fputc         retarget.o
    0x080082f8   0x080082f8   0x000000d0   Code   RO           11    .text.main          main.o
    0x080083c8   0x080083c8   0x00000020   Code   RO         2327    i.__0printf         mc_p.l(printfa.o)
    0x080083e8   0x080083e8   0x0000002e   Code   RO         2447    i.__ARM_clz         mf_p.l(depilogue.o)
    0x08008416   0x08008416   0x00000002   PAD
    0x08008418   0x08008418   0x00000008   Code   RO         2431    i.__aeabi_errno_addr  mc_p.l(errno.o)
    0x08008420   0x08008420   0x0000000e   Code   RO         2465    i.__scatterload_copy  mc_p.l(handlers.o)
    0x0800842e   0x0800842e   0x00000002   Code   RO         2466    i.__scatterload_null  mc_p.l(handlers.o)
    0x08008430   0x08008430   0x0000000e   Code   RO         2467    i.__scatterload_zeroinit  mc_p.l(handlers.o)
    0x0800843e   0x0800843e   0x00000002   PAD
    0x08008440   0x08008440   0x0000000c   Code   RO         2433    i.__set_errno       mc_p.l(errno.o)
    0x0800844c   0x0800844c   0x00000174   Code   RO         2334    i._fp_digits        mc_p.l(printfa.o)
    0x080085c0   0x080085c0   0x000006ec   Code   RO         2335    i._printf_core      mc_p.l(printfa.o)
    0x08008cac   0x08008cac   0x00000020   Code   RO         2336    i._printf_post_padding  mc_p.l(printfa.o)
    0x08008ccc   0x08008ccc   0x0000002c   Code   RO         2337    i._printf_pre_padding  mc_p.l(printfa.o)
    0x08008cf8   0x08008cf8   0x00000020   Code   RO         2026    i.puts              mc_p.l(puts.o)
    0x08008d18   0x08008d18   0x0000002c   Code   RO         2020    i.sqrtf             m_ps.l(sqrtf.o)
    0x08008d44   0x08008d44   0x00000081   Data   RO         2042    .constdata          mc_p.l(ctype_o.o)
    0x08008dc5   0x08008dc5   0x00000003   PAD
    0x08008dc8   0x08008dc8   0x00000004   Data   RO         2043    .constdata          mc_p.l(ctype_o.o)
    0x08008dcc   0x08008dcc   0x0000000c   Data   RO         1844    .rodata..L__const.Salvar_Configuracao_Completa.names  gerenciador_configuracoes.o
    0x08008dd8   0x08008dd8   0x00000040   Data   RO         1680    .rodata.AHBPrescTable  system_stm32c0xx.o
    0x08008e18   0x08008e18   0x00000020   Data   RO         1681    .rodata.APBPrescTable  system_stm32c0xx.o
    0x08008e38   0x08008e38   0x00000008   Data   RO         1965    .rodata.CMD_AJUSTAR_BACKLIGHT_10  interface_usuario.o
    0x08008e40   0x08008e40   0x00000008   Data   RO         1963    .rodata.CMD_AJUSTAR_BACKLIGHT_100  interface_usuario.o
    0x08008e48   0x08008e48   0x00000009   Data   RO         1966    .rodata.CMD_INICIAR_PROCESSO  interface_usuario.o
    0x08008e51   0x08008e51   0x00000009   Data   RO         1962    .rodata.CMD_PEDIDO_BACKLIGHT_OFF  interface_usuario.o
    0x08008e5a   0x08008e5a   0x00000009   Data   RO         1964    .rodata.CMD_PEDIDO_BACKLIGHT_ON  interface_usuario.o
    0x08008e63   0x08008e63   0x00000001   PAD
    0x08008e64   0x08008e64   0x000001c0   Data   RO         1855    .rodata.Produto     gxxx_equacoes.o
    0x08009024   0x08009024   0x00000006   Data   RO         1961    .rodata.RESPOSTA_OK_DWIN  interface_usuario.o
    0x0800902a   0x0800902a   0x00000018   Data   RO         1455    .rodata.UARTPrescTable  stm32c0xx_hal_uart.o
    0x08009042   0x08009042   0x00000010   Data   RO         1496    .rodata.cst8        stm32c0xx_hal_uart_ex.o
    0x08009052   0x08009052   0x00000002   PAD
    0x08009054   0x08009054   0x00000030   Data   RO         1929    .rodata.s_command_table  cli_driver.o
    0x08009084   0x08009084   0x00000020   Data   RO         1930    .rodata.s_dwin_table  cli_driver.o
    0x080090a4   0x080090a4   0x00000050   Data   RO         1891    .rodata.s_fluxo_processo  servo_controle.o
    0x080090f4   0x080090f4   0x00000021   Data   RO         1705    .rodata.str1.1      ads1232_driver.o
    0x08009115   0x08009115   0x0000013f   Data   RO         1843    .rodata.str1.1      gerenciador_configuracoes.o
    0x08009254   0x08009254   0x00000297   Data   RO         1854    .rodata.str1.1      gxxx_equacoes.o
    0x080094eb   0x080094eb   0x000002c5   Data   RO         1928    .rodata.str1.1      cli_driver.o
    0x080097b0   0x080097b0   0x0000000c   Data   RO         1959    .rodata.str1.1      interface_usuario.o
    0x080097bc   0x080097bc   0x0000015e   Data   RO         1994    .rodata.str1.1      app_manager.o
    0x0800991a   0x0800991a   0x00000002   PAD
    0x0800991c   0x0800991c   0x00000020   Data   RO         2464    Region$$Table       anon$$obj.o


    Execution Region RW_IRAM1 (Exec base: 0x20000000, Load base: 0x08009940, Size: 0x000010e8, Max: 0x00006000, ABSOLUTE)

    Exec Addr    Load Addr    Size         Type   Attr      Idx    E Section Name        Object

    0x20000000   0x08009940   0x00000004   Data   RW         2032    .data               mc_p.l(stdout.o)
    0x20000004   0x08009944   0x00000004   Data   RW         2434    .data               mc_p.l(errno.o)
    0x20000008   0x08009948   0x00000008   Data   RW          240    .data..L_MergedGlobals  stm32c0xx_hal.o
    0x20000010   0x08009950   0x0000001c   Data   RW         1892    .data..L_MergedGlobals  servo_controle.o
    0x2000002c   0x0800996c   0x00000004   Data   RW         1679    .data.SystemCoreClock  system_stm32c0xx.o
    0x20000030   0x08009970   0x00000020   Data   RW         1704    .data.cal_points    ads1232_driver.o
    0x20000050        -       0x00000008   Zero   RW         1706    .bss..L_MergedGlobals  ads1232_driver.o
    0x20000058        -       0x0000004c   Zero   RW         1733    .bss..L_MergedGlobals  dwin_driver.o
    0x200000a4        -       0x00000004   Zero   RW         1931    .bss..L_MergedGlobals  cli_driver.o
    0x200000a8        -       0x00000008   Zero   RW         1967    .bss..L_MergedGlobals  interface_usuario.o
    0x200000b0        -       0x00000028   Zero   RW         1996    .bss..L_MergedGlobals  app_manager.o
    0x200000d8        -       0x0000000c   Zero   RW         2011    .bss..L_MergedGlobals  retarget.o
    0x200000e4        -       0x0000000c   Zero   RW         1893    .bss..L_MergedGlobals.1  servo_controle.o
    0x200000f0        -       0x00000114   Zero   RW         1839    .bss.Gerenciador_Config_Forcar_Restauracao_Padrao.config_padrao  gerenciador_configuracoes.o
    0x20000204        -       0x00000114   Zero   RW         1841    .bss.Gerenciador_Config_Set_Indice_Idioma.config_temp  gerenciador_configuracoes.o
    0x20000318        -       0x00000114   Zero   RW         1842    .bss.Gerenciador_Config_Set_Senha.config_temp  gerenciador_configuracoes.o
    0x2000042c        -       0x00000114   Zero   RW         1838    .bss.Gerenciador_Config_Validar_e_Restaurar.config_temp  gerenciador_configuracoes.o
    0x20000540        -       0x00000004   Zero   RW         1958    .bss.UI_Update_Periodic.s_contador_tick_temperatura  interface_usuario.o
    0x20000544        -       0x00000001   Zero   RW          168    .bss.cli_rx_buffer  stm32c0xx_it.o
    0x20000545   0x08009990   0x00000003   PAD
    0x20000548        -       0x00000064   Zero   RW           40    .bss.hadc1          adc.o
    0x200005ac        -       0x00000024   Zero   RW           55    .bss.hcrc           crc.o
    0x200005d0        -       0x00000054   Zero   RW           70    .bss.hi2c1          i2c.o
    0x20000624        -       0x000002e0   Zero   RW          141    .bss.hpcd_USB_DRD_FS  usb.o
    0x20000904        -       0x00000028   Zero   RW           85    .bss.hrtc           rtc.o
    0x2000092c        -       0x0000004c   Zero   RW          107    .bss.htim16         tim.o
    0x20000978        -       0x0000004c   Zero   RW          108    .bss.htim17         tim.o
    0x200009c4        -       0x0000004c   Zero   RW          106    .bss.htim2          tim.o
    0x20000a10        -       0x00000094   Zero   RW          125    .bss.huart1         usart.o
    0x20000aa4        -       0x00000094   Zero   RW          126    .bss.huart2         usart.o
    0x20000b38        -       0x00000080   Zero   RW         1927    .bss.s_cli_buffer   cli_driver.o
    0x20000bb8        -       0x00000004   Zero   RW         1837    .bss.s_crc_handle   gerenciador_configuracoes.o
    0x20000bbc        -       0x00000004   Zero   RW         1926    .bss.s_huart_debug  cli_driver.o
    0x20000bc0        -       0x00000004   Zero   RW         1750    .bss.s_i2c_handle   eeprom_driver.o
    0x20000bc4        -       0x0000011c   Zero   RW         1995    .bss.s_scale_filter  app_manager.o
    0x20000ce0        -       0x00000004   Zero   RW          239    .bss.uwTick         stm32c0xx_hal.o
    0x20000ce4   0x08009990   0x00000004   PAD
    0x20000ce8        -       0x00000400   Zero   RW            1    STACK               startup_stm32c071xx.o


==============================================================================

Image component sizes


      Code (inc. data)   RO Data    RW Data    ZI Data      Debug   Object Name

       200         20          0          0        100       5448   adc.o
      1146        160         33         32          8       6648   ads1232_driver.o
       726        300        350          0        324       5440   app_manager.o
      2060        808        789          0        136      11156   cli_driver.o
        92         16          0          0         36       2786   crc.o
       424          4          0          0         76       6837   dwin_driver.o
       208          4          0          0          4       5015   eeprom_driver.o
      1838        404        331          0       1108       9045   gerenciador_configuracoes.o
       288          8          0          0          0       2131   gpio.o
         0          0       1111          0          0       1335   gxxx_equacoes.o
       224         24          0          0         84       5878   i2c.o
      1552        312         61          0         12       8994   interface_usuario.o
       212         20          0          0          0       3426   main.o
        36          4          0          0          0       1784   pcb_frequency.o
       166         24          0          0          0       5407   pwm_servo_driver.o
        88         12          0          0         12       5066   retarget.o
       216         20          0          0         40       4218   rtc.o
       104          4          0          0          0       4138   rtc_driver.o
      1272         28          0          0          0       8049   scale_filter.o
       242         24         80         28         12       6428   servo_controle.o
        28          8        192          0       1024        636   startup_stm32c071xx.o
       164         20          0          8          4       6741   stm32c0xx_hal.o
      2012         80          0          0          0      23404   stm32c0xx_hal_adc.o
       132         24          0          0          0       6941   stm32c0xx_hal_cortex.o
       712          8          0          0          0       7874   stm32c0xx_hal_crc.o
        92         16          0          0          0       2733   stm32c0xx_hal_crc_ex.o
       236          8          0          0          0       9355   stm32c0xx_hal_dma.o
       426         16          0          0          0       5169   stm32c0xx_hal_gpio.o
      2570         56          0          0          0      69293   stm32c0xx_hal_i2c.o
       132          0          0          0          0       6039   stm32c0xx_hal_i2c_ex.o
        40          0          0          0          0       1352   stm32c0xx_hal_msp.o
       580          0          0          0          0      17579   stm32c0xx_hal_pcd.o
        36          0          0          0          0       5715   stm32c0xx_hal_pcd_ex.o
      1424         64          0          0          0       8579   stm32c0xx_hal_rcc.o
       324          8          0          0          0       7711   stm32c0xx_hal_rcc_ex.o
      1230         24          0          0          0      14806   stm32c0xx_hal_rtc.o
      1890        106          0          0          0      71100   stm32c0xx_hal_tim.o
       284         32          0          0          0      27475   stm32c0xx_hal_tim_ex.o
      4906        128         24          0          0      50343   stm32c0xx_hal_uart.o
       428          8         16          0          0      12232   stm32c0xx_hal_uart_ex.o
       112         16          0          0          1       4914   stm32c0xx_it.o
        42          4          0          0          0      37027   stm32c0xx_ll_usb.o
        16          4         96          4          0       2124   system_stm32c0xx.o
       200         32          0          0          0       1778   temp_sensor.o
       716         44          0          0        228       9493   tim.o
       400         24          0          0        296       7030   usart.o
       136         16          0          0        736       4607   usb.o

    ----------------------------------------------------------------------
     30404       2942       3120         72       4248     531279   Object Totals
         0          0         32          0          0          0   (incl. Generated)
        42          0          5          0          7          0   (incl. Padding)

    ----------------------------------------------------------------------

      Code (inc. data)   RO Data    RW Data    ZI Data      Debug   Library Member Name

        44          0          0          0          0         72   sqrtf.o
        30          0          0          0          0         60   _chval.o
       166          0          0          0          0         84   _strtoul.o
        26          0          0          0          0         72   atoi.o
        26          0          0          0          0         72   atol.o
         8          4        133          0          0         60   ctype_o.o
         0          0          0          0          0          0   entry.o
         0          0          0          0          0          0   entry10a.o
         0          0          0          0          0          0   entry11a.o
         8          4          0          0          0          0   entry2.o
         4          0          0          0          0          0   entry5.o
         0          0          0          0          0          0   entry7b.o
         0          0          0          0          0          0   entry8b.o
         8          4          0          0          0          0   entry9a.o
        20         10          0          4          0        120   errno.o
        30          0          0          0          0          0   handlers.o
        48         10          0          0          0         68   init.o
         0          0          0          0          0          0   iusefp.o
        48          0          0          0          0         72   llmul.o
        32          0          0          0          0         68   llshl.o
        38          0          0          0          0         68   llsshr.o
        34          0          0          0          0         68   llushr.o
        26          0          0          0          0         72   memcmp.o
        36          0          0          0          0         60   memcpya.o
        36          0          0          0          0        100   memseta.o
      2252         98          0          0          0        412   printfa.o
        32          4          0          0          0         68   puts.o
         0          0          0          4          0          0   stdout.o
        38          0          0          0          0         76   strcasecmp.o
        20          0          0          0          0         60   strchr.o
        28          0          0          0          0         68   strcmp.o
        14          0          0          0          0         60   strlen.o
        26          0          0          0          0         68   strncpy.o
       112          4          0          0          0         76   strtol.o
        12          0          0          0          0         60   tolower.o
        12          0          0          0          0         60   toupper.o
        62          0          0          0          0         72   uidiv_div0.o
        96          0          0          0          0         84   uldiv.o
        40          2          0          0          0         68   cdrcmple.o
        56          0          0          0          0         68   d2f.o
       356          4          0          0          0        140   dadd.o
       240          6          0          0          0         84   ddiv.o
       236          0          0          0          0        216   depilogue.o
        64         10          0          0          0         68   dfixul.o
        44          6          0          0          0         72   dfltl.o
        28          6          0          0          0         68   dfltul.o
       208          6          0          0          0         88   dmul.o
        40          0          0          0          0         60   f2d.o
       178          0          0          0          0        108   fadd.o
        28          0          0          0          0         60   fcmpge.o
        28          0          0          0          0         60   fcmpgt.o
        28          0          0          0          0         60   fcmplt.o
       124          0          0          0          0         72   fdiv.o
       130          0          0          0          0        144   fepilogue.o
        50          0          0          0          0         60   ffixi.o
        64          0          0          0          0         68   ffixl.o
        22          0          0          0          0         68   fflti.o
        14          0          0          0          0         68   ffltui.o
       122          0          0          0          0         72   fmul.o
        88          0          0          0          0         72   fsqrt.o

    ----------------------------------------------------------------------
      5568        178        136          8          0       4124   Library Totals
         8          0          3          0          0          0   (incl. Padding)

    ----------------------------------------------------------------------

      Code (inc. data)   RO Data    RW Data    ZI Data      Debug   Library Name

        44          0          0          0          0         72   m_ps.l
      3328        138        133          8          0       2208   mc_p.l
      2188         40          0          0          0       1844   mf_p.l

    ----------------------------------------------------------------------
      5568        178        136          8          0       4124   Library Totals

    ----------------------------------------------------------------------

==============================================================================


      Code (inc. data)   RO Data    RW Data    ZI Data      Debug   

     35972       3120       3256         80       4248     532423   Grand Totals
     35972       3120       3256         80       4248     532423   ELF Image Totals
     35972       3120       3256         80          0          0   ROM Totals

==============================================================================

    Total RO  Size (Code + RO Data)                39228 (  38.31kB)
    Total RW  Size (RW Data + ZI Data)              4328 (   4.23kB)
    Total ROM Size (Code + RO Data + RW Data)      39308 (  38.39kB)

==============================================================================

